 feedback_plant_sfun

 Timestamp is 57b2e022 (Tue Aug 16 11:42:58 2016)

 Preferred load address is 0000000180000000

 Start         Length     Name                   Class
 0001:00000000 0001986eH .text                   CODE
 0001:00019870 0000007bH .text$x                 CODE
 0002:00000000 00000490H .idata$5                DATA
 0002:00000490 00000008H .CRT$XCA                DATA
 0002:00000498 00000008H .CRT$XCZ                DATA
 0002:000004a0 00000008H .CRT$XIA                DATA
 0002:000004a8 00000008H .CRT$XIAA               DATA
 0002:000004b0 00000008H .CRT$XIC                DATA
 0002:000004b8 00000008H .CRT$XIZ                DATA
 0002:000004c0 00000750H .rdata                  DATA
 0002:00000c10 00000008H .rtc$IAA                DATA
 0002:00000c18 00000008H .rtc$IZZ                DATA
 0002:00000c20 00000008H .rtc$TAA                DATA
 0002:00000c28 00000008H .rtc$TZZ                DATA
 0002:00000c30 00000b68H .xdata                  DATA
 0002:00001798 00000078H .idata$2                DATA
 0002:00001810 00000014H .idata$3                DATA
 0002:00001828 00000490H .idata$4                DATA
 0002:00001cb8 00000d1cH .idata$6                DATA
 0002:000029e0 00000059H .edata                  DATA
 0003:00000000 00002d74H .data                   DATA
 0003:00002d80 000006d8H .bss                    DATA
 0004:00000000 00000d8cH .pdata                  DATA

  Address         Publics by Value              Rva+Base               Lib:Object

 0000:00000000       ___safe_se_handler_count   0000000000000000     <absolute>
 0000:00000000       ___safe_se_handler_table   0000000000000000     <absolute>
 0000:00000000       __ImageBase                0000000180000000     <linker-defined>
 0001:00000000       feedback_plant_initializer 0000000180001000 f   feedback_plant_sfun.obj
 0001:00000010       feedback_plant_terminator  0000000180001010 f   feedback_plant_sfun.obj
 0001:00000020       load_feedback_plant_optimization_info 0000000180001020 f   feedback_plant_sfun.obj
 0001:000000d0       unload_feedback_plant_optimization_info 00000001800010d0 f   feedback_plant_sfun.obj
 0001:00000100       sf_feedback_plant_method_dispatcher 0000000180001100 f   feedback_plant_sfun.obj
 0001:00000190       sf_feedback_plant_process_testpoint_info_call 0000000180001190 f   feedback_plant_sfun.obj
 0001:00000350       sf_feedback_plant_process_check_sum_call 0000000180001350 f   feedback_plant_sfun.obj
 0001:00000930       sf_feedback_plant_autoinheritance_info 0000000180001930 f   feedback_plant_sfun.obj
 0001:00000be0       sf_feedback_plant_get_eml_resolved_functions_info 0000000180001be0 f   feedback_plant_sfun.obj
 0001:00000de0       sf_feedback_plant_third_party_uses_info 0000000180001de0 f   feedback_plant_sfun.obj
 0001:00001020       sf_feedback_plant_jit_fallback_info 0000000180002020 f   feedback_plant_sfun.obj
 0001:00001260       sf_feedback_plant_updateBuildInfo_args_info 0000000180002260 f   feedback_plant_sfun.obj
 0001:000014a0       feedback_plant_debug_initialize 00000001800024a0 f   feedback_plant_sfun.obj
 0001:00001520       feedback_plant_register_exported_symbols 0000000180002520 f   feedback_plant_sfun.obj
 0001:00001530       sf_c1_feedback_plant_get_eml_resolved_functions_info 0000000180002530 f   c1_feedback_plant.obj
 0001:000015b0       sf_c1_feedback_plant_get_check_sum 00000001800025b0 f   c1_feedback_plant.obj
 0001:00001680       c1_feedback_plant_method_dispatcher 0000000180002680 f   c1_feedback_plant.obj
 0001:00003fe0       sf_c1_feedback_plant_get_post_codegen_info 0000000180004fe0 f   c1_feedback_plant.obj
 0001:000040b0       sf_c1_feedback_plant_get_autoinheritance_info 00000001800050b0 f   c1_feedback_plant.obj
 0001:00004b80       sf_c1_feedback_plant_third_party_uses_info 0000000180005b80 f   c1_feedback_plant.obj
 0001:00004bb0       sf_c1_feedback_plant_jit_fallback_info 0000000180005bb0 f   c1_feedback_plant.obj
 0001:00004d20       sf_c1_feedback_plant_updateBuildInfo_args_info 0000000180005d20 f   c1_feedback_plant.obj
 0001:000059a0       sf_c18_feedback_plant_get_eml_resolved_functions_info 00000001800069a0 f   c18_feedback_plant.obj
 0001:00005a20       sf_c18_feedback_plant_get_check_sum 0000000180006a20 f   c18_feedback_plant.obj
 0001:00005af0       c18_feedback_plant_method_dispatcher 0000000180006af0 f   c18_feedback_plant.obj
 0001:0000a240       sf_c18_feedback_plant_get_post_codegen_info 000000018000b240 f   c18_feedback_plant.obj
 0001:0000a310       sf_c18_feedback_plant_get_autoinheritance_info 000000018000b310 f   c18_feedback_plant.obj
 0001:0000a8c0       sf_c18_feedback_plant_third_party_uses_info 000000018000b8c0 f   c18_feedback_plant.obj
 0001:0000a8f0       sf_c18_feedback_plant_jit_fallback_info 000000018000b8f0 f   c18_feedback_plant.obj
 0001:0000aa60       sf_c18_feedback_plant_updateBuildInfo_args_info 000000018000ba60 f   c18_feedback_plant.obj
 0001:0000b6a0       sf_c19_feedback_plant_get_eml_resolved_functions_info 000000018000c6a0 f   c19_feedback_plant.obj
 0001:0000b720       sf_c19_feedback_plant_get_check_sum 000000018000c720 f   c19_feedback_plant.obj
 0001:0000b7f0       c19_feedback_plant_method_dispatcher 000000018000c7f0 f   c19_feedback_plant.obj
 0001:0000fd90       sf_c19_feedback_plant_get_post_codegen_info 0000000180010d90 f   c19_feedback_plant.obj
 0001:0000fe60       sf_c19_feedback_plant_get_autoinheritance_info 0000000180010e60 f   c19_feedback_plant.obj
 0001:00010410       sf_c19_feedback_plant_third_party_uses_info 0000000180011410 f   c19_feedback_plant.obj
 0001:00010440       sf_c19_feedback_plant_jit_fallback_info 0000000180011440 f   c19_feedback_plant.obj
 0001:000105b0       sf_c19_feedback_plant_updateBuildInfo_args_info 00000001800115b0 f   c19_feedback_plant.obj
 0001:000111f0       mexFunction                00000001800121f0 f   feedback_plant_sfun_registry.obj
 0001:000125c0       _ssSetInputPortDirectFeedThroughFcn 00000001800135c0 f   feedback_plant_sfun_registry.obj
 0001:00012770       _ssGetInputPortSignalPtrsFcn 0000000180013770 f   feedback_plant_sfun_registry.obj
 0001:00012a40       _ssGetInputPortSignalFcn   0000000180013a40 f   feedback_plant_sfun_registry.obj
 0001:00012d10       _ssSetInputPortReusableFcn 0000000180013d10 f   feedback_plant_sfun_registry.obj
 0001:00012df0       _ssSetOutputPortReusableFcn 0000000180013df0 f   feedback_plant_sfun_registry.obj
 0001:00012ed0       _ssSetSymbolicDimsSupport  0000000180013ed0 f   feedback_plant_sfun_registry.obj
 0001:00012f40       _ssRegisterSymbolicDimsExpr 0000000180013f40 f   feedback_plant_sfun_registry.obj
 0001:00012fc0       _ssRegisterSymbolicDims    0000000180013fc0 f   feedback_plant_sfun_registry.obj
 0001:00013060       _ssRegisterSymbolicDimsString 0000000180014060 f   feedback_plant_sfun_registry.obj
 0001:000130e0       _ssRegisterSymbolicDimsIntValue 00000001800140e0 f   feedback_plant_sfun_registry.obj
 0001:00013150       _ssRegisterSymbolicDimsPlus 0000000180014150 f   feedback_plant_sfun_registry.obj
 0001:000131d0       _ssRegisterSymbolicDimsMinus 00000001800141d0 f   feedback_plant_sfun_registry.obj
 0001:00013250       _ssRegisterSymbolicDimsMultiply 0000000180014250 f   feedback_plant_sfun_registry.obj
 0001:000132d0       _ssRegisterSymbolicDimsDivide 00000001800142d0 f   feedback_plant_sfun_registry.obj
 0001:00013350       _ssGetNumSymbolicDims      0000000180014350 f   feedback_plant_sfun_registry.obj
 0001:000133c0       _ssGetSymbolicDim          00000001800143c0 f   feedback_plant_sfun_registry.obj
 0001:00013440       _ssSetInputPortSymbolicDimsId 0000000180014440 f   feedback_plant_sfun_registry.obj
 0001:000134b0       _ssGetCompInputPortSymbolicDimsId 00000001800144b0 f   feedback_plant_sfun_registry.obj
 0001:00013520       _ssSetCompInputPortSymbolicDimsId 0000000180014520 f   feedback_plant_sfun_registry.obj
 0001:00013590       _ssSetOutputPortSymbolicDimsId 0000000180014590 f   feedback_plant_sfun_registry.obj
 0001:00013600       _ssGetCompOutputPortSymbolicDimsId 0000000180014600 f   feedback_plant_sfun_registry.obj
 0001:00013670       _ssSetCompOutputPortSymbolicDimsId 0000000180014670 f   feedback_plant_sfun_registry.obj
 0001:000136e0       _ssSetCompDWorkSymbolicDimsId 00000001800146e0 f   feedback_plant_sfun_registry.obj
 0001:00013750       ssGetIsZeroCrossControlDisabled 0000000180014750 f   feedback_plant_sfun_registry.obj
 0001:000137c0       ssSetIsInputPortUsedForContZcSignal 00000001800147c0 f   feedback_plant_sfun_registry.obj
 0001:00013830       ssSetZcSignalIsZcElementDisc 0000000180014830 f   feedback_plant_sfun_registry.obj
 0001:000138e0       ssSetZcSignalName          00000001800148e0 f   feedback_plant_sfun_registry.obj
 0001:00013950       ssSetZcSignalWidth         0000000180014950 f   feedback_plant_sfun_registry.obj
 0001:000139c0       ssSetZcSignalZcEventType   00000001800149c0 f   feedback_plant_sfun_registry.obj
 0001:00013a30       ssSetZcSignalType          0000000180014a30 f   feedback_plant_sfun_registry.obj
 0001:00013aa0       ssSetZcSignalZcTol         0000000180014aa0 f   feedback_plant_sfun_registry.obj
 0001:00013b10       ssSetZcSignalNeedsEventNotification 0000000180014b10 f   feedback_plant_sfun_registry.obj
 0001:00013b80       ssCreateAndAddZcSignalInfo 0000000180014b80 f   feedback_plant_sfun_registry.obj
 0001:00013bf0       ssCloneAndAddZcSignalInfo  0000000180014bf0 f   feedback_plant_sfun_registry.obj
 0001:00013c60       ssGetNumZcSignals          0000000180014c60 f   feedback_plant_sfun_registry.obj
 0001:00013cd0       ssGetZcSignalVector        0000000180014cd0 f   feedback_plant_sfun_registry.obj
 0001:00013d40       ssGetZcSignalName          0000000180014d40 f   feedback_plant_sfun_registry.obj
 0001:00013db0       ssGetZcSignalWidth         0000000180014db0 f   feedback_plant_sfun_registry.obj
 0001:00013e20       ssGetZcSignalZcEventType   0000000180014e20 f   feedback_plant_sfun_registry.obj
 0001:00013e90       ssGetZcSignalZcEvents      0000000180014e90 f   feedback_plant_sfun_registry.obj
 0001:00013f00       ssGetZcSignalType          0000000180014f00 f   feedback_plant_sfun_registry.obj
 0001:00013f70       ssGetZcSignalZcTol         0000000180014f70 f   feedback_plant_sfun_registry.obj
 0001:00013ff0       ssGetZcSignalNeedsEventNotification 0000000180014ff0 f   feedback_plant_sfun_registry.obj
 0001:00014060       ssGetZcSignalIsZcElementDisc 0000000180015060 f   feedback_plant_sfun_registry.obj
 0001:00014100       ssGetIsInputPortElementContinuous 0000000180015100 f   feedback_plant_sfun_registry.obj
 0001:000141a0       ssGetDTypeIdFromMxArray    00000001800151a0 f   feedback_plant_sfun_registry.obj
 0001:000142c0       ssWriteRTWStr              00000001800152c0 f   feedback_plant_sfun_registry.obj
 0001:00014320       ssWriteRTWNameValuePair    0000000180015320 f   feedback_plant_sfun_registry.obj
 0001:00014820       ssWriteRTWParamSettings    0000000180015820 f   feedback_plant_sfun_registry.obj
 0001:00014f10       ssWriteRTWParameters       0000000180015f10 f   feedback_plant_sfun_registry.obj
 0001:000154e0       ssWriteRTWWorkVect         00000001800164e0 f   feedback_plant_sfun_registry.obj
 0001:000159d0       ssWriteRTWMxVectParam      00000001800169d0 f   feedback_plant_sfun_registry.obj
 0001:00015a50       ssWriteRTWMx2dMatParam     0000000180016a50 f   feedback_plant_sfun_registry.obj
 0001:00015ae0       _ssSetInputPortMatrixDimensions 0000000180016ae0 f   feedback_plant_sfun_registry.obj
 0001:00015be0       _ssSetOutputPortMatrixDimensions 0000000180016be0 f   feedback_plant_sfun_registry.obj
 0001:00015ce0       _ssSetInputPortVectorDimension 0000000180016ce0 f   feedback_plant_sfun_registry.obj
 0001:00015d90       _ssSetOutputPortVectorDimension 0000000180016d90 f   feedback_plant_sfun_registry.obj
 0001:00015e40       ssIsRunTimeParamTunable    0000000180016e40 f   feedback_plant_sfun_registry.obj
 0001:00015eb0       ssGetSFuncBlockHandle      0000000180016eb0 f   feedback_plant_sfun_registry.obj
 0001:00015f20       _ssGetCurrentInputPortWidth 0000000180016f20 f   feedback_plant_sfun_registry.obj
 0001:00016040       _ssGetCurrentOutputPortWidth 0000000180017040 f   feedback_plant_sfun_registry.obj
 0001:00016160       _ssGetCallSystemNumFcnCallDestinations 0000000180017160 f   feedback_plant_sfun_registry.obj
 0001:000161d0       ssGetParameterTuningCompliance 00000001800171d0 f   feedback_plant_sfun_registry.obj
 0001:00016240       ssWarning                  0000000180017240 f   feedback_plant_sfun_registry.obj
 0001:00016330       _ssGetAbsTol               0000000180017330 f   feedback_plant_sfun_registry.obj
 0001:000163a0       _ssSetStateAbsTol          00000001800173a0 f   feedback_plant_sfun_registry.obj
 0001:00016480       sf_process_check_sum_call  0000000180017480 f   feedback_plant_sfun_registry.obj
 0001:000164d0       sf_process_testpoint_info_call 00000001800174d0 f   feedback_plant_sfun_registry.obj
 0001:00016520       sf_process_autoinheritance_call 0000000180017520 f   feedback_plant_sfun_registry.obj
 0001:00016750       sf_process_get_third_party_uses_info_call 0000000180017750 f   feedback_plant_sfun_registry.obj
 0001:00016980       sf_process_get_jit_fallback_info_call 0000000180017980 f   feedback_plant_sfun_registry.obj
 0001:00016bb0       sf_process_get_updateBuildInfo_args_info_call 0000000180017bb0 f   feedback_plant_sfun_registry.obj
 0001:00016de0       sf_process_get_eml_resolved_functions_info_call 0000000180017de0 f   feedback_plant_sfun_registry.obj
 0001:00016fe0       sf_mex_unlock_call         0000000180017fe0 f   feedback_plant_sfun_registry.obj
 0001:000172a0       sf_machine_global_initializer_called 00000001800182a0 f   feedback_plant_sfun_registry.obj
 0001:000172d0       sf_machine_global_method_dispatcher 00000001800182d0 f   feedback_plant_sfun_registry.obj
 0001:00017330       sf_machine_global_terminator 0000000180018330 f   feedback_plant_sfun_registry.obj
 0001:00017380       sf_register_machine_exported_symbols 0000000180018380 f   feedback_plant_sfun_registry.obj
 0001:000173a0       callCustomFcn              00000001800183a0 f   feedback_plant_sfun_registry.obj
 0001:000173b0       sf_machine_global_initializer 00000001800183b0 f   feedback_plant_sfun_registry.obj
 0001:00017430       mdlGetSimState             0000000180018430 f   feedback_plant_sfun_registry.obj
 0001:00017470       mdlSetSimState             0000000180018470 f   feedback_plant_sfun_registry.obj
 0001:00017cd0       ProcessMexSfunctionEveryCall 0000000180018cd0 f   feedback_plant_sfun_registry.obj
 0001:000189b6       sf_load_rtw_optimization_info 00000001800199b6 f   sf_runtime:sf_runtime.dll
 0001:000189bc       sf_debug_initialize_machine 00000001800199bc f   sf_runtime:sf_runtime.dll
 0001:000189c2       sf_debug_set_machine_event_thresholds 00000001800199c2 f   sf_runtime:sf_runtime.dll
 0001:000189c8       sf_debug_set_machine_data_thresholds 00000001800199c8 f   sf_runtime:sf_runtime.dll
 0001:000189ce       sf_init_ChartRunTimeInfo   00000001800199ce f   sf_runtime:sf_runtime.dll
 0001:000189d4       sf_free_ChartRunTimeInfo   00000001800199d4 f   sf_runtime:sf_runtime.dll
 0001:000189da       sf_get_chart_instance_ptr  00000001800199da f   sf_runtime:sf_runtime.dll
 0001:000189e0       sf_rtw_info_uint_prop      00000001800199e0 f   sf_runtime:sf_runtime.dll
 0001:000189e6       sf_update_buildInfo        00000001800199e6 f   sf_runtime:sf_runtime.dll
 0001:000189ec       sf_is_chart_inlinable      00000001800199ec f   sf_runtime:sf_runtime.dll
 0001:000189f2       sf_mark_chart_reusable_outputs 00000001800199f2 f   sf_runtime:sf_runtime.dll
 0001:000189f8       sf_mark_chart_expressionable_inputs 00000001800199f8 f   sf_runtime:sf_runtime.dll
 0001:000189fe       sim_mode_is_rtw_gen        00000001800199fe f   sf_runtime:sf_runtime.dll
 0001:00018a04       sim_mode_is_external       0000000180019a04 f   sf_runtime:sf_runtime.dll
 0001:00018a0a       sim_mode_is_modelref_sim   0000000180019a0a f   sf_runtime:sf_runtime.dll
 0001:00018a10       sf_clear_rtw_identifier    0000000180019a10 f   sf_runtime:sf_runtime.dll
 0001:00018a16       sf_set_rtw_dwork_info      0000000180019a16 f   sf_runtime:sf_runtime.dll
 0001:00018a1c       sf_get_time                0000000180019a1c f   sf_runtime:sf_runtime.dll
 0001:00018a22       sf_is_first_init_cond      0000000180019a22 f   sf_runtime:sf_runtime.dll
 0001:00018a28       sf_set_chart_accesses_machine_info 0000000180019a28 f   sf_runtime:sf_runtime.dll
 0001:00018a2e       sf_mex_error_message       0000000180019a2e f   sf_runtime:sf_runtime.dll
 0001:00018a34       sf_mex_create              0000000180019a34 f   sf_runtime:sf_runtime.dll
 0001:00018a3a       sf_mex_createcellmatrix    0000000180019a3a f   sf_runtime:sf_runtime.dll
 0001:00018a40       sf_mex_setcell             0000000180019a40 f   sf_runtime:sf_runtime.dll
 0001:00018a46       sf_mex_getcell             0000000180019a46 f   sf_runtime:sf_runtime.dll
 0001:00018a4c       sf_mex_assign              0000000180019a4c f   sf_runtime:sf_runtime.dll
 0001:00018a52       sf_mex_dup                 0000000180019a52 f   sf_runtime:sf_runtime.dll
 0001:00018a58       sf_mex_destroy             0000000180019a58 f   sf_runtime:sf_runtime.dll
 0001:00018a5e       sf_mex_import              0000000180019a5e f   sf_runtime:sf_runtime.dll
 0001:00018a64       sf_mex_decode_encoded_mx_struct_array 0000000180019a64 f   sf_runtime:sf_runtime.dll
 0001:00018a6a       ssGetInputPortSignal_wrapper 0000000180019a6a f   sf_runtime:sf_runtime.dll
 0001:00018a70       ssGetOutputPortSignal_wrapper 0000000180019a70 f   sf_runtime:sf_runtime.dll
 0001:00018a76       sf_debug_initialize_chart  0000000180019a76 f   sf_runtime:sf_runtime.dll
 0001:00018a7c       sf_debug_call              0000000180019a7c f   sf_runtime:sf_runtime.dll
 0001:00018a82       eml_debug_line_call        0000000180019a82 f   sf_runtime:sf_runtime.dll
 0001:00018a88       cv_eml_eval                0000000180019a88 f   sf_runtime:sf_runtime.dll
 0001:00018a8e       cv_eml_init_script         0000000180019a8e f   sf_runtime:sf_runtime.dll
 0001:00018a94       cv_eml_init_fcn            0000000180019a94 f   sf_runtime:sf_runtime.dll
 0001:00018a9a       sf_debug_reset_current_state_configuration 0000000180019a9a f   sf_runtime:sf_runtime.dll
 0001:00018aa0       sf_debug_check_for_state_inconsistency 0000000180019aa0 f   sf_runtime:sf_runtime.dll
 0001:00018aa6       sf_debug_set_chart_data_props 0000000180019aa6 f   sf_runtime:sf_runtime.dll
 0001:00018aac       sf_debug_set_chart_data_compiled_props 0000000180019aac f   sf_runtime:sf_runtime.dll
 0001:00018ab2       sf_debug_symbol_scope_push 0000000180019ab2 f   sf_runtime:sf_runtime.dll
 0001:00018ab8       sf_debug_symbol_scope_push_eml 0000000180019ab8 f   sf_runtime:sf_runtime.dll
 0001:00018abe       sf_debug_symbol_scope_pop  0000000180019abe f   sf_runtime:sf_runtime.dll
 0001:00018ac4       sf_debug_symbol_scope_add_eml 0000000180019ac4 f   sf_runtime:sf_runtime.dll
 0001:00018aca       sf_debug_symbol_scope_add_eml_importable 0000000180019aca f   sf_runtime:sf_runtime.dll
 0001:00018ad0       sf_debug_set_instance_data_value_ptr 0000000180019ad0 f   sf_runtime:sf_runtime.dll
 0001:00018ad6       sf_debug_set_chart_disable_implicit_casting 0000000180019ad6 f   sf_runtime:sf_runtime.dll
 0001:00018adc       sf_debug_set_chart_event_thresholds 0000000180019adc f   sf_runtime:sf_runtime.dll
 0001:00018ae2       sf_debug_set_chart_state_info 0000000180019ae2 f   sf_runtime:sf_runtime.dll
 0001:00018ae8       sf_debug_set_chart_decomposition 0000000180019ae8 f   sf_runtime:sf_runtime.dll
 0001:00018aee       sf_debug_set_chart_substate_count 0000000180019aee f   sf_runtime:sf_runtime.dll
 0001:00018af4       sf_debug_data_range_wrapper 0000000180019af4 f   sf_runtime:sf_runtime.dll
 0001:00018afa       sf_debug_cv_init_trans     0000000180019afa f   sf_runtime:sf_runtime.dll
 0001:00018b00       sf_debug_cv_init_chart     0000000180019b00 f   sf_runtime:sf_runtime.dll
 0001:00018b06       sf_debug_cv_init_state     0000000180019b06 f   sf_runtime:sf_runtime.dll
 0001:00018b0c       sf_mex_listen_for_ctrl_c_with_debugger 0000000180019b0c f   sf_runtime:sf_runtime.dll
 0001:00018b12       sf_mex_printf              0000000180019b12 f   sf_runtime:sf_runtime.dll
 0001:00018b18       sf_mex_call_debug          0000000180019b18 f   sf_runtime:sf_runtime.dll
 0001:00018b1e       sf_mex_import_vs           0000000180019b1e f   sf_runtime:sf_runtime.dll
 0001:00018b24       sf_eml_array_bounds_check  0000000180019b24 f   sf_runtime:sf_runtime.dll
 0001:00018b2a       cv_eval_relational         0000000180019b2a f   sf_runtime:sf_runtime.dll
 0001:00018b30       cv_eml_init_if             0000000180019b30 f   sf_runtime:sf_runtime.dll
 0001:00018b36       cv_eml_init_for            0000000180019b36 f   sf_runtime:sf_runtime.dll
 0001:00018b3c       cv_eml_init_relational     0000000180019b3c f   sf_runtime:sf_runtime.dll
 0001:00018b42       sf_debug_symbol_scope_add_eml_dyn_importable 0000000180019b42 f   sf_runtime:sf_runtime.dll
 0001:00018b48       sf_get_ChartInfoStruct_CodeGen 0000000180019b48 f   sf_runtime:sf_runtime.dll
 0001:00018b4e       sf_get_isEnhancedMooreMachine 0000000180019b4e f   sf_runtime:sf_runtime.dll
 0001:00018b54       sf_set_compiledInfo        0000000180019b54 f   sf_runtime:sf_runtime.dll
 0001:00018b5a       callMdlMethodAndReportError 0000000180019b5a f   sf_runtime:sf_runtime.dll
 0001:00018b60       call_sf_machine_global_method_dispatcher 0000000180019b60 f   sf_runtime:sf_runtime.dll
 0001:00018b66       sf_mex_error_direct_call   0000000180019b66 f   sf_runtime:sf_runtime.dll
 0001:00018b6c       sf_clear_error_manager_info 0000000180019b6c f   sf_runtime:sf_runtime.dll
 0001:00018b72       sf_debug_create_debug_instance_struct 0000000180019b72 f   sf_runtime:sf_runtime.dll
 0001:00018b78       sf_debug_terminate         0000000180019b78 f   sf_runtime:sf_runtime.dll
 0001:00018b7e       sf_debug_api               0000000180019b7e f   sf_runtime:sf_runtime.dll
 0001:00018b84       mxIsChar                   0000000180019b84 f   libmx:libmx.dll
 0001:00018b8a       mxGetPr                    0000000180019b8a f   libmx:libmx.dll
 0001:00018b90       mxGetScalar                0000000180019b90 f   libmx:libmx.dll
 0001:00018b96       mxDestroyArray             0000000180019b96 f   libmx:libmx.dll
 0001:00018b9c       mxCreateDoubleMatrix_730   0000000180019b9c f   libmx:libmx.dll
 0001:00018ba2       mxGetString_730            0000000180019ba2 f   libmx:libmx.dll
 0001:00018ba8       mxDuplicateArray           0000000180019ba8 f   libmx:libmx.dll
 0001:00018bae       mxSetField_730             0000000180019bae f   libmx:libmx.dll
 0001:00018bb4       mxCreateDoubleScalar       0000000180019bb4 f   libmx:libmx.dll
 0001:00018bba       mxCreateString             0000000180019bba f   libmx:libmx.dll
 0001:00018bc0       mxCreateCellMatrix_730     0000000180019bc0 f   libmx:libmx.dll
 0001:00018bc6       mxCreateCellArray_730      0000000180019bc6 f   libmx:libmx.dll
 0001:00018bcc       mxCreateStructMatrix_730   0000000180019bcc f   libmx:libmx.dll
 0001:00018bd2       mxCreateStructArray_730    0000000180019bd2 f   libmx:libmx.dll
 0001:00018bd8       mxCalloc                   0000000180019bd8 f   libmx:libmx.dll
 0001:00018bde       mxGetM                     0000000180019bde f   libmx:libmx.dll
 0001:00018be4       mxGetClassID               0000000180019be4 f   libmx:libmx.dll
 0001:00018bea       mxIsNumeric                0000000180019bea f   libmx:libmx.dll
 0001:00018bf0       mxIsComplex                0000000180019bf0 f   libmx:libmx.dll
 0001:00018bf6       mxGetN                     0000000180019bf6 f   libmx:libmx.dll
 0001:00018bfc       mexMakeArrayPersistent     0000000180019bfc f   libmex:libmex.dll
 0001:00018c02       mexErrMsgTxt               0000000180019c02 f   libmex:libmex.dll
 0001:00018c08       mexWarnMsgTxt              0000000180019c08 f   libmex:libmex.dll
 0001:00018c0e       mexCallMATLABWithObject    0000000180019c0e f   libmex:libmex.dll
 0001:00018c14       mexLock                    0000000180019c14 f   libmex:libmex.dll
 0001:00018c1a       mexUnlock                  0000000180019c1a f   libmex:libmex.dll
 0001:00018c20       mexIsLocked                0000000180019c20 f   libmex:libmex.dll
 0001:00018c26       utMalloc                   0000000180019c26 f   libut:libut.dll
 0001:00018c2c       utFree                     0000000180019c2c f   libut:libut.dll
 0001:00018c34       __raise_securityfailure    0000000180019c34 f   MSVCRT:gs_report.obj
 0001:00018c80       __report_gsfailure         0000000180019c80 f   MSVCRT:gs_report.obj
 0001:00018d54       __report_rangecheckfailure 0000000180019d54 f   MSVCRT:gs_report.obj
 0001:00018d68       __report_securityfailure   0000000180019d68 f   MSVCRT:gs_report.obj
 0001:00018e04       __report_securityfailureEx 0000000180019e04 f   MSVCRT:gs_report.obj
 0001:00018f12       strcmp                     0000000180019f12 f   MSVCRT:MSVCR110.dll
 0001:00018f18       __GSHandlerCheck           0000000180019f18 f   MSVCRT:gshandler.obj
 0001:00018f38       __GSHandlerCheckCommon     0000000180019f38 f   MSVCRT:gshandler.obj
 0001:00018fb0       __security_check_cookie    0000000180019fb0 f   MSVCRT:amdsecgs.obj
 0001:00018fd0       memset                     0000000180019fd0 f   MSVCRT:MSVCR110.dll
 0001:00018ff0       _alloca_probe              0000000180019ff0     MSVCRT:chkstk.obj
 0001:00018ff0       __chkstk                   0000000180019ff0 f   MSVCRT:chkstk.obj
 0001:0001903e       memcpy                     000000018001a03e f   MSVCRT:MSVCR110.dll
 0001:00019044       strcat                     000000018001a044 f   MSVCRT:MSVCR110.dll
 0001:0001904a       strlen                     000000018001a04a f   MSVCRT:MSVCR110.dll
 0001:00019050       sprintf                    000000018001a050 f   MSVCRT:MSVCR110.dll
 0001:00019056       free                       000000018001a056 f   MSVCRT:MSVCR110.dll
 0001:0001905c       malloc                     000000018001a05c f   MSVCRT:MSVCR110.dll
 0001:000190c4       NtCurrentTeb               000000018001a0c4 f i MSVCRT:crtdll.obj
 0001:000190d0       _CRT_INIT                  000000018001a0d0 f   MSVCRT:crtdll.obj
 0001:0001931c       _DllMainCRTStartup         000000018001a31c f   MSVCRT:crtdll.obj
 0001:00019492       __crt_debugger_hook        000000018001a492 f   MSVCRT:MSVCR110.dll
 0001:00019498       __crtUnhandledException    000000018001a498 f   MSVCRT:MSVCR110.dll
 0001:0001949e       __crtTerminateProcess      000000018001a49e f   MSVCRT:MSVCR110.dll
 0001:000194a4       __crtCaptureCurrentContext 000000018001a4a4 f   MSVCRT:MSVCR110.dll
 0001:000194aa       __crtCapturePreviousContext 000000018001a4aa f   MSVCRT:MSVCR110.dll
 0001:000194b0       __CppXcptFilter            000000018001a4b0 f   MSVCRT:MSVCR110.dll
 0001:000194b6       _amsg_exit                 000000018001a4b6 f   MSVCRT:MSVCR110.dll
 0001:000194c0       _FindPESection             000000018001a4c0 f   MSVCRT:pesect.obj
 0001:00019510       _IsNonwritableInCurrentImage 000000018001a510 f   MSVCRT:pesect.obj
 0001:00019560       _ValidateImageBase         000000018001a560 f   MSVCRT:pesect.obj
 0001:00019590       __atonexitinit             000000018001a590 f   MSVCRT:atonexit.obj
 0001:000195e0       _onexit                    000000018001a5e0 f   MSVCRT:atonexit.obj
 0001:00019690       atexit                     000000018001a690 f   MSVCRT:atonexit.obj
 0001:000196a8       __security_init_cookie     000000018001a6a8 f   MSVCRT:gs_support.obj
 0001:00019760       DllMain                    000000018001a760 f   MSVCRT:dllmain.obj
 0001:00019784       _malloc_crt                000000018001a784 f   MSVCRT:MSVCR110.dll
 0001:0001978c       _RTC_Initialize            000000018001a78c f   MSVCRT:initsect.obj
 0001:000197c4       _RTC_Terminate             000000018001a7c4 f   MSVCRT:initsect.obj
 0001:000197fc       _initterm                  000000018001a7fc f   MSVCRT:MSVCR110.dll
 0001:00019802       _initterm_e                000000018001a802 f   MSVCRT:MSVCR110.dll
 0001:00019808       __clean_type_info_names    000000018001a808 f   MSVCRT:tncleanup.obj
 0001:00019814       __C_specific_handler       000000018001a814 f   MSVCRT:MSVCR110.dll
 0001:0001981a       _lock                      000000018001a81a f   MSVCRT:MSVCR110.dll
 0001:00019820       _unlock                    000000018001a820 f   MSVCRT:MSVCR110.dll
 0001:00019826       _calloc_crt                000000018001a826 f   MSVCRT:MSVCR110.dll
 0001:0001982c       __dllonexit                000000018001a82c f   MSVCRT:MSVCR110.dll
 0001:00019832       __clean_type_info_names_internal 000000018001a832 f   MSVCRT:MSVCR110.dll
 0001:00019838       IsDebuggerPresent          000000018001a838 f   kernel32:KERNEL32.dll
 0001:0001983e       IsProcessorFeaturePresent  000000018001a83e f   kernel32:KERNEL32.dll
 0001:00019844       EncodePointer              000000018001a844 f   kernel32:KERNEL32.dll
 0001:0001984a       DecodePointer              000000018001a84a f   kernel32:KERNEL32.dll
 0001:00019850       QueryPerformanceCounter    000000018001a850 f   kernel32:KERNEL32.dll
 0001:00019856       GetCurrentThreadId         000000018001a856 f   kernel32:KERNEL32.dll
 0001:0001985c       GetSystemTimeAsFileTime    000000018001a85c f   kernel32:KERNEL32.dll
 0001:00019862       GetTickCount64             000000018001a862 f   kernel32:KERNEL32.dll
 0001:00019868       DisableThreadLibraryCalls  000000018001a868 f   kernel32:KERNEL32.dll
 0002:00000000       __imp_GetTickCount64       000000018001b000     kernel32:KERNEL32.dll
 0002:00000008       __imp_GetSystemTimeAsFileTime 000000018001b008     kernel32:KERNEL32.dll
 0002:00000010       __imp_GetCurrentThreadId   000000018001b010     kernel32:KERNEL32.dll
 0002:00000018       __imp_QueryPerformanceCounter 000000018001b018     kernel32:KERNEL32.dll
 0002:00000020       __imp_DecodePointer        000000018001b020     kernel32:KERNEL32.dll
 0002:00000028       __imp_EncodePointer        000000018001b028     kernel32:KERNEL32.dll
 0002:00000030       __imp_IsProcessorFeaturePresent 000000018001b030     kernel32:KERNEL32.dll
 0002:00000038       __imp_IsDebuggerPresent    000000018001b038     kernel32:KERNEL32.dll
 0002:00000040       __imp_DisableThreadLibraryCalls 000000018001b040     kernel32:KERNEL32.dll
 0002:00000048       \177KERNEL32_NULL_THUNK_DATA 000000018001b048     kernel32:KERNEL32.dll
 0002:00000050       __imp___clean_type_info_names_internal 000000018001b050     MSVCRT:MSVCR110.dll
 0002:00000058       __imp___dllonexit          000000018001b058     MSVCRT:MSVCR110.dll
 0002:00000060       __imp__calloc_crt          000000018001b060     MSVCRT:MSVCR110.dll
 0002:00000068       __imp__unlock              000000018001b068     MSVCRT:MSVCR110.dll
 0002:00000070       __imp__lock                000000018001b070     MSVCRT:MSVCR110.dll
 0002:00000078       __imp___C_specific_handler 000000018001b078     MSVCRT:MSVCR110.dll
 0002:00000080       __imp__initterm_e          000000018001b080     MSVCRT:MSVCR110.dll
 0002:00000088       __imp__initterm            000000018001b088     MSVCRT:MSVCR110.dll
 0002:00000090       __imp__malloc_crt          000000018001b090     MSVCRT:MSVCR110.dll
 0002:00000098       __imp__amsg_exit           000000018001b098     MSVCRT:MSVCR110.dll
 0002:000000a0       __imp___CppXcptFilter      000000018001b0a0     MSVCRT:MSVCR110.dll
 0002:000000a8       __imp___crtCapturePreviousContext 000000018001b0a8     MSVCRT:MSVCR110.dll
 0002:000000b0       __imp___crtCaptureCurrentContext 000000018001b0b0     MSVCRT:MSVCR110.dll
 0002:000000b8       __imp___crtTerminateProcess 000000018001b0b8     MSVCRT:MSVCR110.dll
 0002:000000c0       __imp___crtUnhandledException 000000018001b0c0     MSVCRT:MSVCR110.dll
 0002:000000c8       __imp___crt_debugger_hook  000000018001b0c8     MSVCRT:MSVCR110.dll
 0002:000000d0       __imp_malloc               000000018001b0d0     MSVCRT:MSVCR110.dll
 0002:000000d8       __imp_free                 000000018001b0d8     MSVCRT:MSVCR110.dll
 0002:000000e0       __imp_sprintf              000000018001b0e0     MSVCRT:MSVCR110.dll
 0002:000000e8       __imp_strlen               000000018001b0e8     MSVCRT:MSVCR110.dll
 0002:000000f0       __imp_strcat               000000018001b0f0     MSVCRT:MSVCR110.dll
 0002:000000f8       __imp_memcpy               000000018001b0f8     MSVCRT:MSVCR110.dll
 0002:00000100       __imp_memset               000000018001b100     MSVCRT:MSVCR110.dll
 0002:00000108       __imp_strcmp               000000018001b108     MSVCRT:MSVCR110.dll
 0002:00000110       __imp__onexit              000000018001b110     MSVCRT:MSVCR110.dll
 0002:00000118       \177MSVCR110_NULL_THUNK_DATA 000000018001b118     MSVCRT:MSVCR110.dll
 0002:00000120       __imp_mexUnlock            000000018001b120     libmex:libmex.dll
 0002:00000128       __imp_mexErrMsgTxt         000000018001b128     libmex:libmex.dll
 0002:00000130       __imp_mexWarnMsgTxt        000000018001b130     libmex:libmex.dll
 0002:00000138       __imp_mexIsLocked          000000018001b138     libmex:libmex.dll
 0002:00000140       __imp_mexMakeArrayPersistent 000000018001b140     libmex:libmex.dll
 0002:00000148       __imp_mexLock              000000018001b148     libmex:libmex.dll
 0002:00000150       __imp_mexCallMATLABWithObject 000000018001b150     libmex:libmex.dll
 0002:00000158       \177libmex_NULL_THUNK_DATA 000000018001b158     libmex:libmex.dll
 0002:00000160       __imp_mxGetPr              000000018001b160     libmx:libmx.dll
 0002:00000168       __imp_mxSetField_730       000000018001b168     libmx:libmx.dll
 0002:00000170       __imp_mxGetScalar          000000018001b170     libmx:libmx.dll
 0002:00000178       __imp_mxGetN               000000018001b178     libmx:libmx.dll
 0002:00000180       __imp_mxIsComplex          000000018001b180     libmx:libmx.dll
 0002:00000188       __imp_mxIsNumeric          000000018001b188     libmx:libmx.dll
 0002:00000190       __imp_mxGetClassID         000000018001b190     libmx:libmx.dll
 0002:00000198       __imp_mxGetM               000000018001b198     libmx:libmx.dll
 0002:000001a0       __imp_mxCalloc             000000018001b1a0     libmx:libmx.dll
 0002:000001a8       __imp_mxCreateStructArray_730 000000018001b1a8     libmx:libmx.dll
 0002:000001b0       __imp_mxCreateStructMatrix_730 000000018001b1b0     libmx:libmx.dll
 0002:000001b8       __imp_mxCreateCellArray_730 000000018001b1b8     libmx:libmx.dll
 0002:000001c0       __imp_mxCreateCellMatrix_730 000000018001b1c0     libmx:libmx.dll
 0002:000001c8       __imp_mxCreateString       000000018001b1c8     libmx:libmx.dll
 0002:000001d0       __imp_mxCreateDoubleScalar 000000018001b1d0     libmx:libmx.dll
 0002:000001d8       __imp_mxDuplicateArray     000000018001b1d8     libmx:libmx.dll
 0002:000001e0       __imp_mxGetString_730      000000018001b1e0     libmx:libmx.dll
 0002:000001e8       __imp_mxCreateDoubleMatrix_730 000000018001b1e8     libmx:libmx.dll
 0002:000001f0       __imp_mxDestroyArray       000000018001b1f0     libmx:libmx.dll
 0002:000001f8       __imp_mxIsChar             000000018001b1f8     libmx:libmx.dll
 0002:00000200       \177libmx_NULL_THUNK_DATA  000000018001b200     libmx:libmx.dll
 0002:00000208       __imp_utFree               000000018001b208     libut:libut.dll
 0002:00000210       __imp_utMalloc             000000018001b210     libut:libut.dll
 0002:00000218       \177libut_NULL_THUNK_DATA  000000018001b218     libut:libut.dll
 0002:00000220       __imp_sf_get_isEnhancedMooreMachine 000000018001b220     sf_runtime:sf_runtime.dll
 0002:00000228       __imp_sf_set_compiledInfo  000000018001b228     sf_runtime:sf_runtime.dll
 0002:00000230       __imp_callMdlMethodAndReportError 000000018001b230     sf_runtime:sf_runtime.dll
 0002:00000238       __imp_call_sf_machine_global_method_dispatcher 000000018001b238     sf_runtime:sf_runtime.dll
 0002:00000240       __imp_cv_eml_eval          000000018001b240     sf_runtime:sf_runtime.dll
 0002:00000248       __imp_sf_get_ChartInfoStruct_CodeGen 000000018001b248     sf_runtime:sf_runtime.dll
 0002:00000250       __imp_sf_debug_create_debug_instance_struct 000000018001b250     sf_runtime:sf_runtime.dll
 0002:00000258       __imp_sf_debug_terminate   000000018001b258     sf_runtime:sf_runtime.dll
 0002:00000260       __imp_sf_debug_api         000000018001b260     sf_runtime:sf_runtime.dll
 0002:00000268       __imp_sf_debug_symbol_scope_add_eml_dyn_importable 000000018001b268     sf_runtime:sf_runtime.dll
 0002:00000270       __imp_cv_eml_init_relational 000000018001b270     sf_runtime:sf_runtime.dll
 0002:00000278       __imp_cv_eml_init_for      000000018001b278     sf_runtime:sf_runtime.dll
 0002:00000280       __imp_cv_eml_init_if       000000018001b280     sf_runtime:sf_runtime.dll
 0002:00000288       __imp_cv_eval_relational   000000018001b288     sf_runtime:sf_runtime.dll
 0002:00000290       __imp_sf_eml_array_bounds_check 000000018001b290     sf_runtime:sf_runtime.dll
 0002:00000298       __imp_sf_mex_import_vs     000000018001b298     sf_runtime:sf_runtime.dll
 0002:000002a0       __imp_cv_eml_init_script   000000018001b2a0     sf_runtime:sf_runtime.dll
 0002:000002a8       __imp_sf_mex_call_debug    000000018001b2a8     sf_runtime:sf_runtime.dll
 0002:000002b0       __imp_sf_mex_printf        000000018001b2b0     sf_runtime:sf_runtime.dll
 0002:000002b8       __imp_sf_mex_listen_for_ctrl_c_with_debugger 000000018001b2b8     sf_runtime:sf_runtime.dll
 0002:000002c0       __imp_sf_debug_cv_init_state 000000018001b2c0     sf_runtime:sf_runtime.dll
 0002:000002c8       __imp_sf_debug_cv_init_chart 000000018001b2c8     sf_runtime:sf_runtime.dll
 0002:000002d0       __imp_sf_debug_cv_init_trans 000000018001b2d0     sf_runtime:sf_runtime.dll
 0002:000002d8       __imp_sf_debug_data_range_wrapper 000000018001b2d8     sf_runtime:sf_runtime.dll
 0002:000002e0       __imp_sf_debug_set_chart_substate_count 000000018001b2e0     sf_runtime:sf_runtime.dll
 0002:000002e8       __imp_sf_debug_set_chart_decomposition 000000018001b2e8     sf_runtime:sf_runtime.dll
 0002:000002f0       __imp_sf_debug_set_chart_state_info 000000018001b2f0     sf_runtime:sf_runtime.dll
 0002:000002f8       __imp_sf_debug_set_chart_event_thresholds 000000018001b2f8     sf_runtime:sf_runtime.dll
 0002:00000300       __imp_sf_debug_set_chart_disable_implicit_casting 000000018001b300     sf_runtime:sf_runtime.dll
 0002:00000308       __imp_sf_debug_set_instance_data_value_ptr 000000018001b308     sf_runtime:sf_runtime.dll
 0002:00000310       __imp_sf_debug_symbol_scope_add_eml_importable 000000018001b310     sf_runtime:sf_runtime.dll
 0002:00000318       __imp_sf_debug_symbol_scope_add_eml 000000018001b318     sf_runtime:sf_runtime.dll
 0002:00000320       __imp_sf_debug_symbol_scope_pop 000000018001b320     sf_runtime:sf_runtime.dll
 0002:00000328       __imp_sf_debug_symbol_scope_push_eml 000000018001b328     sf_runtime:sf_runtime.dll
 0002:00000330       __imp_sf_debug_symbol_scope_push 000000018001b330     sf_runtime:sf_runtime.dll
 0002:00000338       __imp_sf_debug_set_chart_data_compiled_props 000000018001b338     sf_runtime:sf_runtime.dll
 0002:00000340       __imp_sf_debug_set_chart_data_props 000000018001b340     sf_runtime:sf_runtime.dll
 0002:00000348       __imp_sf_debug_check_for_state_inconsistency 000000018001b348     sf_runtime:sf_runtime.dll
 0002:00000350       __imp_sf_debug_reset_current_state_configuration 000000018001b350     sf_runtime:sf_runtime.dll
 0002:00000358       __imp_cv_eml_init_fcn      000000018001b358     sf_runtime:sf_runtime.dll
 0002:00000360       __imp_sf_clear_error_manager_info 000000018001b360     sf_runtime:sf_runtime.dll
 0002:00000368       __imp_eml_debug_line_call  000000018001b368     sf_runtime:sf_runtime.dll
 0002:00000370       __imp_sf_debug_call        000000018001b370     sf_runtime:sf_runtime.dll
 0002:00000378       __imp_sf_debug_initialize_chart 000000018001b378     sf_runtime:sf_runtime.dll
 0002:00000380       __imp_ssGetOutputPortSignal_wrapper 000000018001b380     sf_runtime:sf_runtime.dll
 0002:00000388       __imp_ssGetInputPortSignal_wrapper 000000018001b388     sf_runtime:sf_runtime.dll
 0002:00000390       __imp_sf_mex_decode_encoded_mx_struct_array 000000018001b390     sf_runtime:sf_runtime.dll
 0002:00000398       __imp_sf_mex_import        000000018001b398     sf_runtime:sf_runtime.dll
 0002:000003a0       __imp_sf_mex_destroy       000000018001b3a0     sf_runtime:sf_runtime.dll
 0002:000003a8       __imp_sf_mex_dup           000000018001b3a8     sf_runtime:sf_runtime.dll
 0002:000003b0       __imp_sf_mex_assign        000000018001b3b0     sf_runtime:sf_runtime.dll
 0002:000003b8       __imp_sf_mex_getcell       000000018001b3b8     sf_runtime:sf_runtime.dll
 0002:000003c0       __imp_sf_mex_setcell       000000018001b3c0     sf_runtime:sf_runtime.dll
 0002:000003c8       __imp_sf_mex_createcellmatrix 000000018001b3c8     sf_runtime:sf_runtime.dll
 0002:000003d0       __imp_sf_mex_create        000000018001b3d0     sf_runtime:sf_runtime.dll
 0002:000003d8       __imp_sf_mex_error_message 000000018001b3d8     sf_runtime:sf_runtime.dll
 0002:000003e0       __imp_sf_set_chart_accesses_machine_info 000000018001b3e0     sf_runtime:sf_runtime.dll
 0002:000003e8       __imp_sf_is_first_init_cond 000000018001b3e8     sf_runtime:sf_runtime.dll
 0002:000003f0       __imp_sf_get_time          000000018001b3f0     sf_runtime:sf_runtime.dll
 0002:000003f8       __imp_sf_set_rtw_dwork_info 000000018001b3f8     sf_runtime:sf_runtime.dll
 0002:00000400       __imp_sf_clear_rtw_identifier 000000018001b400     sf_runtime:sf_runtime.dll
 0002:00000408       __imp_sim_mode_is_modelref_sim 000000018001b408     sf_runtime:sf_runtime.dll
 0002:00000410       __imp_sim_mode_is_external 000000018001b410     sf_runtime:sf_runtime.dll
 0002:00000418       __imp_sim_mode_is_rtw_gen  000000018001b418     sf_runtime:sf_runtime.dll
 0002:00000420       __imp_sf_mark_chart_expressionable_inputs 000000018001b420     sf_runtime:sf_runtime.dll
 0002:00000428       __imp_sf_is_chart_inlinable 000000018001b428     sf_runtime:sf_runtime.dll
 0002:00000430       __imp_sf_mark_chart_reusable_outputs 000000018001b430     sf_runtime:sf_runtime.dll
 0002:00000438       __imp_sf_update_buildInfo  000000018001b438     sf_runtime:sf_runtime.dll
 0002:00000440       __imp_sf_rtw_info_uint_prop 000000018001b440     sf_runtime:sf_runtime.dll
 0002:00000448       __imp_sf_get_chart_instance_ptr 000000018001b448     sf_runtime:sf_runtime.dll
 0002:00000450       __imp_sf_free_ChartRunTimeInfo 000000018001b450     sf_runtime:sf_runtime.dll
 0002:00000458       __imp_sf_init_ChartRunTimeInfo 000000018001b458     sf_runtime:sf_runtime.dll
 0002:00000460       __imp_sf_debug_set_machine_data_thresholds 000000018001b460     sf_runtime:sf_runtime.dll
 0002:00000468       __imp_sf_debug_set_machine_event_thresholds 000000018001b468     sf_runtime:sf_runtime.dll
 0002:00000470       __imp_sf_debug_initialize_machine 000000018001b470     sf_runtime:sf_runtime.dll
 0002:00000478       __imp_sf_mex_error_direct_call 000000018001b478     sf_runtime:sf_runtime.dll
 0002:00000480       __imp_sf_load_rtw_optimization_info 000000018001b480     sf_runtime:sf_runtime.dll
 0002:00000488       \177sf_runtime_NULL_THUNK_DATA 000000018001b488     sf_runtime:sf_runtime.dll
 0002:00000490       __xc_a                     000000018001b490     MSVCRT:cinitexe.obj
 0002:00000498       __xc_z                     000000018001b498     MSVCRT:cinitexe.obj
 0002:000004a0       __xi_a                     000000018001b4a0     MSVCRT:cinitexe.obj
 0002:000004b8       __xi_z                     000000018001b4b8     MSVCRT:cinitexe.obj
 0002:000004c0       __real@419347fa78000000    000000018001b4c0     feedback_plant_sfun.obj
 0002:000004c8       __real@41b95523da000000    000000018001b4c8     feedback_plant_sfun.obj
 0002:000004d0       __real@41dd1de726000000    000000018001b4d0     feedback_plant_sfun.obj
 0002:000004d8       __real@41e32f9e4ce00000    000000018001b4d8     feedback_plant_sfun.obj
 0002:000004e0       __real@41e3390d42800000    000000018001b4e0     feedback_plant_sfun.obj
 0002:000004e8       __real@41e5773560800000    000000018001b4e8     feedback_plant_sfun.obj
 0002:000004f0       __real@41e7108b33c00000    000000018001b4f0     feedback_plant_sfun.obj
 0002:000004f8       __real@41e7f49a11400000    000000018001b4f8     feedback_plant_sfun.obj
 0002:00000500       __real@41ea3b0fdac00000    000000018001b500     feedback_plant_sfun.obj
 0002:00000508       __real@41ec9eeaca600000    000000018001b508     feedback_plant_sfun.obj
 0002:00000510       __real@41ed51321aa00000    000000018001b510     feedback_plant_sfun.obj
 0002:00000518       __real@41ef1eeae7600000    000000018001b518     feedback_plant_sfun.obj
 0002:00000520       __real@3ff0000000000000    000000018001b520     c1_feedback_plant.obj
 0002:00000528       __real@4008000000000000    000000018001b528     c1_feedback_plant.obj
 0002:00000530       __real@4010000000000000    000000018001b530     c1_feedback_plant.obj
 0002:00000538       __real@4024000000000000    000000018001b538     c1_feedback_plant.obj
 0002:00000540       __real@41d4a76cae000000    000000018001b540     c1_feedback_plant.obj
 0002:00000548       __real@41dd3aec1f000000    000000018001b548     c1_feedback_plant.obj
 0002:00000550       __real@41e827e577400000    000000018001b550     c1_feedback_plant.obj
 0002:00000558       __real@41e834fb3ce00000    000000018001b558     c1_feedback_plant.obj
 0002:00000560       __real@4000000000000000    000000018001b560     c18_feedback_plant.obj
 0002:00000568       __real@4036000000000000    000000018001b568     c18_feedback_plant.obj
 0002:00000570       __real@4047800000000000    000000018001b570     c18_feedback_plant.obj
 0002:00000578       __real@405f000000000000    000000018001b578     c18_feedback_plant.obj
 0002:00000580       __real@41b73f33ba000000    000000018001b580     c18_feedback_plant.obj
 0002:00000588       __real@41cedf2b4f800000    000000018001b588     c18_feedback_plant.obj
 0002:00000590       __real@41d9cbe458400000    000000018001b590     c18_feedback_plant.obj
 0002:00000598       __real@41db055858800000    000000018001b598     c18_feedback_plant.obj
 0002:000005a0       __real@41c76e5da7000000    000000018001b5a0     c19_feedback_plant.obj
 0002:000005a8       __real@41d3a8310e000000    000000018001b5a8     c19_feedback_plant.obj
 0002:000005b0       __real@41e1c0c7d4800000    000000018001b5b0     c19_feedback_plant.obj
 0002:000005b8       __real@41ed9b1b7f200000    000000018001b5b8     c19_feedback_plant.obj
 0002:000005c0       DYNAMIC_DIMENSION_DEF      000000018001b5c0     feedback_plant_sfun_registry.obj
 0002:000005e0       _ssBadLevel2InputAccessMsg 000000018001b5e0     feedback_plant_sfun_registry.obj
 0002:00000770       _ssBadLevel2DirectFeedMsg  000000018001b770     feedback_plant_sfun_registry.obj
 0002:000008b0       _ssBadLevel2DirectFeedSolutionMsg 000000018001b8b0     feedback_plant_sfun_registry.obj
 0002:00000920       _ssBadLevel2ZeroDirectFeedMsg 000000018001b920     feedback_plant_sfun_registry.obj
 0002:00000a60       _ssBadLevel2ZeroDirectFeedMsg2 000000018001ba60     feedback_plant_sfun_registry.obj
 0002:00000b48       __real@0000000000000000    000000018001bb48     feedback_plant_sfun_registry.obj
 0002:00000b50       __real@41602cbca0000000    000000018001bb50     feedback_plant_sfun_registry.obj
 0002:00000b58       __real@bff0000000000000    000000018001bb58     feedback_plant_sfun_registry.obj
 0002:00000b70       _pRawDllMain               000000018001bb70     MSVCRT:crtdll.obj
 0002:00000b70       _pDefaultRawDllMain        000000018001bb70     MSVCRT:crtdll.obj
 0002:00000b78       ?ProcessDetach@NativeDll@<CrtImplementationDetails>@@0IB 000000018001bb78     MSVCRT:initsect.obj
 0002:00000b7c       ?ProcessAttach@NativeDll@<CrtImplementationDetails>@@0IB 000000018001bb7c     MSVCRT:initsect.obj
 0002:00000b80       ?ThreadAttach@NativeDll@<CrtImplementationDetails>@@0IB 000000018001bb80     MSVCRT:initsect.obj
 0002:00000b84       ?ThreadDetach@NativeDll@<CrtImplementationDetails>@@0IB 000000018001bb84     MSVCRT:initsect.obj
 0002:00000b88       ?ProcessVerifier@NativeDll@<CrtImplementationDetails>@@0IB 000000018001bb88     MSVCRT:initsect.obj
 0002:00000b8c       ?value@?$integral_constant@_N$0A@@std@@2_NB 000000018001bb8c     MSVCRT:tncleanup.obj
 0002:00000b8d       ?value@?$integral_constant@_N$00@std@@2_NB 000000018001bb8d     MSVCRT:tncleanup.obj
 0002:00000b90       ?value@?$_Sizeof@U_Nil@std@@U12@U12@U12@U12@U12@U12@U12@@std@@2_KB 000000018001bb90     MSVCRT:tncleanup.obj
 0002:00000ba0       _load_config_used          000000018001bba0     MSVCRT:loadcfg.obj
 0002:00000c10       __rtc_iaa                  000000018001bc10     MSVCRT:initsect.obj
 0002:00000c18       __rtc_izz                  000000018001bc18     MSVCRT:initsect.obj
 0002:00000c20       __rtc_taa                  000000018001bc20     MSVCRT:initsect.obj
 0002:00000c28       __rtc_tzz                  000000018001bc28     MSVCRT:initsect.obj
 0002:00001798       __IMPORT_DESCRIPTOR_sf_runtime 000000018001c798     sf_runtime:sf_runtime.dll
 0002:000017ac       __IMPORT_DESCRIPTOR_libmx  000000018001c7ac     libmx:libmx.dll
 0002:000017c0       __IMPORT_DESCRIPTOR_libmex 000000018001c7c0     libmex:libmex.dll
 0002:000017d4       __IMPORT_DESCRIPTOR_libut  000000018001c7d4     libut:libut.dll
 0002:000017e8       __IMPORT_DESCRIPTOR_MSVCR110 000000018001c7e8     MSVCRT:MSVCR110.dll
 0002:000017fc       __IMPORT_DESCRIPTOR_KERNEL32 000000018001c7fc     kernel32:KERNEL32.dll
 0002:00001810       __NULL_IMPORT_DESCRIPTOR   000000018001c810     sf_runtime:sf_runtime.dll
 0003:000025d8       DYNAMIC_DIMENSION          00000001800205d8     feedback_plant_sfun_registry.obj
 0003:00002d50       __security_cookie          0000000180020d50     MSVCRT:gs_cookie.obj
 0003:00002d58       __security_cookie_complement 0000000180020d58     MSVCRT:gs_cookie.obj
 0003:00002d60       _fltused                   0000000180020d60     MSVCRT:dllsupp.obj
 0003:00002d70       __native_dllmain_reason    0000000180020d70     MSVCRT:natstart.obj
 0003:00002dc8       sfGlobalDebugInstanceStruct 0000000180020dc8     feedback_plant_sfun_registry.obj
 0003:00003418       ?__type_info_root_node@@3U__type_info_node@@A 0000000180021418     MSVCRT:tncleanup.obj
 0003:00003428       _feedback_plantMachineNumber_ 0000000180021428     <common>
 0003:00003430       __native_startup_lock      0000000180021430     <common>
 0003:00003438       __native_startup_state     0000000180021438     <common>
 0003:00003440       __onexitend                0000000180021440     <common>
 0003:00003448       __onexitbegin              0000000180021448     <common>
 0003:00003450       __dyn_tls_init_callback    0000000180021450     <common>

 entry point at        0001:0001931c

 Static symbols

 0000:00000000       .debug$S                   0000000180000000     kernel32:KERNEL32.dll
 0000:00000000       .debug$S                   0000000180000000     kernel32:KERNEL32.dll
 0000:00000000       .debug$S                   0000000180000000     kernel32:KERNEL32.dll
 0000:00000000       .debug$S                   0000000180000000     kernel32:KERNEL32.dll
 0000:00000000       .debug$S                   0000000180000000     kernel32:KERNEL32.dll
 0000:00000000       .debug$S                   0000000180000000     kernel32:KERNEL32.dll
 0000:00000000       .debug$S                   0000000180000000     kernel32:KERNEL32.dll
 0000:00000000       .debug$S                   0000000180000000     kernel32:KERNEL32.dll
 0000:00000000       .debug$S                   0000000180000000     kernel32:KERNEL32.dll
 0000:00000000       .debug$S                   0000000180000000     sf_runtime:sf_runtime.dll
 0000:00000000       .debug$S                   0000000180000000     MSVCRT:MSVCR110.dll
 0000:00000000       .debug$S                   0000000180000000     MSVCRT:MSVCR110.dll
 0000:00000000       .debug$S                   0000000180000000     MSVCRT:MSVCR110.dll
 0000:00000000       .debug$S                   0000000180000000     MSVCRT:MSVCR110.dll
 0000:00000000       .debug$S                   0000000180000000     MSVCRT:MSVCR110.dll
 0000:00000000       .debug$S                   0000000180000000     MSVCRT:MSVCR110.dll
 0000:00000000       .debug$S                   0000000180000000     MSVCRT:MSVCR110.dll
 0000:00000000       .debug$S                   0000000180000000     MSVCRT:MSVCR110.dll
 0000:00000000       .debug$S                   0000000180000000     MSVCRT:MSVCR110.dll
 0000:00000000       .debug$S                   0000000180000000     MSVCRT:MSVCR110.dll
 0000:00000000       .debug$S                   0000000180000000     MSVCRT:MSVCR110.dll
 0000:00000000       .debug$S                   0000000180000000     MSVCRT:MSVCR110.dll
 0000:00000000       .debug$S                   0000000180000000     MSVCRT:MSVCR110.dll
 0000:00000000       .debug$S                   0000000180000000     MSVCRT:MSVCR110.dll
 0000:00000000       .debug$S                   0000000180000000     MSVCRT:MSVCR110.dll
 0000:00000000       .debug$S                   0000000180000000     MSVCRT:MSVCR110.dll
 0000:00000000       .debug$S                   0000000180000000     MSVCRT:MSVCR110.dll
 0000:00000000       .debug$S                   0000000180000000     MSVCRT:MSVCR110.dll
 0000:00000000       .debug$S                   0000000180000000     MSVCRT:MSVCR110.dll
 0000:00000000       .debug$S                   0000000180000000     MSVCRT:MSVCR110.dll
 0000:00000000       .debug$S                   0000000180000000     MSVCRT:MSVCR110.dll
 0000:00000000       .debug$S                   0000000180000000     MSVCRT:MSVCR110.dll
 0000:00000000       .debug$S                   0000000180000000     MSVCRT:MSVCR110.dll
 0000:00000000       .debug$S                   0000000180000000     MSVCRT:MSVCR110.dll
 0000:00000000       .debug$S                   0000000180000000     MSVCRT:MSVCR110.dll
 0000:00000000       .debug$S                   0000000180000000     sf_runtime:sf_runtime.dll
 0000:00000000       .debug$S                   0000000180000000     sf_runtime:sf_runtime.dll
 0000:00000000       .debug$S                   0000000180000000     sf_runtime:sf_runtime.dll
 0000:00000000       .debug$S                   0000000180000000     sf_runtime:sf_runtime.dll
 0000:00000000       .debug$S                   0000000180000000     sf_runtime:sf_runtime.dll
 0000:00000000       .debug$S                   0000000180000000     sf_runtime:sf_runtime.dll
 0000:00000000       .debug$S                   0000000180000000     sf_runtime:sf_runtime.dll
 0000:00000000       .debug$S                   0000000180000000     sf_runtime:sf_runtime.dll
 0000:00000000       .debug$S                   0000000180000000     sf_runtime:sf_runtime.dll
 0000:00000000       .debug$S                   0000000180000000     sf_runtime:sf_runtime.dll
 0000:00000000       .debug$S                   0000000180000000     sf_runtime:sf_runtime.dll
 0000:00000000       .debug$S                   0000000180000000     sf_runtime:sf_runtime.dll
 0000:00000000       .debug$S                   0000000180000000     sf_runtime:sf_runtime.dll
 0000:00000000       .debug$S                   0000000180000000     sf_runtime:sf_runtime.dll
 0000:00000000       .debug$S                   0000000180000000     sf_runtime:sf_runtime.dll
 0000:00000000       .debug$S                   0000000180000000     sf_runtime:sf_runtime.dll
 0000:00000000       .debug$S                   0000000180000000     sf_runtime:sf_runtime.dll
 0000:00000000       .debug$S                   0000000180000000     sf_runtime:sf_runtime.dll
 0000:00000000       .debug$S                   0000000180000000     sf_runtime:sf_runtime.dll
 0000:00000000       .debug$S                   0000000180000000     sf_runtime:sf_runtime.dll
 0000:00000000       .debug$S                   0000000180000000     sf_runtime:sf_runtime.dll
 0000:00000000       .debug$S                   0000000180000000     sf_runtime:sf_runtime.dll
 0000:00000000       .debug$S                   0000000180000000     sf_runtime:sf_runtime.dll
 0000:00000000       .debug$S                   0000000180000000     sf_runtime:sf_runtime.dll
 0000:00000000       .debug$S                   0000000180000000     sf_runtime:sf_runtime.dll
 0000:00000000       .debug$S                   0000000180000000     sf_runtime:sf_runtime.dll
 0000:00000000       .debug$S                   0000000180000000     sf_runtime:sf_runtime.dll
 0000:00000000       .debug$S                   0000000180000000     sf_runtime:sf_runtime.dll
 0000:00000000       .debug$S                   0000000180000000     sf_runtime:sf_runtime.dll
 0000:00000000       .debug$S                   0000000180000000     sf_runtime:sf_runtime.dll
 0000:00000000       .debug$S                   0000000180000000     sf_runtime:sf_runtime.dll
 0000:00000000       .debug$S                   0000000180000000     sf_runtime:sf_runtime.dll
 0000:00000000       .debug$S                   0000000180000000     sf_runtime:sf_runtime.dll
 0000:00000000       .debug$S                   0000000180000000     sf_runtime:sf_runtime.dll
 0000:00000000       .debug$S                   0000000180000000     libmx:libmx.dll
 0000:00000000       .debug$S                   0000000180000000     sf_runtime:sf_runtime.dll
 0000:00000000       .debug$S                   0000000180000000     sf_runtime:sf_runtime.dll
 0000:00000000       .debug$S                   0000000180000000     sf_runtime:sf_runtime.dll
 0000:00000000       .debug$S                   0000000180000000     libut:libut.dll
 0000:00000000       .debug$S                   0000000180000000     libut:libut.dll
 0000:00000000       .debug$S                   0000000180000000     libmx:libmx.dll
 0000:00000000       .debug$S                   0000000180000000     libmex:libmex.dll
 0000:00000000       .debug$S                   0000000180000000     libmex:libmex.dll
 0000:00000000       .debug$S                   0000000180000000     libmex:libmex.dll
 0000:00000000       .debug$S                   0000000180000000     libmex:libmex.dll
 0000:00000000       .debug$S                   0000000180000000     libmex:libmex.dll
 0000:00000000       .debug$S                   0000000180000000     libmex:libmex.dll
 0000:00000000       .debug$S                   0000000180000000     libmex:libmex.dll
 0000:00000000       .debug$S                   0000000180000000     sf_runtime:sf_runtime.dll
 0000:00000000       .debug$S                   0000000180000000     libmx:libmx.dll
 0000:00000000       .debug$S                   0000000180000000     libmx:libmx.dll
 0000:00000000       .debug$S                   0000000180000000     libmx:libmx.dll
 0000:00000000       .debug$S                   0000000180000000     libmx:libmx.dll
 0000:00000000       .debug$S                   0000000180000000     libmx:libmx.dll
 0000:00000000       .debug$S                   0000000180000000     libmx:libmx.dll
 0000:00000000       .debug$S                   0000000180000000     libmx:libmx.dll
 0000:00000000       .debug$S                   0000000180000000     libmx:libmx.dll
 0000:00000000       .debug$S                   0000000180000000     libmx:libmx.dll
 0000:00000000       .debug$S                   0000000180000000     libmx:libmx.dll
 0000:00000000       .debug$S                   0000000180000000     libmx:libmx.dll
 0000:00000000       .debug$S                   0000000180000000     libmx:libmx.dll
 0000:00000000       .debug$S                   0000000180000000     libmx:libmx.dll
 0000:00000000       .debug$S                   0000000180000000     libmx:libmx.dll
 0000:00000000       .debug$S                   0000000180000000     libmx:libmx.dll
 0000:00000000       .debug$S                   0000000180000000     libmx:libmx.dll
 0000:00000000       .debug$S                   0000000180000000     sf_runtime:sf_runtime.dll
 0000:00000000       .debug$S                   0000000180000000     sf_runtime:sf_runtime.dll
 0000:00000000       .debug$S                   0000000180000000     libmx:libmx.dll
 0000:00000000       .debug$S                   0000000180000000     sf_runtime:sf_runtime.dll
 0000:00000000       .debug$S                   0000000180000000     sf_runtime:sf_runtime.dll
 0000:00000000       .debug$S                   0000000180000000     sf_runtime:sf_runtime.dll
 0000:00000000       .debug$S                   0000000180000000     libmx:libmx.dll
 0000:00000000       .debug$S                   0000000180000000     sf_runtime:sf_runtime.dll
 0000:00000000       .debug$S                   0000000180000000     sf_runtime:sf_runtime.dll
 0000:00000000       .debug$S                   0000000180000000     sf_runtime:sf_runtime.dll
 0000:00000000       .debug$S                   0000000180000000     sf_runtime:sf_runtime.dll
 0000:00000000       .debug$S                   0000000180000000     sf_runtime:sf_runtime.dll
 0000:00000000       .debug$S                   0000000180000000     sf_runtime:sf_runtime.dll
 0000:00000000       .debug$S                   0000000180000000     sf_runtime:sf_runtime.dll
 0000:00000000       .debug$S                   0000000180000000     sf_runtime:sf_runtime.dll
 0000:00000000       .debug$S                   0000000180000000     sf_runtime:sf_runtime.dll
 0000:00000000       .debug$S                   0000000180000000     sf_runtime:sf_runtime.dll
 0000:00000000       .debug$S                   0000000180000000     sf_runtime:sf_runtime.dll
 0000:00000000       .debug$S                   0000000180000000     sf_runtime:sf_runtime.dll
 0000:00000000       .debug$S                   0000000180000000     sf_runtime:sf_runtime.dll
 0000:00000000       .debug$S                   0000000180000000     sf_runtime:sf_runtime.dll
 0000:00000000       .debug$S                   0000000180000000     sf_runtime:sf_runtime.dll
 0000:00000000       .debug$S                   0000000180000000     sf_runtime:sf_runtime.dll
 0000:00000000       .debug$S                   0000000180000000     sf_runtime:sf_runtime.dll
 0000:00000000       .debug$S                   0000000180000000     sf_runtime:sf_runtime.dll
 0000:00000000       .debug$S                   0000000180000000     sf_runtime:sf_runtime.dll
 0000:00000000       .debug$S                   0000000180000000     sf_runtime:sf_runtime.dll
 0000:00000000       .debug$S                   0000000180000000     sf_runtime:sf_runtime.dll
 0000:00000000       .debug$S                   0000000180000000     sf_runtime:sf_runtime.dll
 0000:00000000       .debug$S                   0000000180000000     sf_runtime:sf_runtime.dll
 0000:00000000       .debug$S                   0000000180000000     sf_runtime:sf_runtime.dll
 0000:00000000       .debug$S                   0000000180000000     sf_runtime:sf_runtime.dll
 0000:00000000       .debug$S                   0000000180000000     sf_runtime:sf_runtime.dll
 0000:00000000       .debug$S                   0000000180000000     sf_runtime:sf_runtime.dll
 0000:00000000       .debug$S                   0000000180000000     sf_runtime:sf_runtime.dll
 0000:00000000       .debug$S                   0000000180000000     sf_runtime:sf_runtime.dll
 0000:00000000       .debug$S                   0000000180000000     sf_runtime:sf_runtime.dll
 0000:00000000       .debug$S                   0000000180000000     sf_runtime:sf_runtime.dll
 0000:00000000       .debug$S                   0000000180000000     sf_runtime:sf_runtime.dll
 0000:00000000       .debug$S                   0000000180000000     sf_runtime:sf_runtime.dll
 0001:000016f0       chart_debug_initialization 00000001800026f0 f   c1_feedback_plant.obj
 0001:00002260       chart_debug_initialize_data_addresses 0000000180003260 f   c1_feedback_plant.obj
 0001:000024d0       initialize_c1_feedback_plant 00000001800034d0 f   c1_feedback_plant.obj
 0001:00002540       initialize_params_c1_feedback_plant 0000000180003540 f   c1_feedback_plant.obj
 0001:00002550       enable_c1_feedback_plant   0000000180003550 f   c1_feedback_plant.obj
 0001:00002580       disable_c1_feedback_plant  0000000180003580 f   c1_feedback_plant.obj
 0001:000025b0       c1_update_debugger_state_c1_feedback_plant 00000001800035b0 f   c1_feedback_plant.obj
 0001:000025c0       get_sim_state_c1_feedback_plant 00000001800035c0 f   c1_feedback_plant.obj
 0001:00002920       set_sim_state_c1_feedback_plant 0000000180003920 f   c1_feedback_plant.obj
 0001:00002ac0       finalize_c1_feedback_plant 0000000180003ac0 f   c1_feedback_plant.obj
 0001:00002ad0       sf_gateway_c1_feedback_plant 0000000180003ad0 f   c1_feedback_plant.obj
 0001:00003840       mdl_start_c1_feedback_plant 0000000180004840 f   c1_feedback_plant.obj
 0001:00003850       initSimStructsc1_feedback_plant 0000000180004850 f   c1_feedback_plant.obj
 0001:00003860       init_script_number_translation 0000000180004860 f   c1_feedback_plant.obj
 0001:00003880       c1_sf_marshallOut          0000000180004880 f   c1_feedback_plant.obj
 0001:00003930       c1_emlrt_marshallIn        0000000180004930 f   c1_feedback_plant.obj
 0001:000039a0       c1_b_emlrt_marshallIn      00000001800049a0 f   c1_feedback_plant.obj
 0001:00003a30       c1_sf_marshallIn           0000000180004a30 f   c1_feedback_plant.obj
 0001:00003ae0       c1_b_sf_marshallOut        0000000180004ae0 f   c1_feedback_plant.obj
 0001:00003bf0       c1_c_emlrt_marshallIn      0000000180004bf0 f   c1_feedback_plant.obj
 0001:00003ce0       c1_b_sf_marshallIn         0000000180004ce0 f   c1_feedback_plant.obj
 0001:00003de0       c1_e_emlrt_marshallIn      0000000180004de0 f   c1_feedback_plant.obj
 0001:00003e50       c1_f_emlrt_marshallIn      0000000180004e50 f   c1_feedback_plant.obj
 0001:00003ee0       init_dsm_address_info      0000000180004ee0 f   c1_feedback_plant.obj
 0001:00003ef0       init_simulink_io_address   0000000180004ef0 f   c1_feedback_plant.obj
 0001:00004d50       sf_get_sim_state_info_c1_feedback_plant 0000000180005d50 f   c1_feedback_plant.obj
 0001:00004e20       sf_get_instance_specialization 0000000180005e20 f   c1_feedback_plant.obj
 0001:00004e30       sf_opaque_initialize_c1_feedback_plant 0000000180005e30 f   c1_feedback_plant.obj
 0001:00004e70       sf_opaque_enable_c1_feedback_plant 0000000180005e70 f   c1_feedback_plant.obj
 0001:00004e90       sf_opaque_disable_c1_feedback_plant 0000000180005e90 f   c1_feedback_plant.obj
 0001:00004eb0       sf_opaque_gateway_c1_feedback_plant 0000000180005eb0 f   c1_feedback_plant.obj
 0001:00004ed0       sf_opaque_get_sim_state_c1_feedback_plant 0000000180005ed0 f   c1_feedback_plant.obj
 0001:00004f00       sf_opaque_set_sim_state_c1_feedback_plant 0000000180005f00 f   c1_feedback_plant.obj
 0001:00004f30       sf_opaque_terminate_c1_feedback_plant 0000000180005f30 f   c1_feedback_plant.obj
 0001:00004fd0       mdlProcessParameters_c1_feedback_plant 0000000180005fd0 f   c1_feedback_plant.obj
 0001:00005090       mdlSetWorkWidths_c1_feedback_plant 0000000180006090 f   c1_feedback_plant.obj
 0001:00005710       mdlRTW_c1_feedback_plant   0000000180006710 f   c1_feedback_plant.obj
 0001:00005750       mdlStart_c1_feedback_plant 0000000180006750 f   c1_feedback_plant.obj
 0001:00005b60       chart_debug_initialization 0000000180006b60 f   c18_feedback_plant.obj
 0001:00006410       chart_debug_initialize_data_addresses 0000000180007410 f   c18_feedback_plant.obj
 0001:00006550       initialize_c18_feedback_plant 0000000180007550 f   c18_feedback_plant.obj
 0001:000065c0       initialize_params_c18_feedback_plant 00000001800075c0 f   c18_feedback_plant.obj
 0001:000065d0       enable_c18_feedback_plant  00000001800075d0 f   c18_feedback_plant.obj
 0001:00006600       disable_c18_feedback_plant 0000000180007600 f   c18_feedback_plant.obj
 0001:00006630       c18_update_debugger_state_c18_feedback_plant 0000000180007630 f   c18_feedback_plant.obj
 0001:00006640       get_sim_state_c18_feedback_plant 0000000180007640 f   c18_feedback_plant.obj
 0001:000067d0       set_sim_state_c18_feedback_plant 00000001800077d0 f   c18_feedback_plant.obj
 0001:000068a0       finalize_c18_feedback_plant 00000001800078a0 f   c18_feedback_plant.obj
 0001:000068b0       sf_gateway_c18_feedback_plant 00000001800078b0 f   c18_feedback_plant.obj
 0001:00006bd0       mdl_start_c18_feedback_plant 0000000180007bd0 f   c18_feedback_plant.obj
 0001:00006be0       c18_chartstep_c18_feedback_plant 0000000180007be0 f   c18_feedback_plant.obj
 0001:00008900       initSimStructsc18_feedback_plant 0000000180009900 f   c18_feedback_plant.obj
 0001:00008910       init_script_number_translation 0000000180009910 f   c18_feedback_plant.obj
 0001:00008930       c18_sf_marshallOut         0000000180009930 f   c18_feedback_plant.obj
 0001:000089e0       c18_emlrt_marshallIn       00000001800099e0 f   c18_feedback_plant.obj
 0001:00008a50       c18_b_emlrt_marshallIn     0000000180009a50 f   c18_feedback_plant.obj
 0001:00008ae0       c18_sf_marshallIn          0000000180009ae0 f   c18_feedback_plant.obj
 0001:00008b90       c18_b_sf_marshallOut       0000000180009b90 f   c18_feedback_plant.obj
 0001:00008ca0       c18_c_sf_marshallOut       0000000180009ca0 f   c18_feedback_plant.obj
 0001:00008db0       c18_d_sf_marshallOut       0000000180009db0 f   c18_feedback_plant.obj
 0001:00008f70       c18_c_emlrt_marshallIn     0000000180009f70 f   c18_feedback_plant.obj
 0001:00009180       c18_b_sf_marshallIn        000000018000a180 f   c18_feedback_plant.obj
 0001:00009300       c18_e_sf_marshallOut       000000018000a300 f   c18_feedback_plant.obj
 0001:000094c0       c18_d_emlrt_marshallIn     000000018000a4c0 f   c18_feedback_plant.obj
 0001:000096d0       c18_c_sf_marshallIn        000000018000a6d0 f   c18_feedback_plant.obj
 0001:00009850       c18_f_sf_marshallOut       000000018000a850 f   c18_feedback_plant.obj
 0001:00009a10       c18_e_emlrt_marshallIn     000000018000aa10 f   c18_feedback_plant.obj
 0001:00009c20       c18_d_sf_marshallIn        000000018000ac20 f   c18_feedback_plant.obj
 0001:00009da0       c18_g_sf_marshallOut       000000018000ada0 f   c18_feedback_plant.obj
 0001:00009ec0       c18_f_emlrt_marshallIn     000000018000aec0 f   c18_feedback_plant.obj
 0001:00009fc0       c18_e_sf_marshallIn        000000018000afc0 f   c18_feedback_plant.obj
 0001:0000a0c0       c18_h_emlrt_marshallIn     000000018000b0c0 f   c18_feedback_plant.obj
 0001:0000a130       c18_i_emlrt_marshallIn     000000018000b130 f   c18_feedback_plant.obj
 0001:0000a1c0       init_dsm_address_info      000000018000b1c0 f   c18_feedback_plant.obj
 0001:0000a1d0       init_simulink_io_address   000000018000b1d0 f   c18_feedback_plant.obj
 0001:0000aa90       sf_get_sim_state_info_c18_feedback_plant 000000018000ba90 f   c18_feedback_plant.obj
 0001:0000ab60       sf_get_instance_specialization 000000018000bb60 f   c18_feedback_plant.obj
 0001:0000ab70       sf_opaque_initialize_c18_feedback_plant 000000018000bb70 f   c18_feedback_plant.obj
 0001:0000abb0       sf_opaque_enable_c18_feedback_plant 000000018000bbb0 f   c18_feedback_plant.obj
 0001:0000abd0       sf_opaque_disable_c18_feedback_plant 000000018000bbd0 f   c18_feedback_plant.obj
 0001:0000abf0       sf_opaque_gateway_c18_feedback_plant 000000018000bbf0 f   c18_feedback_plant.obj
 0001:0000ac10       sf_opaque_get_sim_state_c18_feedback_plant 000000018000bc10 f   c18_feedback_plant.obj
 0001:0000ac40       sf_opaque_set_sim_state_c18_feedback_plant 000000018000bc40 f   c18_feedback_plant.obj
 0001:0000ac70       sf_opaque_terminate_c18_feedback_plant 000000018000bc70 f   c18_feedback_plant.obj
 0001:0000ad10       mdlProcessParameters_c18_feedback_plant 000000018000bd10 f   c18_feedback_plant.obj
 0001:0000add0       mdlSetWorkWidths_c18_feedback_plant 000000018000bdd0 f   c18_feedback_plant.obj
 0001:0000b410       mdlRTW_c18_feedback_plant  000000018000c410 f   c18_feedback_plant.obj
 0001:0000b450       mdlStart_c18_feedback_plant 000000018000c450 f   c18_feedback_plant.obj
 0001:0000b860       chart_debug_initialization 000000018000c860 f   c19_feedback_plant.obj
 0001:0000c110       chart_debug_initialize_data_addresses 000000018000d110 f   c19_feedback_plant.obj
 0001:0000c250       initialize_c19_feedback_plant 000000018000d250 f   c19_feedback_plant.obj
 0001:0000c2c0       initialize_params_c19_feedback_plant 000000018000d2c0 f   c19_feedback_plant.obj
 0001:0000c2d0       enable_c19_feedback_plant  000000018000d2d0 f   c19_feedback_plant.obj
 0001:0000c300       disable_c19_feedback_plant 000000018000d300 f   c19_feedback_plant.obj
 0001:0000c330       c19_update_debugger_state_c19_feedback_plant 000000018000d330 f   c19_feedback_plant.obj
 0001:0000c340       get_sim_state_c19_feedback_plant 000000018000d340 f   c19_feedback_plant.obj
 0001:0000c4d0       set_sim_state_c19_feedback_plant 000000018000d4d0 f   c19_feedback_plant.obj
 0001:0000c5a0       finalize_c19_feedback_plant 000000018000d5a0 f   c19_feedback_plant.obj
 0001:0000c5b0       sf_gateway_c19_feedback_plant 000000018000d5b0 f   c19_feedback_plant.obj
 0001:0000c8d0       mdl_start_c19_feedback_plant 000000018000d8d0 f   c19_feedback_plant.obj
 0001:0000c8e0       c19_chartstep_c19_feedback_plant 000000018000d8e0 f   c19_feedback_plant.obj
 0001:0000e450       initSimStructsc19_feedback_plant 000000018000f450 f   c19_feedback_plant.obj
 0001:0000e460       init_script_number_translation 000000018000f460 f   c19_feedback_plant.obj
 0001:0000e480       c19_sf_marshallOut         000000018000f480 f   c19_feedback_plant.obj
 0001:0000e530       c19_emlrt_marshallIn       000000018000f530 f   c19_feedback_plant.obj
 0001:0000e5a0       c19_b_emlrt_marshallIn     000000018000f5a0 f   c19_feedback_plant.obj
 0001:0000e630       c19_sf_marshallIn          000000018000f630 f   c19_feedback_plant.obj
 0001:0000e6e0       c19_b_sf_marshallOut       000000018000f6e0 f   c19_feedback_plant.obj
 0001:0000e7f0       c19_c_sf_marshallOut       000000018000f7f0 f   c19_feedback_plant.obj
 0001:0000e900       c19_d_sf_marshallOut       000000018000f900 f   c19_feedback_plant.obj
 0001:0000eac0       c19_c_emlrt_marshallIn     000000018000fac0 f   c19_feedback_plant.obj
 0001:0000ecd0       c19_b_sf_marshallIn        000000018000fcd0 f   c19_feedback_plant.obj
 0001:0000ee50       c19_e_sf_marshallOut       000000018000fe50 f   c19_feedback_plant.obj
 0001:0000f010       c19_d_emlrt_marshallIn     0000000180010010 f   c19_feedback_plant.obj
 0001:0000f220       c19_c_sf_marshallIn        0000000180010220 f   c19_feedback_plant.obj
 0001:0000f3a0       c19_f_sf_marshallOut       00000001800103a0 f   c19_feedback_plant.obj
 0001:0000f560       c19_e_emlrt_marshallIn     0000000180010560 f   c19_feedback_plant.obj
 0001:0000f770       c19_d_sf_marshallIn        0000000180010770 f   c19_feedback_plant.obj
 0001:0000f8f0       c19_g_sf_marshallOut       00000001800108f0 f   c19_feedback_plant.obj
 0001:0000fa10       c19_f_emlrt_marshallIn     0000000180010a10 f   c19_feedback_plant.obj
 0001:0000fb10       c19_e_sf_marshallIn        0000000180010b10 f   c19_feedback_plant.obj
 0001:0000fc10       c19_h_emlrt_marshallIn     0000000180010c10 f   c19_feedback_plant.obj
 0001:0000fc80       c19_i_emlrt_marshallIn     0000000180010c80 f   c19_feedback_plant.obj
 0001:0000fd10       init_dsm_address_info      0000000180010d10 f   c19_feedback_plant.obj
 0001:0000fd20       init_simulink_io_address   0000000180010d20 f   c19_feedback_plant.obj
 0001:000105e0       sf_get_sim_state_info_c19_feedback_plant 00000001800115e0 f   c19_feedback_plant.obj
 0001:000106b0       sf_get_instance_specialization 00000001800116b0 f   c19_feedback_plant.obj
 0001:000106c0       sf_opaque_initialize_c19_feedback_plant 00000001800116c0 f   c19_feedback_plant.obj
 0001:00010700       sf_opaque_enable_c19_feedback_plant 0000000180011700 f   c19_feedback_plant.obj
 0001:00010720       sf_opaque_disable_c19_feedback_plant 0000000180011720 f   c19_feedback_plant.obj
 0001:00010740       sf_opaque_gateway_c19_feedback_plant 0000000180011740 f   c19_feedback_plant.obj
 0001:00010760       sf_opaque_get_sim_state_c19_feedback_plant 0000000180011760 f   c19_feedback_plant.obj
 0001:00010790       sf_opaque_set_sim_state_c19_feedback_plant 0000000180011790 f   c19_feedback_plant.obj
 0001:000107c0       sf_opaque_terminate_c19_feedback_plant 00000001800117c0 f   c19_feedback_plant.obj
 0001:00010860       mdlProcessParameters_c19_feedback_plant 0000000180011860 f   c19_feedback_plant.obj
 0001:00010920       mdlSetWorkWidths_c19_feedback_plant 0000000180011920 f   c19_feedback_plant.obj
 0001:00010f60       mdlRTW_c19_feedback_plant  0000000180011f60 f   c19_feedback_plant.obj
 0001:00010fa0       mdlStart_c19_feedback_plant 0000000180011fa0 f   c19_feedback_plant.obj
 0001:000124e8       $LN120                     00000001800134e8     feedback_plant_sfun_registry.obj
 0001:00014264       $LN17                      0000000180015264     feedback_plant_sfun_registry.obj
 0001:000147ec       $LN26                      00000001800157ec     feedback_plant_sfun_registry.obj
 0001:00014ed4       $LN23                      0000000180015ed4     feedback_plant_sfun_registry.obj
 0001:000154b0       $LN26                      00000001800164b0     feedback_plant_sfun_registry.obj
 0001:000170d0       sf_debug_api_wrapper       00000001800180d0 f   feedback_plant_sfun_registry.obj
 0001:00017120       ProcessMexSfunctionCmdLineCall 0000000180018120 f   feedback_plant_sfun_registry.obj
 0001:000174b0       mdlSetWorkWidths           00000001800184b0 f   feedback_plant_sfun_registry.obj
 0001:000174e0       mdlProcessParameters       00000001800184e0 f   feedback_plant_sfun_registry.obj
 0001:00017510       mdl_start_processing       0000000180018510 f   feedback_plant_sfun_registry.obj
 0001:000175c0       mdl_terminate_processing   00000001800185c0 f   feedback_plant_sfun_registry.obj
 0001:00017640       mdlStart                   0000000180018640 f   feedback_plant_sfun_registry.obj
 0001:00017670       mdlTerminate               0000000180018670 f   feedback_plant_sfun_registry.obj
 0001:000176a0       mdlInitializeSizes         00000001800186a0 f   feedback_plant_sfun_registry.obj
 0001:000176d0       mdlInitializeSampleTimes   00000001800186d0 f   feedback_plant_sfun_registry.obj
 0001:00017700       mdl_outputs_continuous_legacy 0000000180018700 f   feedback_plant_sfun_registry.obj
 0001:00017800       mdl_outputs_processing     0000000180018800 f   feedback_plant_sfun_registry.obj
[...]
 0004:000004a4       $pdata$sf_c19_feedback_plant_get_eml_resolved_functions_info 00000001800224a4     c19_feedback_plant.obj
 0004:000004b0       $pdata$sf_c19_feedback_plant_get_check_sum 00000001800224b0     c19_feedback_plant.obj
 0004:000004bc       $pdata$c19_feedback_plant_method_dispatcher 00000001800224bc     c19_feedback_plant.obj
 0004:000004c8       $pdata$chart_debug_initialization 00000001800224c8     c19_feedback_plant.obj
 0004:000004d4       $pdata$chart_debug_initialize_data_addresses 00000001800224d4     c19_feedback_plant.obj
 0004:000004e0       $pdata$initialize_c19_feedback_plant 00000001800224e0     c19_feedback_plant.obj
 0004:000004ec       $pdata$enable_c19_feedback_plant 00000001800224ec     c19_feedback_plant.obj
 0004:000004f8       $pdata$disable_c19_feedback_plant 00000001800224f8     c19_feedback_plant.obj
 0004:00000504       $pdata$get_sim_state_c19_feedback_plant 0000000180022504     c19_feedback_plant.obj
 0004:00000510       $pdata$set_sim_state_c19_feedback_plant 0000000180022510     c19_feedback_plant.obj
 0004:0000051c       $pdata$sf_gateway_c19_feedback_plant 000000018002251c     c19_feedback_plant.obj
 0004:00000528       $pdata$c19_chartstep_c19_feedback_plant 0000000180022528     c19_feedback_plant.obj
 0004:00000534       $pdata$c19_sf_marshallOut  0000000180022534     c19_feedback_plant.obj
 0004:00000540       $pdata$c19_emlrt_marshallIn 0000000180022540     c19_feedback_plant.obj
 0004:0000054c       $pdata$c19_b_emlrt_marshallIn 000000018002254c     c19_feedback_plant.obj
 0004:00000558       $pdata$c19_sf_marshallIn   0000000180022558     c19_feedback_plant.obj
 0004:00000564       $pdata$c19_b_sf_marshallOut 0000000180022564     c19_feedback_plant.obj
 0004:00000570       $pdata$c19_c_sf_marshallOut 0000000180022570     c19_feedback_plant.obj
 0004:0000057c       $pdata$c19_d_sf_marshallOut 000000018002257c     c19_feedback_plant.obj
 0004:00000588       $pdata$c19_c_emlrt_marshallIn 0000000180022588     c19_feedback_plant.obj
 0004:00000594       $pdata$c19_b_sf_marshallIn 0000000180022594     c19_feedback_plant.obj
 0004:000005a0       $pdata$c19_e_sf_marshallOut 00000001800225a0     c19_feedback_plant.obj
 0004:000005ac       $pdata$c19_d_emlrt_marshallIn 00000001800225ac     c19_feedback_plant.obj
 0004:000005b8       $pdata$c19_c_sf_marshallIn 00000001800225b8     c19_feedback_plant.obj
 0004:000005c4       $pdata$c19_f_sf_marshallOut 00000001800225c4     c19_feedback_plant.obj
 0004:000005d0       $pdata$c19_e_emlrt_marshallIn 00000001800225d0     c19_feedback_plant.obj
 0004:000005dc       $pdata$c19_d_sf_marshallIn 00000001800225dc     c19_feedback_plant.obj
 0004:000005e8       $pdata$c19_g_sf_marshallOut 00000001800225e8     c19_feedback_plant.obj
 0004:000005f4       $pdata$c19_f_emlrt_marshallIn 00000001800225f4     c19_feedback_plant.obj
 0004:00000600       $pdata$c19_e_sf_marshallIn 0000000180022600     c19_feedback_plant.obj
 0004:0000060c       $pdata$c19_h_emlrt_marshallIn 000000018002260c     c19_feedback_plant.obj
 0004:00000618       $pdata$c19_i_emlrt_marshallIn 0000000180022618     c19_feedback_plant.obj
 0004:00000624       $pdata$init_simulink_io_address 0000000180022624     c19_feedback_plant.obj
 0004:00000630       $pdata$sf_c19_feedback_plant_get_post_codegen_info 0000000180022630     c19_feedback_plant.obj
 0004:0000063c       $pdata$sf_c19_feedback_plant_get_autoinheritance_info 000000018002263c     c19_feedback_plant.obj
 0004:00000648       $pdata$sf_c19_feedback_plant_third_party_uses_info 0000000180022648     c19_feedback_plant.obj
 0004:00000654       $pdata$sf_c19_feedback_plant_jit_fallback_info 0000000180022654     c19_feedback_plant.obj
 0004:00000660       $pdata$sf_c19_feedback_plant_updateBuildInfo_args_info 0000000180022660     c19_feedback_plant.obj
 0004:0000066c       $pdata$sf_get_sim_state_info_c19_feedback_plant 000000018002266c     c19_feedback_plant.obj
 0004:00000678       $pdata$sf_opaque_initialize_c19_feedback_plant 0000000180022678     c19_feedback_plant.obj
 0004:00000684       $pdata$sf_opaque_enable_c19_feedback_plant 0000000180022684     c19_feedback_plant.obj
 0004:00000690       $pdata$sf_opaque_disable_c19_feedback_plant 0000000180022690     c19_feedback_plant.obj
 0004:0000069c       $pdata$sf_opaque_gateway_c19_feedback_plant 000000018002269c     c19_feedback_plant.obj
 0004:000006a8       $pdata$sf_opaque_get_sim_state_c19_feedback_plant 00000001800226a8     c19_feedback_plant.obj
 0004:000006b4       $pdata$sf_opaque_set_sim_state_c19_feedback_plant 00000001800226b4     c19_feedback_plant.obj
 0004:000006c0       $pdata$sf_opaque_terminate_c19_feedback_plant 00000001800226c0     c19_feedback_plant.obj
 0004:000006cc       $pdata$mdlProcessParameters_c19_feedback_plant 00000001800226cc     c19_feedback_plant.obj
 0004:000006d8       $pdata$mdlSetWorkWidths_c19_feedback_plant 00000001800226d8     c19_feedback_plant.obj
 0004:000006e4       $pdata$mdlRTW_c19_feedback_plant 00000001800226e4     c19_feedback_plant.obj
 0004:000006f0       $pdata$mdlStart_c19_feedback_plant 00000001800226f0     c19_feedback_plant.obj
 0004:000006fc       $pdata$mexFunction         00000001800226fc     feedback_plant_sfun_registry.obj
 0004:00000708       $pdata$_ssSetInputPortDirectFeedThroughFcn 0000000180022708     feedback_plant_sfun_registry.obj
 0004:00000714       $pdata$_ssGetInputPortSignalPtrsFcn 0000000180022714     feedback_plant_sfun_registry.obj
 0004:00000720       $pdata$_ssGetInputPortSignalFcn 0000000180022720     feedback_plant_sfun_registry.obj
 0004:0000072c       $pdata$_ssSetInputPortReusableFcn 000000018002272c     feedback_plant_sfun_registry.obj
 0004:00000738       $pdata$_ssSetOutputPortReusableFcn 0000000180022738     feedback_plant_sfun_registry.obj
 0004:00000744       $pdata$_ssSetSymbolicDimsSupport 0000000180022744     feedback_plant_sfun_registry.obj
 0004:00000750       $pdata$_ssRegisterSymbolicDimsExpr 0000000180022750     feedback_plant_sfun_registry.obj
 0004:0000075c       $pdata$_ssRegisterSymbolicDims 000000018002275c     feedback_plant_sfun_registry.obj
 0004:00000768       $pdata$_ssRegisterSymbolicDimsString 0000000180022768     feedback_plant_sfun_registry.obj
 0004:00000774       $pdata$_ssRegisterSymbolicDimsIntValue 0000000180022774     feedback_plant_sfun_registry.obj
 0004:00000780       $pdata$_ssRegisterSymbolicDimsPlus 0000000180022780     feedback_plant_sfun_registry.obj
 0004:0000078c       $pdata$_ssRegisterSymbolicDimsMinus 000000018002278c     feedback_plant_sfun_registry.obj
 0004:00000798       $pdata$_ssRegisterSymbolicDimsMultiply 0000000180022798     feedback_plant_sfun_registry.obj
 0004:000007a4       $pdata$_ssRegisterSymbolicDimsDivide 00000001800227a4     feedback_plant_sfun_registry.obj
 0004:000007b0       $pdata$_ssGetNumSymbolicDims 00000001800227b0     feedback_plant_sfun_registry.obj
 0004:000007bc       $pdata$_ssGetSymbolicDim   00000001800227bc     feedback_plant_sfun_registry.obj
 0004:000007c8       $pdata$_ssSetInputPortSymbolicDimsId 00000001800227c8     feedback_plant_sfun_registry.obj
 0004:000007d4       $pdata$_ssGetCompInputPortSymbolicDimsId 00000001800227d4     feedback_plant_sfun_registry.obj
 0004:000007e0       $pdata$_ssSetCompInputPortSymbolicDimsId 00000001800227e0     feedback_plant_sfun_registry.obj
 0004:000007ec       $pdata$_ssSetOutputPortSymbolicDimsId 00000001800227ec     feedback_plant_sfun_registry.obj
 0004:000007f8       $pdata$_ssGetCompOutputPortSymbolicDimsId 00000001800227f8     feedback_plant_sfun_registry.obj
 0004:00000804       $pdata$_ssSetCompOutputPortSymbolicDimsId 0000000180022804     feedback_plant_sfun_registry.obj
 0004:00000810       $pdata$_ssSetCompDWorkSymbolicDimsId 0000000180022810     feedback_plant_sfun_registry.obj
 0004:0000081c       $pdata$ssGetIsZeroCrossControlDisabled 000000018002281c     feedback_plant_sfun_registry.obj
 0004:00000828       $pdata$ssSetIsInputPortUsedForContZcSignal 0000000180022828     feedback_plant_sfun_registry.obj
 0004:00000834       $pdata$ssSetZcSignalIsZcElementDisc 0000000180022834     feedback_plant_sfun_registry.obj
 0004:00000840       $pdata$ssSetZcSignalName   0000000180022840     feedback_plant_sfun_registry.obj
 0004:0000084c       $pdata$ssSetZcSignalWidth  000000018002284c     feedback_plant_sfun_registry.obj
 0004:00000858       $pdata$ssSetZcSignalZcEventType 0000000180022858     feedback_plant_sfun_registry.obj
 0004:00000864       $pdata$ssSetZcSignalType   0000000180022864     feedback_plant_sfun_registry.obj
 0004:00000870       $pdata$ssSetZcSignalZcTol  0000000180022870     feedback_plant_sfun_registry.obj
 0004:0000087c       $pdata$ssSetZcSignalNeedsEventNotification 000000018002287c     feedback_plant_sfun_registry.obj
 0004:00000888       $pdata$ssCreateAndAddZcSignalInfo 0000000180022888     feedback_plant_sfun_registry.obj
 0004:00000894       $pdata$ssCloneAndAddZcSignalInfo 0000000180022894     feedback_plant_sfun_registry.obj
 0004:000008a0       $pdata$ssGetNumZcSignals   00000001800228a0     feedback_plant_sfun_registry.obj
 0004:000008ac       $pdata$ssGetZcSignalVector 00000001800228ac     feedback_plant_sfun_registry.obj
 0004:000008b8       $pdata$ssGetZcSignalName   00000001800228b8     feedback_plant_sfun_registry.obj
 0004:000008c4       $pdata$ssGetZcSignalWidth  00000001800228c4     feedback_plant_sfun_registry.obj
 0004:000008d0       $pdata$ssGetZcSignalZcEventType 00000001800228d0     feedback_plant_sfun_registry.obj
 0004:000008dc       $pdata$ssGetZcSignalZcEvents 00000001800228dc     feedback_plant_sfun_registry.obj
 0004:000008e8       $pdata$ssGetZcSignalType   00000001800228e8     feedback_plant_sfun_registry.obj
 0004:000008f4       $pdata$ssGetZcSignalZcTol  00000001800228f4     feedback_plant_sfun_registry.obj
 0004:00000900       $pdata$ssGetZcSignalNeedsEventNotification 0000000180022900     feedback_plant_sfun_registry.obj
 0004:0000090c       $pdata$ssGetZcSignalIsZcElementDisc 000000018002290c     feedback_plant_sfun_registry.obj
 0004:00000918       $pdata$ssGetIsInputPortElementContinuous 0000000180022918     feedback_plant_sfun_registry.obj
 0004:00000924       $pdata$ssGetDTypeIdFromMxArray 0000000180022924     feedback_plant_sfun_registry.obj
 0004:00000930       $pdata$ssWriteRTWStr       0000000180022930     feedback_plant_sfun_registry.obj
 0004:0000093c       $pdata$ssWriteRTWNameValuePair 000000018002293c     feedback_plant_sfun_registry.obj
 0004:00000948       $pdata$ssWriteRTWParamSettings 0000000180022948     feedback_plant_sfun_registry.obj
 0004:00000954       $pdata$ssWriteRTWParameters 0000000180022954     feedback_plant_sfun_registry.obj
 0004:00000960       $pdata$ssWriteRTWWorkVect  0000000180022960     feedback_plant_sfun_registry.obj
 0004:0000096c       $pdata$ssWriteRTWMxVectParam 000000018002296c     feedback_plant_sfun_registry.obj
 0004:00000978       $pdata$ssWriteRTWMx2dMatParam 0000000180022978     feedback_plant_sfun_registry.obj
 0004:00000984       $pdata$_ssSetInputPortMatrixDimensions 0000000180022984     feedback_plant_sfun_registry.obj
 0004:00000990       $pdata$_ssSetOutputPortMatrixDimensions 0000000180022990     feedback_plant_sfun_registry.obj
 0004:0000099c       $pdata$_ssSetInputPortVectorDimension 000000018002299c     feedback_plant_sfun_registry.obj
 0004:000009a8       $pdata$_ssSetOutputPortVectorDimension 00000001800229a8     feedback_plant_sfun_registry.obj
 0004:000009b4       $pdata$ssIsRunTimeParamTunable 00000001800229b4     feedback_plant_sfun_registry.obj
 0004:000009c0       $pdata$ssGetSFuncBlockHandle 00000001800229c0     feedback_plant_sfun_registry.obj
 0004:000009cc       $pdata$_ssGetCurrentInputPortWidth 00000001800229cc     feedback_plant_sfun_registry.obj
 0004:000009d8       $pdata$_ssGetCurrentOutputPortWidth 00000001800229d8     feedback_plant_sfun_registry.obj
 0004:000009e4       $pdata$_ssGetCallSystemNumFcnCallDestinations 00000001800229e4     feedback_plant_sfun_registry.obj
 0004:000009f0       $pdata$ssGetParameterTuningCompliance 00000001800229f0     feedback_plant_sfun_registry.obj
 0004:000009fc       $pdata$ssWarning           00000001800229fc     feedback_plant_sfun_registry.obj
 0004:00000a08       $pdata$_ssGetAbsTol        0000000180022a08     feedback_plant_sfun_registry.obj
 0004:00000a14       $pdata$sf_process_check_sum_call 0000000180022a14     feedback_plant_sfun_registry.obj
 0004:00000a20       $pdata$sf_process_testpoint_info_call 0000000180022a20     feedback_plant_sfun_registry.obj
 0004:00000a2c       $pdata$sf_process_autoinheritance_call 0000000180022a2c     feedback_plant_sfun_registry.obj
 0004:00000a38       $pdata$sf_process_get_third_party_uses_info_call 0000000180022a38     feedback_plant_sfun_registry.obj
 0004:00000a44       $pdata$sf_process_get_jit_fallback_info_call 0000000180022a44     feedback_plant_sfun_registry.obj
 0004:00000a50       $pdata$sf_process_get_updateBuildInfo_args_info_call 0000000180022a50     feedback_plant_sfun_registry.obj
 0004:00000a5c       $pdata$sf_process_get_eml_resolved_functions_info_call 0000000180022a5c     feedback_plant_sfun_registry.obj
 0004:00000a68       $pdata$sf_mex_unlock_call  0000000180022a68     feedback_plant_sfun_registry.obj
 0004:00000a74       $pdata$sf_debug_api_wrapper 0000000180022a74     feedback_plant_sfun_registry.obj
 0004:00000a80       $pdata$ProcessMexSfunctionCmdLineCall 0000000180022a80     feedback_plant_sfun_registry.obj
 0004:00000a8c       $pdata$sf_machine_global_initializer_called 0000000180022a8c     feedback_plant_sfun_registry.obj
 0004:00000a98       $pdata$sf_machine_global_method_dispatcher 0000000180022a98     feedback_plant_sfun_registry.obj
 0004:00000aa4       $pdata$sf_machine_global_terminator 0000000180022aa4     feedback_plant_sfun_registry.obj
 0004:00000ab0       $pdata$sf_register_machine_exported_symbols 0000000180022ab0     feedback_plant_sfun_registry.obj
 0004:00000abc       $pdata$sf_machine_global_initializer 0000000180022abc     feedback_plant_sfun_registry.obj
 0004:00000ac8       $pdata$mdlGetSimState      0000000180022ac8     feedback_plant_sfun_registry.obj
 0004:00000ad4       $pdata$mdlSetSimState      0000000180022ad4     feedback_plant_sfun_registry.obj
 0004:00000ae0       $pdata$mdlSetWorkWidths    0000000180022ae0     feedback_plant_sfun_registry.obj
 0004:00000aec       $pdata$mdlProcessParameters 0000000180022aec     feedback_plant_sfun_registry.obj
 0004:00000af8       $pdata$mdl_start_processing 0000000180022af8     feedback_plant_sfun_registry.obj
 0004:00000b04       $pdata$mdl_terminate_processing 0000000180022b04     feedback_plant_sfun_registry.obj
 0004:00000b10       $pdata$mdlStart            0000000180022b10     feedback_plant_sfun_registry.obj
 0004:00000b1c       $pdata$mdlTerminate        0000000180022b1c     feedback_plant_sfun_registry.obj
 0004:00000b28       $pdata$mdlInitializeSizes  0000000180022b28     feedback_plant_sfun_registry.obj
 0004:00000b34       $pdata$mdlInitializeSampleTimes 0000000180022b34     feedback_plant_sfun_registry.obj
 0004:00000b40       $pdata$mdl_outputs_continuous_legacy 0000000180022b40     feedback_plant_sfun_registry.obj
 0004:00000b4c       $pdata$mdl_outputs_processing 0000000180022b4c     feedback_plant_sfun_registry.obj
 0004:00000b58       $pdata$mdl_zeroCrossings_processing 0000000180022b58     feedback_plant_sfun_registry.obj
 0004:00000b64       $pdata$mdlZeroCrossings    0000000180022b64     feedback_plant_sfun_registry.obj
 0004:00000b70       $pdata$mdl_derivatives_processing 0000000180022b70     feedback_plant_sfun_registry.obj
 0004:00000b7c       $pdata$mdlDerivatives      0000000180022b7c     feedback_plant_sfun_registry.obj
 0004:00000b88       $pdata$mdl_initialize_conditions_processing 0000000180022b88     feedback_plant_sfun_registry.obj
 0004:00000b94       $pdata$mdlInitializeConditions 0000000180022b94     feedback_plant_sfun_registry.obj
 0004:00000ba0       $pdata$mdl_ext_mode_exec_processing 0000000180022ba0     feedback_plant_sfun_registry.obj
 0004:00000bac       $pdata$mdlExtModeExec      0000000180022bac     feedback_plant_sfun_registry.obj
 0004:00000bb8       $pdata$mdlRTW              0000000180022bb8     feedback_plant_sfun_registry.obj
 0004:00000bc4       $pdata$mdl_enable_processing 0000000180022bc4     feedback_plant_sfun_registry.obj
 0004:00000bd0       $pdata$mdlEnable           0000000180022bd0     feedback_plant_sfun_registry.obj
 0004:00000bdc       $pdata$mdl_disable_processing 0000000180022bdc     feedback_plant_sfun_registry.obj
 0004:00000be8       $pdata$mdlDisable          0000000180022be8     feedback_plant_sfun_registry.obj
 0004:00000bf4       $pdata$mdlOutputs          0000000180022bf4     feedback_plant_sfun_registry.obj
 0004:00000c00       $pdata$mdl_update_processing 0000000180022c00     feedback_plant_sfun_registry.obj
 0004:00000c0c       $pdata$mdlUpdate           0000000180022c0c     feedback_plant_sfun_registry.obj
 0004:00000c18       $pdata$ProcessMexSfunctionEveryCall 0000000180022c18     feedback_plant_sfun_registry.obj
 0004:00000c24       $pdata$_RegNumInputPortsCB 0000000180022c24     feedback_plant_sfun_registry.obj
 0004:00000c30       $pdata$_RegNumOutputPortsCB 0000000180022c30     feedback_plant_sfun_registry.obj
 0004:00000c3c       $pdata$_CreateSimStruct    0000000180022c3c     feedback_plant_sfun_registry.obj
 0004:00000c48       $pdata$_ssFatalError       0000000180022c48     feedback_plant_sfun_registry.obj
 0004:00000c54       $pdata$_ProcessMexSfunctionCmdLineCall 0000000180022c54     feedback_plant_sfun_registry.obj
 0004:00000c60       $pdata$__raise_securityfailure 0000000180022c60     MSVCRT:gs_report.obj
 0004:00000c6c       $pdata$__report_gsfailure  0000000180022c6c     MSVCRT:gs_report.obj
 0004:00000c78       $pdata$__report_rangecheckfailure 0000000180022c78     MSVCRT:gs_report.obj
 0004:00000c84       $pdata$__report_securityfailure 0000000180022c84     MSVCRT:gs_report.obj
 0004:00000c90       $pdata$__report_securityfailureEx 0000000180022c90     MSVCRT:gs_report.obj
 0004:00000c9c       $pdata$__GSHandlerCheck    0000000180022c9c     MSVCRT:gshandler.obj
 0004:00000ca8       $pdata$__GSHandlerCheckCommon 0000000180022ca8     MSVCRT:gshandler.obj
 0004:00000ccc       $pdata$pre_c_init          0000000180022ccc     MSVCRT:crtdll.obj
 0004:00000cd8       $pdata$_CRT_INIT           0000000180022cd8     MSVCRT:crtdll.obj
 0004:00000ce4       $pdata$_DllMainCRTStartup  0000000180022ce4     MSVCRT:crtdll.obj
 0004:00000cf0       $pdata$__DllMainCRTStartup 0000000180022cf0     MSVCRT:crtdll.obj
 0004:00000cfc       $pdata$_IsNonwritableInCurrentImage 0000000180022cfc     MSVCRT:pesect.obj
 0004:00000d08       $pdata$__atonexitinit      0000000180022d08     MSVCRT:atonexit.obj
 0004:00000d14       $pdata$_onexit             0000000180022d14     MSVCRT:atonexit.obj
 0004:00000d20       $pdata$atexit              0000000180022d20     MSVCRT:atonexit.obj
 0004:00000d2c       $pdata$__security_init_cookie 0000000180022d2c     MSVCRT:gs_support.obj
 0004:00000d38       $pdata$DllMain             0000000180022d38     MSVCRT:dllmain.obj
 0004:00000d44       $pdata$_RTC_Initialize     0000000180022d44     MSVCRT:initsect.obj
 0004:00000d50       $pdata$_RTC_Terminate      0000000180022d50     MSVCRT:initsect.obj
 0004:00000d5c       $pdata$__DllMainCRTStartup$filt$0 0000000180022d5c     MSVCRT:crtdll.obj
 0004:00000d68       $pdata$__DllMainCRTStartup$fin$1 0000000180022d68     MSVCRT:crtdll.obj
 0004:00000d74       $pdata$_IsNonwritableInCurrentImage$filt$0 0000000180022d74     MSVCRT:pesect.obj
 0004:00000d80       $pdata$_onexit$fin$0       0000000180022d80     MSVCRT:atonexit.obj
