 pump_test_model_xpc

 Timestamp is 57bb0412 (Mon Aug 22 15:54:26 2016)

 Preferred load address is 10000000

 Start         Length     Name                   Class
 0001:00000000 0003770bH .text                   CODE
 0002:00000000 00000104H .CRT$XCA                DATA
 0002:00000104 00000104H .CRT$XCZ                DATA
 0002:00000208 00000104H .CRT$XIA                DATA
 0002:0000030c 00000113H .CRT$XIC                DATA
 0002:00000420 00000104H .CRT$XIZ                DATA
 0002:00000524 00000104H .CRT$XPA                DATA
 0002:00000628 00000109H .CRT$XPX                DATA
 0002:00000734 00000104H .CRT$XPXA               DATA
 0002:00000838 00000104H .CRT$XPZ                DATA
 0002:0000093c 00000104H .CRT$XTA                DATA
 0002:00000a40 00000104H .CRT$XTZ                DATA
 0002:00000b50 0000baa0H .rdata                  DATA
 0002:0000c5f0 000001acH .rdata$debug            DATA
 0002:0000c7a0 0000010eH .rdata$sxdata           DATA
 0002:0000c8b0 00000104H .rtc$IAA                DATA
 0002:0000c9b4 00000104H .rtc$IZZ                DATA
 0002:0000cab8 00000104H .rtc$TAA                DATA
 0002:0000cbbc 00000104H .rtc$TZZ                DATA
 0002:0000ccc0 00000991H .xdata$x                DATA
 0002:0000d660 0000021dH .edata                  DATA
 0003:00000000 00001bbfH .data                   DATA
 0003:00001bc0 00013d20H .bss                    DATA
 0004:00000000 00000014H .idata$2                DATA
 0004:00000014 00000014H .idata$3                DATA
 0004:00000028 000001bcH .idata$4                DATA
 0004:000001e4 000001bcH .idata$5                DATA
 0004:000003a0 000007c3H .idata$6                DATA

  Address         Publics by Value              Rva+Base       Lib:Object

 0000:00000000       __except_list              00000000     <absolute>
 0000:00000003       ___safe_se_handler_count   00000003     <absolute>
 0000:00000000       ___ImageBase               10000000     <linker-defined>
 0001:00000300       _MdlInitialize             10001300 f   pump_test_model.obj
 0001:00000310       _MdlInitializeSampleTimes  10001310 f   pump_test_model.obj
 0001:00000320       _MdlInitializeSizes        10001320 f   pump_test_model.obj
 0001:00000330       _MdlOutputs                10001330 f   pump_test_model.obj
 0001:00000340       _MdlStart                  10001340 f   pump_test_model.obj
 0001:00000370       _MdlTerminate              10001370 f   pump_test_model.obj
 0001:00000380       _MdlUpdate                 10001380 f   pump_test_model.obj
 0001:00000390       _pump_test_model           10001390 f   pump_test_model.obj
 0001:000007a0       _pump_test_model_derivatives 100017a0 f   pump_test_model.obj
 0001:000007c0       _pump_test_model_initialize 100017c0 f   pump_test_model.obj
 0001:000007f0       _pump_test_model_output    100017f0 f   pump_test_model.obj
 0001:00001350       _pump_test_model_terminate 10002350 f   pump_test_model.obj
 0001:00001360       _pump_test_model_update    10002360 f   pump_test_model.obj
 0001:00001440       _rt_ODECreateIntegrationData 10002440 f   pump_test_model.obj
 0001:00001450       _rt_ODEDestroyIntegrationData 10002450 f   pump_test_model.obj
 0001:00001460       _rt_ODEUpdateContinuousStates 10002460 f   pump_test_model.obj
 0001:00001690       _rt_powd_snf               10002690 f   pump_test_model.obj
 0001:00001920       _pump_test_model_GetCAPIStaticMap 10002920 f   pump_test_model_capi.obj
 0001:00001930       _pump_test_model_InitializeDataMapInfo 10002930 f   pump_test_model_capi.obj
 0001:000019c0       _TgtConnBackgroundTask     100029c0 f   pump_test_model_tgtconn.obj
 0001:000019d0       _TgtConnInit               100029d0 f   pump_test_model_tgtconn.obj
 0001:000019f0       _TgtConnPostStep           100029f0 f   pump_test_model_tgtconn.obj
 0001:00001a00       _TgtConnPreStep            10002a00 f   pump_test_model_tgtconn.obj
 0001:00001a10       _TgtConnTerm               10002a10 f   pump_test_model_tgtconn.obj
 0001:00001a20       _rtGetInf                  10002a20 f   rtGetInf.obj
 0001:00001a50       _rtGetInfF                 10002a50 f   rtGetInf.obj
 0001:00001a70       _rtGetMinusInf             10002a70 f   rtGetInf.obj
 0001:00001aa0       _rtGetMinusInfF            10002aa0 f   rtGetInf.obj
 0001:00001ac0       _rtGetNaN                  10002ac0 f   rtGetNaN.obj
 0001:00001af0       _rtGetNaNF                 10002af0 f   rtGetNaN.obj
 0001:000023d0       _rt_CreateLogVar           100033d0 f   rt_logging.obj
 0001:00002460       _rt_CreateLogVarWithConvert 10003460 f   rt_logging.obj
 0001:00002e30       _rt_CreateStructLogVar     10003e30 f   rt_logging.obj
 0001:00003c40       _rt_GetMxIdFromDTypeId     10004c40 f   rt_logging.obj
 0001:00003c70       _rt_GetMxIdFromDTypeIdForRSim 10004c70 f   rt_logging.obj
 0001:00006560       _rt_StartDataLogging       10007560 f   rt_logging.obj
 0001:00006a20       _rt_StartDataLoggingWithStartTime 10007a20 f   rt_logging.obj
 0001:000073a0       _rt_StopDataLogging        100083a0 f   rt_logging.obj
 0001:000073c0       _rt_StopDataLoggingImpl    100083c0 f   rt_logging.obj
 0001:000076e0       _rt_UpdateLogVar           100086e0 f   rt_logging.obj
 0001:00008ae0       _rt_UpdateStructLogVar     10009ae0 f   rt_logging.obj
 0001:00008b70       _rt_UpdateTXXFYLogVars     10009b70 f   rt_logging.obj
 0001:00008eb0       _rt_UpdateTXYLogVars       10009eb0 f   rt_logging.obj
 0001:00009110       _rt_CleanUpForStateLogWithMMI 1000a110 f   rt_logging_mmi.obj
 0001:00009220       _rt_FillStateSigInfoFromMMI 1000a220 f   rt_logging_mmi.obj
 0001:000095d0       _rtIsInf                   1000a5d0 f   rt_nonfinite.obj
 0001:00009610       _rtIsInfF                  1000a610 f   rt_nonfinite.obj
 0001:00009650       _rtIsNaN                   1000a650 f   rt_nonfinite.obj
 0001:00009670       _rtIsNaNF                  1000a670 f   rt_nonfinite.obj
 0001:00009690       _rt_InitInfAndNaN          1000a690 f   rt_nonfinite.obj
 0001:000096f0       _rtwCAPI_CountSysRan       1000a6f0 f   rtw_modelmap_utils.obj
 0001:00009790       _rtwCAPI_EncodePath        1000a790 f   rtw_modelmap_utils.obj
 0001:00009880       _rtwCAPI_FillSysRan        1000a880 f   rtw_modelmap_utils.obj
 0001:00009970       _rtwCAPI_FreeFullPaths     1000a970 f   rtw_modelmap_utils.obj
 0001:00009a00       _rtwCAPI_GetFullStateBlockPath 1000aa00 f   rtw_modelmap_utils.obj
 0001:00009bb0       _rtwCAPI_GetNumContStateRecords 1000abb0 f   rtw_modelmap_utils.obj
 0001:00009c70       _rtwCAPI_GetNumSigLogRecords 1000ac70 f   rtw_modelmap_utils.obj
 0001:00009cc0       _rtwCAPI_GetNumSigLogRecordsForRTWLogging 1000acc0 f   rtw_modelmap_utils.obj
 0001:00009d50       _rtwCAPI_GetNumStateRecords 1000ad50 f   rtw_modelmap_utils.obj
 0001:00009da0       _rtwCAPI_GetNumStateRecordsForRTWLogging 1000ada0 f   rtw_modelmap_utils.obj
 0001:00009e30       _rtwCAPI_GetSigAddrFromMap 1000ae30 f   rtw_modelmap_utils.obj
 0001:00009ef0       _rtwCAPI_GetSigLogRecordInfo 1000aef0 f   rtw_modelmap_utils.obj
 0001:0000a320       _rtwCAPI_GetStateRecordInfo 1000b320 f   rtw_modelmap_utils.obj
 0001:0000a7d0       _rtwCAPI_GetStateWidth     1000b7d0 f   rtw_modelmap_utils.obj
 0001:0000a830       _rtwCAPI_HasStates         1000b830 f   rtw_modelmap_utils.obj
 0001:0000a8a0       _rtwCAPI_UpdateFullPaths   1000b8a0 f   rtw_modelmap_utils.obj
 0001:0000aa80       _DllMain@12                1000ba80 f   xpctarget.obj
 0001:0000aa90       _SLRTSetErrorStatus        1000ba90 f   xpctarget.obj
 0001:0000aab0       _changeStepSize            1000bab0 f   xpctarget.obj
 0001:0000ab30       _getDLMVersion             1000bb30 f   xpctarget.obj
 0001:0000ab40       _getRefMdlPath             1000bb40 f   xpctarget.obj
 0001:0000abc0       _getRefMdlSignalNumber     1000bbc0 f   xpctarget.obj
 0001:0000ac70       _getrlmdlinfo              1000bc70 f   xpctarget.obj
 0001:0000ae50       _pump_test_model_ChangeStepSize 1000be50 f   xpctarget.obj
 0001:0000aec0       _updateDiscreteEvents      1000bec0 f   xpctarget.obj
 0001:0000aed0       _getNumRef                 1000bed0 f   appmappingData.obj
 0001:0000aee0       _GetPCIDeviceFull          1000bee0 f   xpcruntime:xpcimports.obj
 0001:0000af10       _ShowPCIDevice             1000bf10 f   xpcruntime:xpcimports.obj
 0001:0000b580       _xpcGetPciConfigAtSlot     1000c580 f   xpcruntime:xpcimports.obj
 0001:0000b810       _xpcInitProcs              1000c810 f   xpcruntime:xpcimports.obj
 0001:0000c370       _xpceuploadevent           1000d370 f   xpcruntime:xpcimports.obj
 0001:0000c371       __heap_alloc               1000d371 f i LIBCMT:malloc.obj
 0001:0000c3ae       _malloc                    1000d3ae f   LIBCMT:malloc.obj
 0001:0000c440       @__security_check_cookie@4 1000d440 f   LIBCMT:secchk.obj
 0001:0000c44f       ___libm_sse2_pow           1000d44f f   LIBCMT:pow_sse2.obj
 0001:0000ced0       _memset                    1000ded0 f   LIBCMT:memset.obj
 0001:0000cf60       __fpmath                   1000df60 f   LIBCMT:fpinit.obj
 0001:0000cf77       ___setfflag                1000df77 f   LIBCMT:fpinit.obj
 0001:0000cf8a       __cfltcvt_init             1000df8a f   LIBCMT:fpinit.obj
 0001:0000cfea       ___raise_securityfailure   1000dfea f   LIBCMT:gs_report.obj
 0001:0000d027       ___report_gsfailure        1000e027 f   LIBCMT:gs_report.obj
 0001:0000d120       ___report_rangecheckfailure 1000e120 f   LIBCMT:gs_report.obj
 0001:0000d12c       ___report_securityfailure  1000e12c f   LIBCMT:gs_report.obj
 0001:0000d1fa       ___report_securityfailureEx 1000e1fa f   LIBCMT:gs_report.obj
 0001:0000d30e       ___copy_path_to_wide_string 1000e30e f   LIBCMT:crt0dat.obj
 0001:0000d3be       ___crtCorExitProcess       1000e3be f   LIBCMT:crt0dat.obj
 0001:0000d3f0       ___crtExitProcess          1000e3f0 f   LIBCMT:crt0dat.obj
 0001:0000d406       ___freeCrtMemory           1000e406 f   LIBCMT:crt0dat.obj
 0001:0000d50d       __amsg_exit                1000e50d f   LIBCMT:crt0dat.obj
 0001:0000d529       __c_exit                   1000e529 f   LIBCMT:crt0dat.obj
 0001:0000d538       __cexit                    1000e538 f   LIBCMT:crt0dat.obj
 0001:0000d547       __cinit                    1000e547 f   LIBCMT:crt0dat.obj
 0001:0000d5d8       __exit                     1000e5d8 f   LIBCMT:crt0dat.obj
 0001:0000d5ec       __get_pgmptr               1000e5ec f   LIBCMT:crt0dat.obj
 0001:0000d61b       __get_wpgmptr              1000e61b f   LIBCMT:crt0dat.obj
 0001:0000d64a       __init_pointers            1000e64a f   LIBCMT:crt0dat.obj
 0001:0000d69a       __initterm_e               1000e69a f   LIBCMT:crt0dat.obj
 0001:0000d6bc       __lockexit                 1000e6bc f   LIBCMT:crt0dat.obj
 0001:0000d6c5       __unlockexit               1000e6c5 f   LIBCMT:crt0dat.obj
 0001:0000d7fd       _exit                      1000e7fd f   LIBCMT:crt0dat.obj
 0001:0000d811       _calloc                    1000e811 f   LIBCMT:calloc.obj
 0001:0000d84f       _free                      1000e84f f   LIBCMT:free.obj
 0001:0000d887       _realloc                   1000e887 f   LIBCMT:realloc.obj
 0001:0000d940       _memmove                   1000e940 f   LIBCMT:memmove.obj
 0001:0000df90       _strchr                    1000ef90 f   LIBCMT:strchr.obj
 0001:0000dffe       ___from_strstr_to_strchr   1000effe     LIBCMT:strchr.obj
 0001:0000e0c0       _strncat                   1000f0c0 f   LIBCMT:strncat.obj
 0001:0000e200       _strncpy                   1000f200 f   LIBCMT:strncpy.obj
 0001:0000e324       ___initstdio               1000f324 f   LIBCMT:_file.obj
 0001:0000e397       ___endstdio                1000f397 f   LIBCMT:_file.obj
 0001:0000e3be       ___iob_func                1000f3be f   LIBCMT:_file.obj
 0001:0000e3c4       __lock_file                1000f3c4 f   LIBCMT:_file.obj
 0001:0000e403       __lock_file2               1000f403 f   LIBCMT:_file.obj
 0001:0000e433       __unlock_file              1000f433 f   LIBCMT:_file.obj
 0001:0000e46d       __unlock_file2             1000f46d f   LIBCMT:_file.obj
 0001:0000e49a       __fclose_nolock            1000f49a f   LIBCMT:fclose.obj
 0001:0000e506       _fclose                    1000f506 f   LIBCMT:fclose.obj
 0001:0000e57d       __fsopen                   1000f57d f   LIBCMT:fopen.obj
 0001:0000e641       _fopen                     1000f641 f   LIBCMT:fopen.obj
 0001:0000e656       _fopen_s                   1000f656 f   LIBCMT:fopen.obj
 0001:0000e69b       __fprintf_l                1000f69b f   LIBCMT:fprintf.obj
 0001:0000e6b5       __fprintf_p                1000f6b5 f   LIBCMT:fprintf.obj
 0001:0000e6ce       __fprintf_p_l              1000f6ce f   LIBCMT:fprintf.obj
 0001:0000e6e8       __fprintf_s_l              1000f6e8 f   LIBCMT:fprintf.obj
 0001:0000e702       _fprintf                   1000f702 f   LIBCMT:fprintf.obj
 0001:0000e81d       _fprintf_s                 1000f81d f   LIBCMT:fprintf.obj
 0001:0000e836       __fread_nolock             1000f836 f   LIBCMT:fread.obj
 0001:0000e851       __fread_nolock_s           1000f851 f   LIBCMT:fread.obj
 0001:0000ea14       _fread                     1000fa14 f   LIBCMT:fread.obj
 0001:0000ea2f       _fread_s                   1000fa2f f   LIBCMT:fread.obj
 0001:0000eac0       __fwrite_nolock            1000fac0 f   LIBCMT:fwrite.obj
 0001:0000ec17       _fwrite                    1000fc17 f   LIBCMT:fwrite.obj
 0001:0000ec95       __get_printf_count_output  1000fc95 f   LIBCMT:printf.obj
 0001:0000ecaa       __printf_l                 1000fcaa f   LIBCMT:printf.obj
 0001:0000ecc1       __printf_p                 1000fcc1 f   LIBCMT:printf.obj
 0001:0000ecd7       __printf_p_l               1000fcd7 f   LIBCMT:printf.obj
 0001:0000ecee       __printf_s_l               1000fcee f   LIBCMT:printf.obj
 0001:0000ed05       __set_printf_count_output  1000fd05 f   LIBCMT:printf.obj
 0001:0000ed2d       _printf                    1000fd2d f   LIBCMT:printf.obj
 0001:0000edd9       _printf_s                  1000fdd9 f   LIBCMT:printf.obj
 0001:0000edef       __unlink                   1000fdef f   LIBCMT:unlink.obj
 0001:0000edf8       _remove                    1000fdf8 f   LIBCMT:unlink.obj
 0001:0000ee38       _rewind                    1000fe38 f   LIBCMT:rewind.obj
 0001:0000ef00       __scprintf                 1000ff00 f   LIBCMT:sprintf.obj
 0001:0000ef13       __scprintf_l               1000ff13 f   LIBCMT:sprintf.obj
 0001:0000ef2a       __scprintf_p               1000ff2a f   LIBCMT:sprintf.obj
 0001:0000ef3d       __scprintf_p_l             1000ff3d f   LIBCMT:sprintf.obj
 0001:0000ef54       __snprintf_s               1000ff54 f   LIBCMT:sprintf.obj
 0001:0000ef73       __snprintf_s_l             1000ff73 f   LIBCMT:sprintf.obj
 0001:0000ef93       __sprintf_l                1000ff93 f   LIBCMT:sprintf.obj
 0001:0000efad       __sprintf_p                1000ffad f   LIBCMT:sprintf.obj
 0001:0000efc9       __sprintf_p_l              1000ffc9 f   LIBCMT:sprintf.obj
 0001:0000efe6       __sprintf_s_l              1000ffe6 f   LIBCMT:sprintf.obj
 0001:0000f003       _sprintf                   10010003 f   LIBCMT:sprintf.obj
 0001:0000f085       _sprintf_s                 10010085 f   LIBCMT:sprintf.obj
 0001:0000f0a1       _ldexp                     100100a1 f   LIBCMT:ldexp.obj
 0001:0000f290       _memcpy                    10010290 f   LIBCMT:memcpy.obj
 0001:0000f8d4       ___isa_available_init      100108d4 f   LIBCMT:cpu_disp.obj
 0001:0000fa0d       __invoke_watson_if_error   10010a0d f i LIBCMT:wassert.obj
 0001:0000fa2d       __wassert                  10010a2d f   LIBCMT:wassert.obj
 0001:000100cf       __CRT_INIT@12              100110cf f   LIBCMT:dllcrt0.obj
 0001:0001023b       __DllMainCRTStartup@12     1001123b f   LIBCMT:dllcrt0.obj
 0001:0001036c       ___DllXcptFilter           1001136c f   LIBCMT:dllcrt0.obj
 0001:00010391       ?_query_new_handler@@YAP6AHI@ZXZ 10011391 f   LIBCMT:handler.obj
 0001:0001039e       ?_set_new_handler@@YAP6AHI@ZH@Z 1001139e f   LIBCMT:handler.obj
 0001:000103a7       ?_set_new_handler@@YAP6AHI@ZP6AHI@Z@Z 100113a7 f   LIBCMT:handler.obj
 0001:000103dc       __callnewh                 100113dc f   LIBCMT:handler.obj
 0001:00010402       __initp_heap_handler       10011402 f   LIBCMT:handler.obj
 0001:0001040f       __FF_MSGBANNER             1001140f f   LIBCMT:crt0msg.obj
 0001:00010448       __GET_RTERRMSG             10011448 f   LIBCMT:crt0msg.obj
 0001:0001046c       __NMSG_WRITE               1001146c f   LIBCMT:crt0msg.obj
 0001:00010627       ___doserrno                10011627 f   LIBCMT:dosmap.obj
 0001:0001063a       __dosmaperr                1001163a f   LIBCMT:dosmap.obj
 0001:0001065b       __errno                    1001165b f   LIBCMT:dosmap.obj
 0001:0001066e       __get_doserrno             1001166e f   LIBCMT:dosmap.obj
 0001:00010691       __get_errno                10011691 f   LIBCMT:dosmap.obj
 0001:000106b4       __get_errno_from_oserr     100116b4 f   LIBCMT:dosmap.obj
 0001:000106f5       __set_doserrno             100116f5 f   LIBCMT:dosmap.obj
 0001:00010714       __set_errno                10011714 f   LIBCMT:dosmap.obj
 0001:00010733       __get_heap_handle          10011733 f   LIBCMT:heapinit.obj
 0001:00010739       __heap_init                10011739 f   LIBCMT:heapinit.obj
 0001:0001074e       __heap_term                1001174e f   LIBCMT:heapinit.obj
 0001:00010756       __VEC_memset               10011756 f   LIBCMT:p4_memset.obj
 0001:0001081e       ??0_LocaleUpdate@@QAE@PAUlocaleinfo_struct@@@Z 1001181e f i LIBCMT:cvt.obj
 0001:000108a6       ??1_LocaleUpdate@@QAE@XZ   100118a6 f i LIBCMT:cvt.obj
 0001:000108b4       ?GetLocaleT@_LocaleUpdate@@QAEPAUlocaleinfo_struct@@XZ 100118b4 f i LIBCMT:cvt.obj
 0001:000108b7       ?strrchr@@YAPADPADH@Z      100118b7 f i LIBCMT:cvt.obj
 0001:000108c0       __cfltcvt                  100118c0 f   LIBCMT:cvt.obj
 0001:000108e1       __cfltcvt_l                100118e1 f   LIBCMT:cvt.obj
 0001:00010967       __cftoa                    10011967 f   LIBCMT:cvt.obj
 0001:00010985       __cftoa_l                  10011985 f   LIBCMT:cvt.obj
 0001:00010cdf       __cftoe                    10011cdf f   LIBCMT:cvt.obj
 0001:00010e4c       __cftoe_l                  10011e4c f   LIBCMT:cvt.obj
 0001:00010f18       __cftof                    10011f18 f   LIBCMT:cvt.obj
 0001:0001101d       __cftof_l                  1001201d f   LIBCMT:cvt.obj
 0001:000110dc       __cftog                    100120dc f   LIBCMT:cvt.obj
 0001:000110fa       __cftog_l                  100120fa f   LIBCMT:cvt.obj
 0001:000111f7       __cropzeros                100121f7 f   LIBCMT:cvt.obj
 0001:00011208       __cropzeros_l              10012208 f   LIBCMT:cvt.obj
 0001:00011286       __fassign                  10012286 f   LIBCMT:cvt.obj
 0001:0001129e       __fassign_l                1001229e f   LIBCMT:cvt.obj
 0001:000112de       __forcdecpt                100122de f   LIBCMT:cvt.obj
 0001:000112ef       __forcdecpt_l              100122ef f   LIBCMT:cvt.obj
 0001:00011361       __positive                 10012361 f   LIBCMT:cvt.obj
 0001:000113a3       __setdefaultprecision      100123a3 f   LIBCMT:fp8.obj
 0001:000113ca       __initp_misc_cfltcvt_tab   100123ca f   LIBCMT:cmiscdat.obj
 0001:000113e9       __crt_debugger_hook        100123e9 f   LIBCMT:dbghook.obj
 0001:0001142a       ___crtFlsAlloc             1001242a f   LIBCMT:winapisupp.obj
 0001:00011438       ___crtFlsFree              10012438 f   LIBCMT:winapisupp.obj
 0001:00011446       ___crtFlsGetValue          10012446 f   LIBCMT:winapisupp.obj
 0001:00011454       ___crtFlsSetValue          10012454 f   LIBCMT:winapisupp.obj
 0001:00011465       ___crtGetShowWindowMode    10012465 f   LIBCMT:winapisupp.obj
 0001:00011486       ___crtIsPackagedApp        10012486 f   LIBCMT:winapisupp.obj
 0001:000114d2       ___crtSetUnhandledExceptionFilter 100124d2 f   LIBCMT:winapisupp.obj
 0001:000114e0       ___crtTerminateProcess     100124e0 f   LIBCMT:winapisupp.obj
 0001:000114f5       ___crtUnhandledException   100124f5 f   LIBCMT:winapisupp.obj
 0001:0001150b       ?_invalid_parameter@@YAXPBG00II@Z 1001250b f   LIBCMT:invarg.obj
 0001:00011510       ?_invoke_watson@@YAXPBG00II@Z 10012510 f   LIBCMT:invarg.obj
 0001:00011528       __call_reportfault         10012528 f   LIBCMT:invarg.obj
 0001:0001164b       __get_invalid_parameter_handler 1001264b f   LIBCMT:invarg.obj
 0001:00011658       __initp_misc_invarg        10012658 f   LIBCMT:invarg.obj
 0001:00011665       __invalid_parameter        10012665 f   LIBCMT:invarg.obj
 0001:00011690       __invalid_parameter_noinfo 10012690 f   LIBCMT:invarg.obj
 0001:000116a0       __invalid_parameter_noinfo_noreturn 100126a0 f   LIBCMT:invarg.obj
 0001:000116bb       __invoke_watson            100126bb f   LIBCMT:invarg.obj
 0001:000116e6       __set_invalid_parameter_handler 100126e6 f   LIBCMT:invarg.obj
 0001:0001170b       __RTC_Initialize           1001270b f   LIBCMT:initsect.obj
 0001:0001172b       __RTC_Terminate            1001272b f   LIBCMT:initsect.obj
 0001:0001174b       __lock                     1001274b f   LIBCMT:mlock.obj
 0001:0001177f       __lockerr_exit             1001277f f   LIBCMT:mlock.obj
 0001:0001179f       __mtdeletelocks            1001279f f   LIBCMT:mlock.obj
 0001:000117f3       __mtinitlocknum            100127f3 f   LIBCMT:mlock.obj
 0001:0001189a       __mtinitlocks              1001289a f   LIBCMT:mlock.obj
 0001:000118cf       __unlock                   100128cf f   LIBCMT:mlock.obj
 0001:000118f0       __FindPESection            100128f0 f   LIBCMT:pesect.obj
 0001:00011940       __IsNonwritableInCurrentImage 10012940 f   LIBCMT:pesect.obj
 0001:00011a00       __ValidateImageBase        10012a00 f   LIBCMT:pesect.obj
 0001:00011a31       ___onexitinit              10012a31 f   LIBCMT:onexit.obj
 0001:00011a60       __onexit                   10012a60 f   LIBCMT:onexit.obj
 0001:00011b56       _atexit                    10012b56 f   LIBCMT:onexit.obj
 0001:00011b6b       __calloc_crt               10012b6b f   LIBCMT:crtheap.obj
 0001:00011bb5       __malloc_crt               10012bb5 f   LIBCMT:crtheap.obj
 0001:00011bfe       __realloc_crt              10012bfe f   LIBCMT:crtheap.obj
 0001:00011c4a       __recalloc_crt             10012c4a f   LIBCMT:crtheap.obj
 0001:00011c9a       __set_malloc_crt_max_wait  10012c9a f   LIBCMT:crtheap.obj
 0001:00011cad       _wait_a_bit                10012cad f i LIBCMT:crtheap.obj
 0001:00011cd1       ?_inconsistency@@YAXXZ     10012cd1 f   LIBCMT:hooks.obj
 0001:00011d09       ?terminate@@YAXXZ          10012d09 f   LIBCMT:hooks.obj
 0001:00011d3d       ?unexpected@@YAXXZ         10012d3d f   LIBCMT:hooks.obj
 0001:00011d50       __initp_eh_hooks           10012d50 f   LIBCMT:hooks.obj
 0001:00011d61       ___getlocaleinfo           10012d61 f   LIBCMT:inithelp.obj
 0001:00011f38       __initp_misc_purevirt      10012f38 f   LIBCMT:inithelp.obj
 0001:00011f45       __initp_misc_rand_s        10012f45 f   LIBCMT:rand_s.obj
 0001:00011f52       _rand_s                    10012f52 f   LIBCMT:rand_s.obj
 0001:00012060       ___fpecode                 10013060 f   LIBCMT:winsig.obj
 0001:00012069       ___get_sigabrt             10013069 f   LIBCMT:winsig.obj
 0001:00012076       ___pxcptinfoptrs           10013076 f   LIBCMT:winsig.obj
 0001:0001207f       __initp_misc_winsig        1001307f f   LIBCMT:winsig.obj
 0001:00012134       _raise                     10013134 f   LIBCMT:winsig.obj
 0001:00012325       _signal                    10013325 f   LIBCMT:winsig.obj
 0001:00012580       __SEH_prolog4              10013580 f   LIBCMT:sehprolg4.obj
 0001:000125c5       __SEH_epilog4              100135c5 f   LIBCMT:sehprolg4.obj
 0001:00012620       __except_handler4          10013620 f   LIBCMT:chandler4.obj
 0001:000127b5       ___initmbctable            100137b5 f   LIBCMT:mbctype.obj
 0001:00012a70       ___updatetmbcinfo          10013a70 f   LIBCMT:mbctype.obj
 0001:00012b15       __getmbcp                  10013b15 f   LIBCMT:mbctype.obj
 0001:00012b44       __setmbcp                  10013b44 f   LIBCMT:mbctype.obj
 0001:00012cf2       __setmbcp_nolock           10013cf2 f   LIBCMT:mbctype.obj
 0001:00012ee7       __ftbuf                    10013ee7 f   LIBCMT:_sftbuf.obj
 0001:00012f18       __stbuf                    10013f18 f   LIBCMT:_sftbuf.obj
 0001:00012fbe       __calloc_impl              10013fbe f   LIBCMT:calloc_impl.obj
 0001:00013038       __fcloseall                10014038 f   LIBCMT:closeall.obj
 0001:000130d5       __fflush_nolock            100140d5 f   LIBCMT:fflush.obj
 0001:0001311b       __flush                    1001411b f   LIBCMT:fflush.obj
 0001:0001317f       __flushall                 1001417f f   LIBCMT:fflush.obj
 0001:00013188       _fflush                    10014188 f   LIBCMT:fflush.obj
 0001:000132c1       __fileno                   100142c1 f   LIBCMT:fileno.obj
 0001:000132e5       __close                    100142e5 f   LIBCMT:close.obj
 0001:000133bc       __close_nolock             100143bc f   LIBCMT:close.obj
 0001:00013464       __freebuf                  10014464 f   LIBCMT:_freebuf.obj
 0001:00013494       __getstream                10014494 f   LIBCMT:stream.obj
 0001:000135ac       __openfile                 100145ac f   LIBCMT:_open.obj
 0001:00013830       __local_unwind4            10014830 f   LIBCMT:exsup4.obj
 0001:00013906       __seh_longjmp_unwind4@4    10014906 f   LIBCMT:exsup4.obj
 0001:00013922       @_EH4_CallFilterFunc@8     10014922 f   LIBCMT:exsup4.obj
 0001:00013939       @_EH4_TransferToHandler@8  10014939 f   LIBCMT:exsup4.obj
 0001:00013952       @_EH4_GlobalUnwind2@8      10014952 f   LIBCMT:exsup4.obj
 0001:0001396b       @_EH4_LocalUnwind@16       1001496b f   LIBCMT:exsup4.obj
 0001:00013982       __vfprintf_l               10014982 f   LIBCMT:vfprintf.obj
 0001:000139a0       __vfprintf_p               100149a0 f   LIBCMT:vfprintf.obj
 0001:000139bd       __vfprintf_p_l             100149bd f   LIBCMT:vfprintf.obj
 0001:000139db       __vfprintf_s_l             100149db f   LIBCMT:vfprintf.obj
 0001:000139f9       _vfprintf                  100149f9 f   LIBCMT:vfprintf.obj
 0001:00013a16       _vfprintf_helper           10014a16 f   LIBCMT:vfprintf.obj
 0001:00013b30       _vfprintf_s                10014b30 f   LIBCMT:vfprintf.obj
 0001:00013b4d       __output_l                 10014b4d f   LIBCMT:output.obj
 0001:000146f1       _get_int64_arg             100156f1 f i LIBCMT:output.obj
 0001:00014704       _get_int_arg               10015704 f i LIBCMT:output.obj
 0001:00014714       _get_short_arg             10015714 f i LIBCMT:output.obj
 0001:0001480f       __ioinit                   1001580f f   LIBCMT:ioinit.obj
 0001:0001482b       __ioinit0                  1001582b f   LIBCMT:ioinit.obj
 0001:0001484a       __ioinitCallback@12        1001584a f   LIBCMT:ioinit.obj
 0001:00014b17       __ioterm                   10015b17 f   LIBCMT:ioinit.obj
 0001:00014b69       __filbuf                   10015b69 f   LIBCMT:_filbuf.obj
 0001:00014c97       _memcpy_s                  10015c97 f   LIBCMT:memcpy_s.obj
 0001:00014d16       __read                     10015d16 f   LIBCMT:read.obj
 0001:00014e2b       __read_nolock              10015e2b f   LIBCMT:read.obj
 0001:000155c5       __flsbuf                   100165c5 f   LIBCMT:_flsbuf.obj
 0001:00015721       __write                    10016721 f   LIBCMT:write.obj
 0001:00015810       __write_nolock             10016810 f   LIBCMT:write.obj
 0001:0001608c       __vprintf_l                1001708c f   LIBCMT:vprintf.obj
 0001:000160a7       __vprintf_p                100170a7 f   LIBCMT:vprintf.obj
 0001:000160c1       __vprintf_p_l              100170c1 f   LIBCMT:vprintf.obj
 0001:000160dc       __vprintf_s_l              100170dc f   LIBCMT:vprintf.obj
 0001:000160f7       _vprintf                   100170f7 f   LIBCMT:vprintf.obj
 0001:00016111       _vprintf_helper            10017111 f   LIBCMT:vprintf.obj
 0001:0001619a       _vprintf_s                 1001719a f   LIBCMT:vprintf.obj
 0001:000161b4       __wremove                  100171b4 f   LIBCMT:wunlink.obj
 0001:000161e2       __wunlink                  100171e2 f   LIBCMT:wunlink.obj
 0001:000161eb       __lseek                    100171eb f   LIBCMT:lseek.obj
 0001:000162da       __lseek_nolock             100172da f   LIBCMT:lseek.obj
 0001:0001634c       __vscprintf                1001734c f   LIBCMT:vsprintf.obj
 0001:00016366       __vscprintf_helper         10017366 f   LIBCMT:vsprintf.obj
 0001:000163c0       __vscprintf_l              100173c0 f   LIBCMT:vsprintf.obj
 0001:000163db       __vscprintf_p              100173db f   LIBCMT:vsprintf.obj
 0001:000163f5       __vscprintf_p_l            100173f5 f   LIBCMT:vsprintf.obj
 0001:00016410       __vsprintf_l               10017410 f   LIBCMT:vsprintf.obj
 0001:00016492       _vsprintf                  10017492 f   LIBCMT:vsprintf.obj
 0001:000164aa       __vsnprintf_c              100174aa f   LIBCMT:vsnprnc.obj
 0001:000164d1       __vsnprintf_c_l            100174d1 f   LIBCMT:vsnprnc.obj
 0001:000164f9       __vsnprintf_helper         100174f9 f   LIBCMT:vsnprnc.obj
 0001:000165c1       __vsnprintf_s              100175c1 f   LIBCMT:vsnprnc.obj
 0001:000165df       __vsnprintf_s_l            100175df f   LIBCMT:vsnprnc.obj
 0001:000166da       __vsprintf_p               100176da f   LIBCMT:vsnprnc.obj
 0001:00016701       __vsprintf_p_l             10017701 f   LIBCMT:vsnprnc.obj
 0001:00016729       __vsprintf_s_l             10017729 f   LIBCMT:vsnprnc.obj
 0001:0001679e       _vsprintf_s                1001779e f   LIBCMT:vsnprnc.obj
 0001:000167b9       __chgsign                  100177b9 f   LIBCMT:ieeemisc.obj
 0001:000167e4       __copysign                 100177e4 f   LIBCMT:ieeemisc.obj
 0001:0001680a       __finite                   1001780a f   LIBCMT:ieeemisc.obj
 0001:00016822       __fpclass                  10017822 f   LIBCMT:ieeemisc.obj
 0001:000168be       __isnan                    100178be f   LIBCMT:ieeemisc.obj
 0001:000168f2       __logb                     100178f2 f   LIBCMT:ieeemisc.obj
 0001:000169cf       __nextafter                100179cf f   LIBCMT:ieeemisc.obj
 0001:00016c6d       __scalb                    10017c6d f   LIBCMT:ieeemisc.obj
 0001:00016c85       __add_exp                  10017c85 f   LIBCMT:util.obj
 0001:00016cb2       __decomp                   10017cb2 f   LIBCMT:util.obj
 0001:00016d84       __get_exp                  10017d84 f   LIBCMT:util.obj
 0001:00016d9b       __set_bexp                 10017d9b f   LIBCMT:util.obj
 0001:00016dc0       __set_exp                  10017dc0 f   LIBCMT:util.obj
 0001:00016deb       __sptype                   10017deb f   LIBCMT:util.obj
 0001:00016e47       __errcode                  10017e47 f   LIBCMT:fpexcept.obj
 0001:00016e79       __except1                  10017e79 f   LIBCMT:fpexcept.obj
 0001:00016f41       __except2                  10017f41 f   LIBCMT:fpexcept.obj
 0001:00017041       __handle_exc               10018041 f   LIBCMT:fpexcept.obj
 0001:0001721d       __handle_qnan1             1001821d f   LIBCMT:fpexcept.obj
 0001:0001726d       __handle_qnan2             1001826d f   LIBCMT:fpexcept.obj
 0001:000172cd       __raise_exc                100182cd f   LIBCMT:fpexcept.obj
 0001:000172ee       __raise_exc_ex             100182ee f   LIBCMT:fpexcept.obj
 0001:000175d3       __raise_excf               100185d3 f   LIBCMT:fpexcept.obj
 0001:000175f4       __set_errno_from_matherr   100185f4 f   LIBCMT:fpexcept.obj
 0001:00017621       __umatherr                 10018621 f   LIBCMT:fpexcept.obj
 0001:000176bf       ___clrfp_sse2              100186bf f   LIBCMT:fpctrl.obj
 0001:000176e0       ___ctrlfp_sse2             100186e0 f   LIBCMT:fpctrl.obj
 0001:00017719       ___fclrf_sse2              10018719 f   LIBCMT:fpctrl.obj
 0001:00017734       ___get_fpsr_sse2           10018734 f   LIBCMT:fpctrl.obj
 0001:0001774e       ___set_fpsr_sse2           1001874e f   LIBCMT:fpctrl.obj
 0001:000177c4       ___set_statfp_sse2         100187c4 f   LIBCMT:fpctrl.obj
 0001:000177dd       ___statfp_sse2             100187dd f   LIBCMT:fpctrl.obj
 0001:000177f2       __clrfp                    100187f2 f   LIBCMT:fpctrl.obj
 0001:00017801       __ctrlfp                   10018801 f   LIBCMT:fpctrl.obj
 0001:0001782a       __set_statfp               1001882a f   LIBCMT:fpctrl.obj
 0001:00017880       __statfp                   10018880 f   LIBCMT:fpctrl.obj
 0001:0001788e       _wcscat_s                  1001888e f   LIBCMT:wcscat_s.obj
 0001:000178fa       _wcscpy_s                  100188fa f   LIBCMT:wcscpy_s.obj
 0001:00017956       _wcslen                    10018956 f   LIBCMT:wcslen.obj
 0001:0001796f       _wcsncat_s                 1001896f f   LIBCMT:wcsncat_s.obj
 0001:00017a3d       __set_abort_behavior       10018a3d f   LIBCMT:abort.obj
 0001:00017a5c       _abort                     10018a5c f   LIBCMT:abort.obj
 0001:00017a9f       ___set_app_type            10018a9f f   LIBCMT:errmode.obj
 0001:00017aac       __set_error_mode           10018aac f   LIBCMT:errmode.obj
 0001:00017c06       __i64tow_s                 10018c06 f   LIBCMT:xtows.obj
 0001:00017c37       __itow_s                   10018c37 f   LIBCMT:xtows.obj
 0001:00017c60       __ltow_s                   10018c60 f   LIBCMT:xtows.obj
 0001:00017c8a       __ui64tow_s                10018c8a f   LIBCMT:xtows.obj
 0001:00017ca5       __ultow_s                  10018ca5 f   LIBCMT:xtows.obj
 0001:00017db0       _setvbuf                   10018db0 f   LIBCMT:setvbuf.obj
 0001:00017eb6       __fwprintf_l               10018eb6 f   LIBCMT:fwprintf.obj
 0001:00017ed0       __fwprintf_p               10018ed0 f   LIBCMT:fwprintf.obj
 0001:00017ee9       __fwprintf_p_l             10018ee9 f   LIBCMT:fwprintf.obj
 0001:00017f03       __fwprintf_s_l             10018f03 f   LIBCMT:fwprintf.obj
 0001:00017f1d       _fwprintf                  10018f1d f   LIBCMT:fwprintf.obj
 0001:00017fae       _fwprintf_s                10018fae f   LIBCMT:fwprintf.obj
 0001:00017fc7       __vsnwprintf_s             10018fc7 f   LIBCMT:vswprnc.obj
 0001:00017fe5       __vsnwprintf_s_l           10018fe5 f   LIBCMT:vswprnc.obj
 0001:000180e4       __vswprintf_c              100190e4 f   LIBCMT:vswprnc.obj
 0001:0001810b       __vswprintf_c_l            1001910b f   LIBCMT:vswprnc.obj
 0001:00018133       __vswprintf_helper         10019133 f   LIBCMT:vswprnc.obj
 0001:0001822c       __vswprintf_p              1001922c f   LIBCMT:vswprnc.obj
 0001:00018253       __vswprintf_p_l            10019253 f   LIBCMT:vswprnc.obj
 0001:0001827b       __vswprintf_s_l            1001927b f   LIBCMT:vswprnc.obj
 0001:000182f2       _vswprintf_s               100192f2 f   LIBCMT:vswprnc.obj
 0001:0001830d       ___crtMessageBoxW          1001930d f   LIBCMT:crtmboxw.obj
 0001:000184ef       ___crtMessageBoxWaitThreadW@4 100194ef f   LIBCMT:crtmboxw.obj
 0001:0001850d       __XcptFilter               1001950d f   LIBCMT:winxfltr.obj
 0001:00018668       ___CppXcptFilter           10019668 f   LIBCMT:winxfltr.obj
 0001:000186ba       ___get_flsindex            100196ba f   LIBCMT:tidtable.obj
 0001:000186c0       ___threadhandle            100196c0 f   LIBCMT:tidtable.obj
 0001:000186c6       ___threadid                100196c6 f   LIBCMT:tidtable.obj
 0001:000186cc       __freefls@4                100196cc f   LIBCMT:tidtable.obj
 0001:00018803       __freeptd                  10019803 f   LIBCMT:tidtable.obj
 0001:00018839       __getptd                   10019839 f   LIBCMT:tidtable.obj
 0001:00018851       __getptd_noexit            10019851 f   LIBCMT:tidtable.obj
 0001:000188c0       __initptd                  100198c0 f   LIBCMT:tidtable.obj
 0001:0001896c       __mtinit                   1001996c f   LIBCMT:tidtable.obj
 0001:000189e2       __mtterm                   100199e2 f   LIBCMT:tidtable.obj
 0001:000189ff       __set_pgmptr               100199ff f i LIBCMT:stdargv.obj
 0001:00018a0c       __setargv                  10019a0c f   LIBCMT:stdargv.obj
 0001:00018c39       __setenvp                  10019c39 f   LIBCMT:stdenvp.obj
 0001:00018d1a       ___security_init_cookie    10019d1a f   LIBCMT:gs_support.obj
 0001:00018db4       ___crtGetEnvironmentStringsA 10019db4 f   LIBCMT:a_env.obj
 0001:00018e40       _strlen                    10019e40 f   LIBCMT:strlen.obj
 0001:00018ecb       _wcsncpy_s                 10019ecb f   LIBCMT:wcsncpy_s.obj
 0001:00018f89       ___addlocaleref            10019f89 f   LIBCMT:localref.obj
 0001:00019019       ___freetlocinfo            1001a019 f   LIBCMT:localref.obj
 0001:00019173       ___removelocaleref         1001a173 f   LIBCMT:localref.obj
 0001:0001920e       ___updatetlocinfo          1001a20e f   LIBCMT:localref.obj
 0001:0001928a       __updatetlocinfoEx_nolock  1001a28a f   LIBCMT:localref.obj
 0001:000192d5       ___isascii                 1001a2d5 f i LIBCMT:_ctype.obj
 0001:000192e5       ___iscsym                  1001a2e5 f i LIBCMT:_ctype.obj
 0001:00019305       ___iscsymf                 1001a305 f i LIBCMT:_ctype.obj
 0001:00019322       ___toascii                 1001a322 f i LIBCMT:_ctype.obj
 0001:0001932d       __isalnum_l                1001a32d f i LIBCMT:_ctype.obj
 0001:00019383       __isalpha_l                1001a383 f i LIBCMT:_ctype.obj
 0001:000193d9       __iscntrl_l                1001a3d9 f i LIBCMT:_ctype.obj
 0001:00019429       __iscsym_l                 1001a429 f i LIBCMT:_ctype.obj
 0001:0001944a       __iscsymf_l                1001a44a f i LIBCMT:_ctype.obj
 0001:0001946b       __isdigit_l                1001a46b f i LIBCMT:_ctype.obj
 0001:000194bb       __isgraph_l                1001a4bb f i LIBCMT:_ctype.obj
 0001:00019511       __islower_l                1001a511 f i LIBCMT:_ctype.obj
 0001:00019561       __isprint_l                1001a561 f i LIBCMT:_ctype.obj
 0001:000195b7       __ispunct_l                1001a5b7 f i LIBCMT:_ctype.obj
 0001:00019607       __isspace_l                1001a607 f i LIBCMT:_ctype.obj
 0001:00019657       __isupper_l                1001a657 f i LIBCMT:_ctype.obj
 0001:000196a7       __isxdigit_l               1001a6a7 f i LIBCMT:_ctype.obj
 0001:000196fd       _isalnum                   1001a6fd f i LIBCMT:_ctype.obj
 0001:0001972a       _isalpha                   1001a72a f i LIBCMT:_ctype.obj
 0001:00019757       _iscntrl                   1001a757 f i LIBCMT:_ctype.obj
 0001:00019782       _isdigit                   1001a782 f i LIBCMT:_ctype.obj
 0001:000197ad       _isgraph                   1001a7ad f i LIBCMT:_ctype.obj
 0001:000197da       _islower                   1001a7da f i LIBCMT:_ctype.obj
 0001:00019805       _isprint                   1001a805 f i LIBCMT:_ctype.obj
 0001:00019832       _ispunct                   1001a832 f i LIBCMT:_ctype.obj
 0001:0001985d       _isspace                   1001a85d f i LIBCMT:_ctype.obj
 0001:00019888       _isupper                   1001a888 f i LIBCMT:_ctype.obj
 0001:000198b3       _isxdigit                  1001a8b3 f i LIBCMT:_ctype.obj
 0001:000198e0       __tolower                  1001a8e0 f   LIBCMT:tolower.obj
 0001:000198eb       __tolower_l                1001a8eb f   LIBCMT:tolower.obj
 0001:00019a2c       _tolower                   1001aa2c f   LIBCMT:tolower.obj
 0001:00019a58       _strcpy_s                  1001aa58 f   LIBCMT:strcpy_s.obj
 0001:00019ab0       _strrchr                   1001aab0 f   LIBCMT:strrchr.obj
 0001:00019be7       __fptostr                  1001abe7 f   LIBCMT:_fptostr.obj
 0001:00019c97       __atodbl                   1001ac97 f   LIBCMT:atodbl.obj
 0001:00019cac       __atodbl_l                 1001acac f   LIBCMT:atodbl.obj
 0001:00019d38       __atoflt                   1001ad38 f   LIBCMT:atodbl.obj
 0001:00019d4d       __atoflt_l                 1001ad4d f   LIBCMT:atodbl.obj
 0001:00019dd9       __atoldbl                  1001add9 f   LIBCMT:atodbl.obj
 0001:00019dee       __atoldbl_l                1001adee f   LIBCMT:atodbl.obj
 0001:00019e7b       ___dtold                   1001ae7b f   LIBCMT:cfout.obj
 0001:00019f41       __fltout2                  1001af41 f   LIBCMT:cfout.obj
 0001:00019fd0       __alldvrm                  1001afd0 f   LIBCMT:lldvrm.obj
 0001:0001a0b0       __aullshr                  1001b0b0 f   LIBCMT:ullshr.obj
 0001:0001a0cf       __get_output_format        1001b0cf f   LIBCMT:outputformat.obj
 0001:0001a0d5       __set_output_format        1001b0d5 f   LIBCMT:outputformat.obj
 0001:0001a107       __controlfp_s              1001b107 f   LIBCMT:contrlfp.obj
 0001:0001a164       __fptrap                   1001b164 f   LIBCMT:crt0fp.obj
 0001:0001a16d       __msize                    1001b16d f   LIBCMT:msize.obj
 0001:0001a19e       __recalloc                 1001b19e f   LIBCMT:recalloc.obj
 0001:0001a207       _strncpy_s                 1001b207 f   LIBCMT:strncpy_s.obj
 0001:0001a383       __MarkAllocaS              1001b383 f i LIBCMT:a_loc.obj
 0001:0001a397       ___crtGetLocaleInfoA       1001b397 f   LIBCMT:a_loc.obj
 0001:0001a3cf       __freea                    1001b3cf f i LIBCMT:a_loc.obj
 0001:0001a3ed       ___crtCompareStringEx      1001b3ed f   LIBCMT:winapinls.obj
 0001:0001a40f       ___crtEnumSystemLocalesEx  1001b40f f   LIBCMT:winapinls.obj
 0001:0001a425       ___crtGetDateFormatEx      1001b425 f   LIBCMT:winapinls.obj
 0001:0001a444       ___crtGetLocaleInfoEx      1001b444 f   LIBCMT:winapinls.obj
 0001:0001a45b       ___crtGetTimeFormatEx      1001b45b f   LIBCMT:winapinls.obj
 0001:0001a478       ___crtGetUserDefaultLocaleName 1001b478 f   LIBCMT:winapinls.obj
 0001:0001a489       ___crtIsValidLocaleName    1001b489 f   LIBCMT:winapinls.obj
 0001:0001a497       ___crtLCMapStringEx        1001b497 f   LIBCMT:winapinls.obj
 0001:0001a6c2       ___crtLCMapStringA         1001b6c2 f   LIBCMT:a_map.obj
 0001:0001a7f2       ___crtGetStringTypeA       1001b7f2 f   LIBCMT:a_str.obj
 0001:0001a830       __isatty                   1001b830 f   LIBCMT:isatty.obj
 0001:0001a894       __commit                   1001b894 f   LIBCMT:commit.obj
 0001:0001a98b       ___lock_fhandle            1001b98b f   LIBCMT:osfinfo.obj
 0001:0001aa17       __alloc_osfhnd             1001ba17 f   LIBCMT:osfinfo.obj
 0001:0001abc6       __free_osfhnd              1001bbc6 f   LIBCMT:osfinfo.obj
 0001:0001ac4c       __get_osfhandle            1001bc4c f   LIBCMT:osfinfo.obj
 0001:0001acbe       __open_osfhandle           1001bcbe f   LIBCMT:osfinfo.obj
 0001:0001add4       __set_osfhnd               1001bdd4 f   LIBCMT:osfinfo.obj
 0001:0001ae56       __unlock_fhandle           1001be56 f   LIBCMT:osfinfo.obj
 0001:0001ae7c       __open                     1001be7c f   LIBCMT:open.obj
 0001:0001af29       __sopen                    1001bf29 f   LIBCMT:open.obj
 0001:0001af5a       __sopen_helper             1001bf5a f   LIBCMT:open.obj
 0001:0001b021       __sopen_nolock             1001c021 f   LIBCMT:open.obj
 0001:0001b06d       __sopen_s                  1001c06d f   LIBCMT:open.obj
 0001:0001b08b       __mbsnbcmp                 1001c08b f   LIBCMT:mbsnbcmp.obj
 0001:0001b0a3       __mbsnbcmp_l               1001c0a3 f   LIBCMT:mbsnbcmp.obj
 0001:0001b1b8       __mbsnbicmp                1001c1b8 f   LIBCMT:mbsnbicm.obj
 0001:0001b1d0       __mbsnbicmp_l              1001c1d0 f   LIBCMT:mbsnbicm.obj
 0001:0001b390       __global_unwind2           1001c390 f   LIBCMT:exsup.obj
 0001:0001b3f5       __local_unwind2            1001c3f5 f   LIBCMT:exsup.obj
 0001:0001b479       __abnormal_termination     1001c479 f   LIBCMT:exsup.obj
 0001:0001b49c       __NLG_Notify1              1001c49c f   LIBCMT:exsup.obj
 0001:0001b4a5       __NLG_Notify               1001c4a5 f   LIBCMT:exsup.obj
 0001:0001b4bc       __NLG_Dispatch2            1001c4bc     LIBCMT:exsup.obj
 0001:0001b4bc       __NLG_Dispatch             1001c4bc     LIBCMT:exsup.obj
 0001:0001b4c4       __NLG_Call                 1001c4c4 f   LIBCMT:exsup.obj
 0001:0001b4c6       __NLG_Return2              1001c4c6     LIBCMT:exsup.obj
 0001:0001b4c7       __output_s_l               1001c4c7 f   LIBCMT:outputs.obj
 0001:0001c16d       __output_p_l               1001d16d f   LIBCMT:outputp.obj
 0001:0001d4e1       __validate_param_reuseA    1001e4e1 f   LIBCMT:outputp.obj
 0001:0001d617       _get_crtdouble_arg         1001e617 f i LIBCMT:outputp.obj
 0001:0001d714       ___iswcsym                 1001e714 f i LIBCMT:_wctype.obj
 0001:0001d738       ___iswcsymf                1001e738 f i LIBCMT:_wctype.obj
 0001:0001d75c       __isleadbyte_l             1001e75c f i LIBCMT:_wctype.obj
 0001:0001d792       __iswalnum_l               1001e792 f i LIBCMT:_wctype.obj
 0001:0001d7a6       __iswalpha_l               1001e7a6 f i LIBCMT:_wctype.obj
 0001:0001d7ba       __iswcntrl_l               1001e7ba f i LIBCMT:_wctype.obj
 0001:0001d7cb       __iswcsym_l                1001e7cb f i LIBCMT:_wctype.obj
 0001:0001d7ef       __iswcsymf_l               1001e7ef f i LIBCMT:_wctype.obj
 0001:0001d813       __iswdigit_l               1001e813 f i LIBCMT:_wctype.obj
 0001:0001d824       __iswgraph_l               1001e824 f i LIBCMT:_wctype.obj
 0001:0001d838       __iswlower_l               1001e838 f i LIBCMT:_wctype.obj
 0001:0001d849       __iswprint_l               1001e849 f i LIBCMT:_wctype.obj
 0001:0001d85d       __iswpunct_l               1001e85d f i LIBCMT:_wctype.obj
 0001:0001d86e       __iswspace_l               1001e86e f i LIBCMT:_wctype.obj
 0001:0001d87f       __iswupper_l               1001e87f f i LIBCMT:_wctype.obj
 0001:0001d890       __iswxdigit_l              1001e890 f i LIBCMT:_wctype.obj
 0001:0001d8a4       _isleadbyte                1001e8a4 f i LIBCMT:_wctype.obj
 0001:0001d8b5       _iswalnum                  1001e8b5 f i LIBCMT:_wctype.obj
 0001:0001d8c9       _iswalpha                  1001e8c9 f i LIBCMT:_wctype.obj
 0001:0001d8dd       _iswascii                  1001e8dd f i LIBCMT:_wctype.obj
 0001:0001d8ef       _iswcntrl                  1001e8ef f i LIBCMT:_wctype.obj
 0001:0001d900       _iswdigit                  1001e900 f i LIBCMT:_wctype.obj
 0001:0001d911       _iswgraph                  1001e911 f i LIBCMT:_wctype.obj
 0001:0001d925       _iswlower                  1001e925 f i LIBCMT:_wctype.obj
 0001:0001d936       _iswprint                  1001e936 f i LIBCMT:_wctype.obj
 0001:0001d94a       _iswpunct                  1001e94a f i LIBCMT:_wctype.obj
 0001:0001d95b       _iswspace                  1001e95b f i LIBCMT:_wctype.obj
 0001:0001d96c       _iswupper                  1001e96c f i LIBCMT:_wctype.obj
 0001:0001d97d       _iswxdigit                 1001e97d f i LIBCMT:_wctype.obj
 0001:0001d991       __wctomb_l                 1001e991 f   LIBCMT:wctomb.obj
 0001:0001d9de       __wctomb_s_l               1001e9de f   LIBCMT:wctomb.obj
 0001:0001db00       _wctomb                    1001eb00 f   LIBCMT:wctomb.obj
 0001:0001db31       _wctomb_s                  1001eb31 f   LIBCMT:wctomb.obj
 0001:0001db50       __aulldvrm                 1001eb50 f   LIBCMT:ulldvrm.obj
 0001:0001dbe5       __getbuf                   1001ebe5 f   LIBCMT:_getbuf.obj
 0001:0001dc2b       __lseeki64                 1001ec2b f   LIBCMT:lseeki64.obj
 0001:0001dd34       __lseeki64_nolock          1001ed34 f   LIBCMT:lseeki64.obj
 0001:0001dda5       __mbtowc_l                 1001eda5 f   LIBCMT:mbtowc.obj
 0001:0001de98       _mbtowc                    1001ee98 f   LIBCMT:mbtowc.obj
 0001:0001deb0       __putwch                   1001eeb0 f   LIBCMT:putwch.obj
 0001:0001def8       __putwch_nolock            1001eef8 f   LIBCMT:putwch.obj
 0001:0001df40       __chkstk                   1001ef40 f   LIBCMT:chkstk.obj
 0001:0001df40       __alloca_probe             1001ef40     LIBCMT:chkstk.obj
 0001:0001df6b       __matherr                  1001ef6b f   LIBCMT:matherr.obj
 0001:0001df6e       __vfwprintf_l              1001ef6e f   LIBCMT:vfwprint.obj
 0001:0001df8c       __vfwprintf_p              1001ef8c f   LIBCMT:vfwprint.obj
 0001:0001dfa9       __vfwprintf_p_l            1001efa9 f   LIBCMT:vfwprint.obj
 0001:0001dfc7       __vfwprintf_s_l            1001efc7 f   LIBCMT:vfwprint.obj
 0001:0001dfe5       _vfwprintf                 1001efe5 f   LIBCMT:vfwprint.obj
 0001:0001e002       _vfwprintf_helper          1001f002 f   LIBCMT:vfwprint.obj
 0001:0001e091       _vfwprintf_s               1001f091 f   LIBCMT:vfwprint.obj
 0001:0001e0ae       __woutput_l                1001f0ae f   LIBCMT:woutput.obj
 0001:0001edb1       __woutput_s_l              1001fdb1 f   LIBCMT:woutputs.obj
 0001:0001fae8       __validate_param_reuseW    10020ae8 f   LIBCMT:woutputp.obj
 0001:0001fc5e       __woutput_p_l              10020c5e f   LIBCMT:woutputp.obj
 0001:00021093       __ismbbalnum               10022093 f   LIBCMT:ismbbyte.obj
 0001:000210ac       __ismbbalnum_l             100220ac f   LIBCMT:ismbbyte.obj
 0001:000210c6       __ismbbalpha               100220c6 f   LIBCMT:ismbbyte.obj
 0001:000210df       __ismbbalpha_l             100220df f   LIBCMT:ismbbyte.obj
 0001:000210f9       __ismbbgraph               100220f9 f   LIBCMT:ismbbyte.obj
 0001:00021112       __ismbbgraph_l             10022112 f   LIBCMT:ismbbyte.obj
 0001:0002112c       __ismbbkalnum              1002212c f   LIBCMT:ismbbyte.obj
 0001:00021142       __ismbbkalnum_l            10022142 f   LIBCMT:ismbbyte.obj
 0001:00021159       __ismbbkana                10022159 f   LIBCMT:ismbbyte.obj
 0001:0002116a       __ismbbkana_l              1002216a f   LIBCMT:ismbbyte.obj
 0001:000211b4       __ismbbkprint              100221b4 f   LIBCMT:ismbbyte.obj
 0001:000211ca       __ismbbkprint_l            100221ca f   LIBCMT:ismbbyte.obj
 0001:000211e1       __ismbbkpunct              100221e1 f   LIBCMT:ismbbyte.obj
 0001:000211f7       __ismbbkpunct_l            100221f7 f   LIBCMT:ismbbyte.obj
 0001:0002120e       __ismbblead                1002220e f   LIBCMT:ismbbyte.obj
 0001:00021224       __ismbblead_l              10022224 f   LIBCMT:ismbbyte.obj
 0001:0002123b       __ismbbprint               1002223b f   LIBCMT:ismbbyte.obj
 0001:00021254       __ismbbprint_l             10022254 f   LIBCMT:ismbbyte.obj
 0001:0002126e       __ismbbpunct               1002226e f   LIBCMT:ismbbyte.obj
 0001:00021284       __ismbbpunct_l             10022284 f   LIBCMT:ismbbyte.obj
 0001:0002129b       __ismbbtrail               1002229b f   LIBCMT:ismbbyte.obj
 0001:000212b1       __ismbbtrail_l             100222b1 f   LIBCMT:ismbbyte.obj
 0001:000212c8       ___free_lconv_mon          100222c8 f   LIBCMT:initmon.obj
 0001:000213c4       ___init_monetary           100223c4 f   LIBCMT:initmon.obj
 0001:0002179e       ___free_lconv_num          1002279e f   LIBCMT:initnum.obj
 0001:00021805       ___init_numeric            10022805 f   LIBCMT:initnum.obj
 0001:00021a45       ___free_lc_time            10022a45 f   LIBCMT:inittime.obj
 0001:00021dc5       ___init_time               10022dc5 f   LIBCMT:inittime.obj
 0001:00022632       _localeconv                10023632 f   LIBCMT:lconv.obj
 0001:00022658       __isctype                  10023658 f   LIBCMT:isctype.obj
 0001:00022687       __isctype_l                10023687 f   LIBCMT:isctype.obj
 0001:00022736       __locterm                  10023736 f   LIBCMT:wsetloca.obj
 0001:00022788       ___init_dummy              10023788 f   LIBCMT:wsetloca.obj
 0001:0002278b       ____setlc_active_func      1002378b f   LIBCMT:wsetloca.obj
 0001:00022791       ____unguarded_readlc_active_add_func 10023791 f   LIBCMT:wsetloca.obj
 0001:00022797       ___copy_locale_name        10023797 f   LIBCMT:wsetloca.obj
 0001:000227fb       ___create_locale           100237fb f   LIBCMT:wsetloca.obj
 0001:00022804       ___free_locale             10023804 f   LIBCMT:wsetloca.obj
 0001:00022809       ___get_current_locale      10023809 f   LIBCMT:wsetloca.obj
 0001:0002280e       ___lc_lctowcs              1002380e f   LIBCMT:wsetloca.obj
 0001:0002287c       ___lc_wcstolc              1002387c f   LIBCMT:wsetloca.obj
 0001:000229a6       __configthreadlocale       100239a6 f   LIBCMT:wsetloca.obj
 0001:00022a2c       __create_locale            10023a2c f   LIBCMT:wsetloca.obj
 0001:00022a8c       __expandlocale             10023a8c f   LIBCMT:wsetloca.obj
 0001:00022d6f       __free_locale              10023d6f f   LIBCMT:wsetloca.obj
 0001:00022e29       __get_current_locale       10023e29 f   LIBCMT:wsetloca.obj
 0001:00022ed8       __wcreate_locale           10023ed8 f   LIBCMT:wsetloca.obj
 0001:00022fc8       __wcscats                  10023fc8 f   LIBCMT:wsetloca.obj
 0001:00023007       __wsetlocale               10024007 f   LIBCMT:wsetloca.obj
 0001:0002393c       __CopyMan                  1002493c f i LIBCMT:intrncvt.obj
 0001:00023959       __FillZeroMan              10024959 f i LIBCMT:intrncvt.obj
 0001:00023968       __IncMan                   10024968 f i LIBCMT:intrncvt.obj
 0001:000239ca       __IsZeroMan                100249ca f i LIBCMT:intrncvt.obj
 0001:000239e7       __RoundMan                 100249e7 f i LIBCMT:intrncvt.obj
 0001:00023ae6       __ShrMan                   10024ae6 f i LIBCMT:intrncvt.obj
 0001:00023b72       __ZeroTail                 10024b72 f i LIBCMT:intrncvt.obj
 0001:00023bba       ___addl                    10024bba f i LIBCMT:intrncvt.obj
 0001:00023bde       __ld12cvt                  10024bde f i LIBCMT:intrncvt.obj
 0001:00024147       __ld12tod                  10025147 f   LIBCMT:intrncvt.obj
 0001:000246b7       __ld12tof                  100256b7 f   LIBCMT:intrncvt.obj
 0001:00024c27       __ld12told                 10025c27 f   LIBCMT:intrncvt.obj
 0001:00024cf4       ___STRINGTOLD_L            10025cf4 f   LIBCMT:strgtold.obj
 0001:00024d4d       ___ld12mul                 10025d4d f i LIBCMT:strgtold.obj
 0001:00025016       ___multtenpow12            10026016 f i LIBCMT:strgtold.obj
 0001:00025374       ___shl_12                  10026374 f i LIBCMT:strgtold.obj
 0001:000253a5       ___shr_12                  100263a5 f i LIBCMT:strgtold.obj
 0001:000253d5       ___strgtold12_l            100263d5 f   LIBCMT:strgtold.obj
 0001:00025b51       _$I10_OUTPUT               10026b51 f   LIBCMT:x10fout.obj
 0001:00026515       ___add_12                  10027515 f i LIBCMT:x10fout.obj
 0001:00026587       ___pctype_func             10027587 f   LIBCMT:ctype.obj
 0001:000265b0       ___pwctype_func            100275b0 f   LIBCMT:ctype.obj
 0001:000266ee       ___control87_2             100276ee f   LIBCMT:ieee87.obj
 0001:00026d5e       __clearfp                  10027d5e f   LIBCMT:ieee87.obj
 0001:00026e3c       __control87                10027e3c f i LIBCMT:ieee87.obj
 0001:0002713c       __controlfp                1002813c f   LIBCMT:ieee87.obj
 0001:00027445       __fpreset                  10028445 f   LIBCMT:ieee87.obj
 0001:00027512       __set_controlfp            10028512 f   LIBCMT:ieee87.obj
 0001:00027583       __statusfp                 10028583 f   LIBCMT:ieee87.obj
 0001:0002761b       __statusfp2                1002861b f   LIBCMT:ieee87.obj
 0001:00027680       __alloca_probe_16          10028680 f   LIBCMT:alloca16.obj
 0001:00027696       __alloca_probe_8           10028696     LIBCMT:alloca16.obj
 0001:0002773d       __wopen                    1002873d f   LIBCMT:wopen.obj
 0001:000277ea       __wsopen                   100287ea f   LIBCMT:wopen.obj
 0001:0002781b       __wsopen_helper            1002881b f   LIBCMT:wopen.obj
 0001:000278e2       __wsopen_nolock            100288e2 f   LIBCMT:wopen.obj
 0001:0002805b       __wsopen_s                 1002905b f   LIBCMT:wopen.obj
 0001:00028080       _strncmp                   10029080 f   LIBCMT:strncmp.obj
 0001:000280f8       __strnicmp                 100290f8 f   LIBCMT:strnicmp.obj
 0001:00028163       __strnicmp_l               10029163 f   LIBCMT:strnicmp.obj
 0001:00028436       __strtol_l                 10029436 f   LIBCMT:strtol.obj
 0001:00028451       __strtoul_l                10029451 f   LIBCMT:strtol.obj
 0001:0002846c       _strtol                    1002946c f   LIBCMT:strtol.obj
 0001:00028496       _strtoul                   10029496 f   LIBCMT:strtol.obj
 0001:000284c0       __iswctype_l               100294c0 f   LIBCMT:iswctype.obj
 0001:000284d2       _is_wctype                 100294d2 f   LIBCMT:iswctype.obj
 0001:000284db       _iswctype                  100294db f   LIBCMT:iswctype.obj
 0001:0002852d       ____lc_codepage_func       1002952d f   LIBCMT:initctyp.obj
 0001:00028553       ____lc_collate_cp_func     10029553 f   LIBCMT:initctyp.obj
 0001:00028579       ____lc_locale_name_func    10029579 f   LIBCMT:initctyp.obj
 0001:000285a1       ____mb_cur_max_func        100295a1 f   LIBCMT:initctyp.obj
 0001:000285c7       ____mb_cur_max_l_func      100295c7 f   LIBCMT:initctyp.obj
 0001:000285de       ___init_ctype              100295de f   LIBCMT:initctyp.obj
 0001:00028976       ___termconout              10029976 f   LIBCMT:initcon.obj
 0001:0002898d       ___initconout              1002998d f   LIBCMT:initcon.obj
 0001:000289ac       __fputwc_nolock            100299ac f   LIBCMT:fputwc.obj
 0001:00028b31       _fputwc                    10029b31 f   LIBCMT:fputwc.obj
 0001:00028bb2       _putwc                     10029bb2 f   LIBCMT:fputwc.obj
 0001:00028d97       __wcstol_l                 10029d97 f   LIBCMT:wcstol.obj
 0001:00028daf       __wcstoul_l                10029daf f   LIBCMT:wcstol.obj
 0001:00028dc7       _wcstol                    10029dc7 f   LIBCMT:wcstol.obj
 0001:00028ddf       _wcstoul                   10029ddf f   LIBCMT:wcstol.obj
 0001:00028df7       ___init_collate            10029df7 f   LIBCMT:initcoll.obj
 0001:00028f17       _memcmp                    10029f17 f   LIBCMT:memcmp.obj
 0001:0002be2b       _wcscmp                    1002ce2b f   LIBCMT:wcscmp.obj
 0001:0002be69       _wcscspn                   1002ce69 f   LIBCMT:wcscspn.obj
 0001:0002beb8       _wcsnlen                   1002ceb8 f   LIBCMT:wcslen_s.obj
 0001:0002bed7       _wcsncmp                   1002ced7 f   LIBCMT:wcsncmp.obj
 0001:0002bf0d       _wcspbrk                   1002cf0d f   LIBCMT:wcspbrk.obj
 0001:0002c509       ___get_qualified_locale    1002d509 f   LIBCMT:getqloc.obj
 0001:0002c6cb       ___mtold12                 1002d6cb f   LIBCMT:mantold.obj
 0001:0002c8ad       __chsize                   1002d8ad f   LIBCMT:chsize.obj
 0001:0002c8c7       __chsize_nolock            1002d8c7 f   LIBCMT:chsize.obj
 0001:0002ca7b       __chsize_s                 1002da7b f   LIBCMT:chsize.obj
 0001:0002cb6f       __get_fmode                1002db6f f   LIBCMT:setmode.obj
 0001:0002cb99       __set_fmode                1002db99 f   LIBCMT:setmode.obj
 0001:0002cbd9       __setmode                  1002dbd9 f   LIBCMT:setmode.obj
 0001:0002cce7       __setmode_nolock           1002dce7 f   LIBCMT:setmode.obj
 0001:0002cdc0       ___ascii_strnicmp          1002ddc0 f   LIBCMT:_strnicm.obj
 0001:0002ce21       __flswbuf                  1002de21 f   LIBCMT:_flswbuf.obj
 0001:0002cf90       __wchartodigit             1002df90 f   LIBCMT:wchtodig.obj
 0001:0002d12f       __wtoi                     1002e12f f   LIBCMT:wtox.obj
 0001:0002d138       __wtoi64                   1002e138 f   LIBCMT:wtox.obj
 0001:0002d14c       __wtoi64_l                 1002e14c f   LIBCMT:wtox.obj
 0001:0002d163       __wtoi_l                   1002e163 f   LIBCMT:wtox.obj
 0001:0002d16c       __wtol                     1002e16c f   LIBCMT:wtox.obj
 0001:0002d180       __wtol_l                   1002e180 f   LIBCMT:wtox.obj
 0001:0002d197       _wcschr                    1002e197 f   LIBCMT:wcschr.obj
 0001:0002d245       __wcsicmp                  1002e245 f   LIBCMT:wcsicmp.obj
 0001:0002d2d8       __wcsicmp_l                1002e2d8 f   LIBCMT:wcsicmp.obj
 0001:0002d3b1       __wcsnicmp                 1002e3b1 f   LIBCMT:wcsnicmp.obj
 0001:0002d465       __wcsnicmp_l               1002e465 f   LIBCMT:wcsnicmp.obj
 0001:0002d82a       __wcstoi64                 1002e82a f   LIBCMT:wcstoq.obj
 0001:0002d854       __wcstoi64_l               1002e854 f   LIBCMT:wcstoq.obj
 0001:0002d86f       __wcstoui64                1002e86f f   LIBCMT:wcstoq.obj
 0001:0002d899       __wcstoui64_l              1002e899 f   LIBCMT:wcstoq.obj
 0001:0002d8b4       __towlower_l               1002e8b4 f   LIBCMT:towlower.obj
 0001:0002d966       _towlower                  1002e966 f   LIBCMT:towlower.obj
 0001:0002d980       __allmul                   1002e980 f   LIBCMT:llmul.obj
 0001:0002d9b4       ___crtLCMapStringW         1002e9b4 f   LIBCMT:w_map.obj
 0001:0002d9e4       _GetModuleHandleA@4        1002e9e4 f   kernel32:KERNEL32.dll
 0001:0002d9ea       _GetProcAddress@8          1002e9ea f   kernel32:KERNEL32.dll
 0001:0002d9f0       _HeapAlloc@12              1002e9f0 f   kernel32:KERNEL32.dll
 0001:0002d9f6       _IsDebuggerPresent@0       1002e9f6 f   kernel32:KERNEL32.dll
 0001:0002d9fc       _IsProcessorFeaturePresent@4 1002e9fc f   kernel32:KERNEL32.dll
 0001:0002da02       _EncodePointer@4           1002ea02 f   kernel32:KERNEL32.dll
 0001:0002da08       _DecodePointer@4           1002ea08 f   kernel32:KERNEL32.dll
 0001:0002da0e       _GetLastError@0            1002ea0e f   kernel32:KERNEL32.dll
 0001:0002da14       _InterlockedDecrement@4    1002ea14 f   kernel32:KERNEL32.dll
 0001:0002da1a       _ExitProcess@4             1002ea1a f   kernel32:KERNEL32.dll
 0001:0002da20       _GetModuleHandleExW@12     1002ea20 f   kernel32:KERNEL32.dll
 0001:0002da26       _AreFileApisANSI@0         1002ea26 f   kernel32:KERNEL32.dll
 0001:0002da2c       _MultiByteToWideChar@24    1002ea2c f   kernel32:KERNEL32.dll
 0001:0002da32       _HeapFree@12               1002ea32 f   kernel32:KERNEL32.dll
 0001:0002da38       _HeapReAlloc@16            1002ea38 f   kernel32:KERNEL32.dll
 0001:0002da3e       _EnterCriticalSection@4    1002ea3e f   kernel32:KERNEL32.dll
 0001:0002da44       _LeaveCriticalSection@4    1002ea44 f   kernel32:KERNEL32.dll
 0001:0002da4a       _GetStdHandle@4            1002ea4a f   kernel32:KERNEL32.dll
 0001:0002da50       _GetFileType@4             1002ea50 f   kernel32:KERNEL32.dll
 0001:0002da56       _GetModuleFileNameW@12     1002ea56 f   kernel32:KERNEL32.dll
 0001:0002da5c       _WriteConsoleW@20          1002ea5c f   kernel32:KERNEL32.dll
 0001:0002da62       _GetCommandLineA@0         1002ea62 f   kernel32:KERNEL32.dll
 0001:0002da68       _GetCurrentThreadId@0      1002ea68 f   kernel32:KERNEL32.dll
 0001:0002da6e       _WriteFile@20              1002ea6e f   kernel32:KERNEL32.dll
 0001:0002da74       _GetProcessHeap@0          1002ea74 f   kernel32:KERNEL32.dll
 0001:0002da7a       _UnhandledExceptionFilter@4 1002ea7a f   kernel32:KERNEL32.dll
 0001:0002da80       _SetUnhandledExceptionFilter@4 1002ea80 f   kernel32:KERNEL32.dll
 0001:0002da86       _FlsAlloc@4                1002ea86 f   kernel32:KERNEL32.dll
 0001:0002da8c       _FlsGetValue@4             1002ea8c f   kernel32:KERNEL32.dll
 0001:0002da92       _FlsSetValue@8             1002ea92 f   kernel32:KERNEL32.dll
 0001:0002da98       _FlsFree@4                 1002ea98 f   kernel32:KERNEL32.dll
 0001:0002da9e       _GetCurrentProcess@0       1002ea9e f   kernel32:KERNEL32.dll
 0001:0002daa4       _TerminateProcess@8        1002eaa4 f   kernel32:KERNEL32.dll
 0001:0002daaa       _GetStartupInfoW@4         1002eaaa f   kernel32:KERNEL32.dll
 0001:0002dab0       _GetModuleHandleW@4        1002eab0 f   kernel32:KERNEL32.dll
 0001:0002dab6       _InitializeCriticalSectionAndSpinCount@8 1002eab6 f   kernel32:KERNEL32.dll
 0001:0002dabc       _DeleteCriticalSection@4   1002eabc f   kernel32:KERNEL32.dll
 0001:0002dac2       _FatalAppExitA@8           1002eac2 f   kernel32:KERNEL32.dll
 0001:0002dac8       _Sleep@4                   1002eac8 f   kernel32:KERNEL32.dll
 0001:0002dace       _InterlockedExchange@8     1002eace f   kernel32:KERNEL32.dll
 0001:0002dad4       _FreeLibrary@4             1002ead4 f   kernel32:KERNEL32.dll
 0001:0002dada       _LoadLibraryExW@12         1002eada f   kernel32:KERNEL32.dll
 0001:0002dae0       _SetConsoleCtrlHandler@8   1002eae0 f   kernel32:KERNEL32.dll
 0001:0002dae6       _InterlockedIncrement@4    1002eae6 f   kernel32:KERNEL32.dll
 0001:0002daec       _IsValidCodePage@4         1002eaec f   kernel32:KERNEL32.dll
 0001:0002daf2       _GetACP@0                  1002eaf2 f   kernel32:KERNEL32.dll
 0001:0002daf8       _GetOEMCP@0                1002eaf8 f   kernel32:KERNEL32.dll
 0001:0002dafe       _GetCPInfo@8               1002eafe f   kernel32:KERNEL32.dll
 0001:0002db04       _CloseHandle@4             1002eb04 f   kernel32:KERNEL32.dll
 0001:0002db0a       _RtlUnwind@16              1002eb0a f   kernel32:KERNEL32.dll
 0001:0002db10       _InitOnceExecuteOnce@16    1002eb10 f   kernel32:KERNEL32.dll
 0001:0002db16       _ReadFile@20               1002eb16 f   kernel32:KERNEL32.dll
 0001:0002db1c       _GetConsoleMode@8          1002eb1c f   kernel32:KERNEL32.dll
 0001:0002db22       _ReadConsoleW@20           1002eb22 f   kernel32:KERNEL32.dll
 0001:0002db28       _WideCharToMultiByte@32    1002eb28 f   kernel32:KERNEL32.dll
 0001:0002db2e       _GetConsoleCP@0            1002eb2e f   kernel32:KERNEL32.dll
 0001:0002db34       _DeleteFileW@4             1002eb34 f   kernel32:KERNEL32.dll
 0001:0002db3a       _SetFilePointer@16         1002eb3a f   kernel32:KERNEL32.dll
 0001:0002db40       _RaiseException@16         1002eb40 f   kernel32:KERNEL32.dll
 0001:0002db46       _OutputDebugStringW@4      1002eb46 f   kernel32:KERNEL32.dll
 0001:0002db4c       _LoadLibraryW@4            1002eb4c f   kernel32:KERNEL32.dll
 0001:0002db52       _SetLastError@4            1002eb52 f   kernel32:KERNEL32.dll
 0001:0002db58       _GetCurrentThread@0        1002eb58 f   kernel32:KERNEL32.dll
 0001:0002db5e       _GetModuleFileNameA@12     1002eb5e f   kernel32:KERNEL32.dll
 0001:0002db64       _QueryPerformanceCounter@4 1002eb64 f   kernel32:KERNEL32.dll
 0001:0002db6a       _GetSystemTimeAsFileTime@4 1002eb6a f   kernel32:KERNEL32.dll
 0001:0002db70       _GetTickCount64@0          1002eb70 f   kernel32:KERNEL32.dll
 0001:0002db76       _GetEnvironmentStringsW@0  1002eb76 f   kernel32:KERNEL32.dll
 0001:0002db7c       _FreeEnvironmentStringsW@4 1002eb7c f   kernel32:KERNEL32.dll
 0001:0002db82       _HeapSize@12               1002eb82 f   kernel32:KERNEL32.dll
 0001:0002db88       _GetTimeFormatEx@24        1002eb88 f   kernel32:KERNEL32.dll
 0001:0002db8e       _GetDateFormatEx@28        1002eb8e f   kernel32:KERNEL32.dll
 0001:0002db94       _CompareStringEx@36        1002eb94 f   kernel32:KERNEL32.dll
 0001:0002db9a       _GetLocaleInfoEx@16        1002eb9a f   kernel32:KERNEL32.dll
 0001:0002dba0       _GetUserDefaultLocaleName@8 1002eba0 f   kernel32:KERNEL32.dll
 0001:0002dba6       _LCMapStringEx@36          1002eba6 f   kernel32:KERNEL32.dll
 0001:0002dbac       _IsValidLocaleName@4       1002ebac f   kernel32:KERNEL32.dll
 0001:0002dbb2       _EnumSystemLocalesEx@16    1002ebb2 f   kernel32:KERNEL32.dll
 0001:0002dbb8       _GetStringTypeW@16         1002ebb8 f   kernel32:KERNEL32.dll
 0001:0002dbbe       _FlushFileBuffers@4        1002ebbe f   kernel32:KERNEL32.dll
 0001:0002dbc4       _SetStdHandle@8            1002ebc4 f   kernel32:KERNEL32.dll
 0001:0002dbca       _SetFilePointerEx@20       1002ebca f   kernel32:KERNEL32.dll
 0001:0002dbd0       _CreateFileW@28            1002ebd0 f   kernel32:KERNEL32.dll
 0001:0002dbd6       _SetEndOfFile@4            1002ebd6 f   kernel32:KERNEL32.dll
 0002:00000000       ___xc_a                    10039000     LIBCMT:crt0init.obj
 0002:00000104       ___xc_z                    10039104     LIBCMT:crt0init.obj
 0002:00000208       ___xi_a                    10039208     LIBCMT:crt0init.obj
 0002:00000420       ___xi_z                    10039420     LIBCMT:crt0init.obj
 0002:00000524       ___xp_a                    10039524     LIBCMT:crt0init.obj
 0002:00000838       ___xp_z                    10039838     LIBCMT:crt0init.obj
 0002:0000093c       ___xt_a                    1003993c     LIBCMT:crt0init.obj
 0002:00000a40       ___xt_z                    10039a40     LIBCMT:crt0init.obj
 0002:00000b88       _pump_test_model_M         10039b88     pump_test_model.obj
 0002:00000c04       ??_C@_00CNPNBAHC@?$AA@     10039c04     pump_test_model.obj
 0002:00000c08       ??_C@_0L@FEEEJHIL@Pump_Input?$AA@ 10039c08     pump_test_model.obj
 0002:00000c18       ??_C@_0BM@DLFEPMPE@pump_test_model?1Pump?5input?6?$AA@ 10039c18     pump_test_model.obj
 0002:00000c3c       ??_C@_0BL@GCEFHLFL@pump_test_model?1Signal?5bus?$AA@ 10039c3c     pump_test_model.obj
 0002:00000c5c       ??_C@_04CMIMOENB@ode3?$AA@ 10039c5c     pump_test_model.obj
 0002:00000c64       ??_C@_04EPKDLPPB@tout?$AA@ 10039c64     pump_test_model.obj
 0002:00000c6c       ??_C@_03HBFGMJOD@rt_?$AA@  10039c6c     pump_test_model.obj
 0002:00000c70       ??_C@_04LHDDHLEA@yout?$AA@ 10039c70     pump_test_model.obj
 0002:00000c78       __real@3f40624dd2f1a9fc    10039c78     pump_test_model.obj
 0002:00000c88       __real@3fcc71c71c71c71c    10039c88     pump_test_model.obj
 0002:00000c98       __real@3fd5555555555555    10039c98     pump_test_model.obj
 0002:00000ca8       __real@3fdc71c71c71c71c    10039ca8     pump_test_model.obj
 0002:00000cb8       __real@3fe0000000000000    10039cb8     pump_test_model.obj
 0002:00000cc8       __real@3fe1015ce0970f6e    10039cc8     pump_test_model.obj
 0002:00000cd8       __real@3fe8000000000000    10039cd8     pump_test_model.obj
 0002:00000ce8       __real@3fec16bd788e34a4    10039ce8     pump_test_model.obj
 0002:00000cf8       __real@3ff0000000000000    10039cf8     pump_test_model.obj
 0002:00000d08       __real@3ff2836ad7a72341    10039d08     pump_test_model.obj
 0002:00000d18       __real@3ff325ac62ef83bc    10039d18     pump_test_model.obj
 0002:00000d28       __real@3ff455d36316eea6    10039d28     pump_test_model.obj
 0002:00000d38       __real@3ff48f53fb3f8fa3    10039d38     pump_test_model.obj
 0002:00000d48       __real@3ff5110e1a6aa77d    10039d48     pump_test_model.obj
 0002:00000d58       __real@3ffcb8829467459c    10039d58     pump_test_model.obj
 0002:00000d68       __real@4000000000000000    10039d68     pump_test_model.obj
 0002:00000d78       __real@4005110e1a6aa77a    10039d78     pump_test_model.obj
 0002:00000d88       __real@4005765aeed3f7b2    10039d88     pump_test_model.obj
 0002:00000d98       __real@4008000000000000    10039d98     pump_test_model.obj
 0002:00000da8       __real@400cb8829467459c    10039da8     pump_test_model.obj
 0002:00000db8       __real@4018881ae4a4c0e8    10039db8     pump_test_model.obj
 0002:00000dc8       __real@405791a2e044dcc7    10039dc8     pump_test_model.obj
 0002:00000dd8       __real@4060000000000000    10039dd8     pump_test_model.obj
 0002:00000de8       __real@4075e00000000000    10039de8     pump_test_model.obj
 0002:00000df8       __real@407d3629a6946dcf    10039df8     pump_test_model.obj
 0002:00000e08       __real@408f400000000000    10039e08     pump_test_model.obj
 0002:00000e18       __real@4097700000000000    10039e18     pump_test_model.obj
 0002:00000e28       __real@40ab580000000000    10039e28     pump_test_model.obj
 0002:00000e38       __real@40e86a0000000000    10039e38     pump_test_model.obj
 0002:00000e48       __real@40f86a0000000000    10039e48     pump_test_model.obj
 0002:00000e58       __real@41024f8000000000    10039e58     pump_test_model.obj
 0002:00000e68       __real@41f0000000000000    10039e68     pump_test_model.obj
 0002:00000e78       __real@4330000000000000    10039e78     pump_test_model.obj
 0002:00000e88       __real@8000000000000000    10039e88     pump_test_model.obj
 0002:00000e98       __real@bff0000000000000    10039e98     pump_test_model.obj
 0002:00000ea8       __real@c060000000000000    10039ea8     pump_test_model.obj
 0002:00000ec0       __xmm@41f00000000000000000000000000000 10039ec0     pump_test_model.obj
 0002:00000ee0       __xmm@7fffffffffffffff7fffffffffffffff 10039ee0     pump_test_model.obj
 0002:000013c4       ??_C@_0BA@NKAHAPKM@MATLAB?5Function?$AA@ 1003a3c4     pump_test_model_capi.obj
 0002:000013d8       ??_C@_0P@DCLOFNPG@pumps_selected?$AA@ 1003a3d8     pump_test_model_capi.obj
 0002:000013ec       ??_C@_0N@NKCNANND@cost_power_1?$AA@ 1003a3ec     pump_test_model_capi.obj
 0002:000013fc       ??_C@_0N@KJCNNHBE@Power_cost_1?$AA@ 1003a3fc     pump_test_model_capi.obj
 0002:0000140c       ??_C@_0N@PBAAFOBA@cost_power_2?$AA@ 1003a40c     pump_test_model_capi.obj
 0002:0000141c       ??_C@_0N@ICAAIENH@Power_cost_2?$AA@ 1003a41c     pump_test_model_capi.obj
 0002:0000142c       ??_C@_0N@OIBLGPFB@cost_power_3?$AA@ 1003a42c     pump_test_model_capi.obj
 0002:0000143c       ??_C@_0N@JLBLLFJG@Power_cost_3?$AA@ 1003a43c     pump_test_model_capi.obj
 0002:0000144c       ??_C@_0BD@HDJELAFF@valve_CV_esti_Test?$AA@ 1003a44c     pump_test_model_capi.obj
 0002:00001464       ??_C@_0BA@OLAGDFLG@Rate?5Transition?$AA@ 1003a464     pump_test_model_capi.obj
 0002:00001478       ??_C@_07CMFNPBFJ@PID_Ref?$AA@ 1003a478     pump_test_model_capi.obj
 0002:00001484       ??_C@_03IFGKDPPO@Sum?$AA@  1003a484     pump_test_model_capi.obj
 0002:00001488       ??_C@_09OMCJCGNK@PID_Error?$AA@ 1003a488     pump_test_model_capi.obj
 0002:00001494       ??_C@_0BN@FPDAFOPD@PID?5Controller?1Integral?5Gain?$AA@ 1003a494     pump_test_model_capi.obj
 0002:000014b8       ??_C@_0CB@GMJOOHBE@PID?5Controller?1Proportional?5Gain@ 1003a4b8     pump_test_model_capi.obj
 0002:000014e0       ??_C@_0BK@CDEALJIB@PID?5Controller?1Integrator?$AA@ 1003a4e0     pump_test_model_capi.obj
 0002:00001500       ??_C@_0BI@EKOCELGI@PID?5Controller?1Saturate?$AA@ 1003a500     pump_test_model_capi.obj
 0002:0000151c       ??_C@_0BD@OOEBONAM@PID?5Controller?1Sum?$AA@ 1003a51c     pump_test_model_capi.obj
 0002:00001534       ??_C@_0BG@FILBKBPL@PID?5Controller?1Switch?$AA@ 1003a534     pump_test_model_capi.obj
 0002:00001550       ??_C@_0CO@BLACBDAK@PID?5Controller?1Clamping?5circuit?1@ 1003a550     pump_test_model_capi.obj
 0002:00001588       ??_C@_0CO@DACPEAMJ@PID?5Controller?1Clamping?5circuit?1@ 1003a588     pump_test_model_capi.obj
 0002:000015c0       ??_C@_0CJ@JLNENLEN@PID?5Controller?1Clamping?5circuit?1@ 1003a5c0     pump_test_model_capi.obj
 0002:000015f4       ??_C@_0CJ@FNDDNPHA@PID?5Controller?1Clamping?5circuit?1@ 1003a5f4     pump_test_model_capi.obj
 0002:00001628       ??_C@_0CE@JLEDGIDG@PID?5Controller?1Clamping?5circuit?1@ 1003a628     pump_test_model_capi.obj
 0002:00001654       ??_C@_0CH@MOMACDBM@PID?5Controller?1Clamping?5circuit?1@ 1003a654     pump_test_model_capi.obj
 0002:00001684       ??_C@_0CG@LKFPJEGF@PID?5Controller?1Clamping?5circuit?1@ 1003a684     pump_test_model_capi.obj
 0002:000016b4       ??_C@_0CJ@DFAHHNHL@PID?5Controller?1Clamping?5circuit?1@ 1003a6b4     pump_test_model_capi.obj
 0002:000016e8       ??_C@_0CL@KBDLFKCN@PID?5Controller?1Clamping?5circuit?1@ 1003a6e8     pump_test_model_capi.obj
 0002:0000171c       ??_C@_0DC@CJIOIAJ@PID?5Controller?1Clamping?5circuit?1@ 1003a71c     pump_test_model_capi.obj
 0002:00001758       ??_C@_0P@DNAGJNE@PID?5Controller?$AA@ 1003a758     pump_test_model_capi.obj
 0002:0000176c       ??_C@_01EJNLAFE@P?$AA@     1003a76c     pump_test_model_capi.obj
 0002:00001770       ??_C@_01JPJNBJEM@I?$AA@    1003a770     pump_test_model_capi.obj
 0002:00001774       ??_C@_0BF@GLIOIDJM@UpperSaturationLimit?$AA@ 1003a774     pump_test_model_capi.obj
 0002:00001790       ??_C@_0BF@EMCFELNH@LowerSaturationLimit?$AA@ 1003a790     pump_test_model_capi.obj
 0002:000017ac       ??_C@_0BI@CLHHMLKA@PID?5Controller?1Constant?$AA@ 1003a7ac     pump_test_model_capi.obj
 0002:000017c8       ??_C@_05LPIJGKJ@Value?$AA@ 1003a7c8     pump_test_model_capi.obj
 0002:000017d0       ??_C@_0BB@CFEOEMDC@InitialCondition?$AA@ 1003a7d0     pump_test_model_capi.obj
 0002:000017e4       ??_C@_04OMOMKKFL@Gain?$AA@ 1003a7e4     pump_test_model_capi.obj
 0002:000017ec       ??_C@_02LNFHGPBG@X0?$AA@   1003a7ec     pump_test_model_capi.obj
 0002:000017f0       ??_C@_06BNJCAIGJ@double?$AA@ 1003a7f0     pump_test_model_capi.obj
 0002:000017f8       ??_C@_06CNMIJIPB@real_T?$AA@ 1003a7f8     pump_test_model_capi.obj
 0002:00001800       ??_C@_0M@MPLPCMBL@signed?5char?$AA@ 1003a800     pump_test_model_capi.obj
 0002:00001810       ??_C@_06MOLJCAAB@int8_T?$AA@ 1003a810     pump_test_model_capi.obj
 0002:00001818       ??_C@_0O@PPAIJIHF@unsigned?5char?$AA@ 1003a818     pump_test_model_capi.obj
 0002:00001828       ??_C@_09JBMFCIMO@boolean_T?$AA@ 1003a828     pump_test_model_capi.obj
 0002:00001834       ??_C@_05KNFBNCOH@float?$AA@ 1003a834     pump_test_model_capi.obj
 0002:0000183c       ??_C@_0CJ@GGPBKPNK@Could?5not?5start?5ToAsyncQueue?5app@ 1003a83c     pump_test_model_tgtconn.obj
 0002:000020d0       ??_C@_0DJ@FHKINPLE@Unexpected?5itemKind?5?$DN?5DATA_ITEM?5@ 1003b0d0     rt_logging.obj
 0002:00002114       ??_C@_0DA@IEHFPFCJ@Unexpected?5itemKind?$DN?$CFd?5in?5rt_Pro@ 1003b114     rt_logging.obj
 0002:00002150       ??_C@_0DA@IFLHJPBO@Unexpected?5itemKind?$DN?$CFd?5in?5rt_Pro@ 1003b150     rt_logging.obj
 0002:0000218c       ??_C@_0DA@IAPIIJJL@Unexpected?5itemKind?$DN?$CFd?5in?5rt_Pro@ 1003b18c     rt_logging.obj
 0002:000021c8       ??_C@_0BE@LCIGPJIG@MATLAB?55?40?5MAT?9file?$AA@ 1003b1c8     rt_logging.obj
 0002:000021e0       ??_C@_0FB@PCJEAJIB@?$CK?$CK?$CK?5Log?5variable?5?$CFs?5has?5wrapped?5@ 1003b1e0     rt_logging.obj
 0002:00002248       ??_C@_0MG@NKMLMOGF@?$CK?$CK?$CK?5To?5avoid?5wrapping?0?5explicitl@ 1003b248     rt_logging.obj
 0002:00002338       ??_C@_0N@IPAEOLLP@_rtw_tmw?4tmw?$AA@ 1003b338     rt_logging.obj
 0002:00002348       ??_C@_04HDOCAJNK@?$CFs?$CFs?$AA@ 1003b348     rt_logging.obj
 0002:00002350       ??_C@_03ELIABIOC@w?$CLb?$AA@ 1003b350     rt_logging.obj
 0002:00002354       ??_C@_0BF@JPILDDFA@?$CK?$CK?$CK?5Error?5opening?5?$CFs?$AA@ 1003b354     rt_logging.obj
 0002:00002370       ??_C@_0BK@EEMDELA@unable?5to?5open?5data?5file?6?$AA@ 1003b370     rt_logging.obj
 0002:00002390       ??_C@_04CGFJFPFD@none?$AA@ 1003b390     rt_logging.obj
 0002:00002398       ??_C@_0EE@LCGFPNON@?$CK?$CK?$CK?5Error?5creating?5signals?5struc@ 1003b398     rt_logging.obj
 0002:000023ec       ??_C@_0CE@NHECEDMK@?$CK?$CK?$CK?5Error?5creating?5log?5variable?5@ 1003b3ec     rt_logging.obj
 0002:00002418       ??_C@_0DB@IOCGKAGH@?$CK?$CK?$CK?5Errors?5occurred?5when?5startin@ 1003b418     rt_logging.obj
[...]
 0003:000027d0       ___mbcodepage              100497d0     LIBCMT:mbctype.obj
 0003:000027d4       ___ismbcodepage            100497d4     LIBCMT:mbctype.obj
 0003:000027d8       ___mbulinfo                100497d8     LIBCMT:mbctype.obj
 0003:000027e8       __stdbuf                   100497e8     LIBCMT:_sftbuf.obj
 0003:000027f0       ___ioInitOnce              100497f0     LIBCMT:ioinit.obj
 0003:000027f4       ___error_mode              100497f4     LIBCMT:errmode.obj
 0003:00002918       __outputformat             10049918     LIBCMT:outputformat.obj
 0003:0000291c       __commode                  1004991c     LIBCMT:ncommode.obj
 0003:00002920       ___lconv_static_null       10049920     LIBCMT:lconv.obj
 0003:00002924       ___lconv_static_W_null     10049924     LIBCMT:lconv.obj
 0003:00002928       ___locale_changed          10049928     LIBCMT:wsetloca.obj
 0003:0000292c       __fmode                    1004992c     LIBCMT:txtmode.obj
 0003:00002940       _CANAC2_2_receiveindex_mb3 10049940     <common>
 0003:00005a14       _CANAC2_2_receivemaxindex_mb3 1004ca14     <common>
 0003:00005a20       _CANAC2_2_sendindex_mb3    1004ca20     <common>
 0003:00005d40       _CANAC2_2_sendmaxindex_mb3 1004cd40     <common>
 0003:00005d60       _CANAC2_1_receiveindex_mb3 1004cd60     <common>
 0003:00006080       _CANAC2_1_receivemaxindex_mb3 1004d080     <common>
 0003:000060a0       _CANAC2_1_sendindex_mb3    1004d0a0     <common>
 0003:000063c0       _CANAC2_1_sendmaxindex_mb3 1004d3c0     <common>
 0003:000063e0       _CANAC2_2_receive_mb3      1004d3e0     <common>
 0003:00006700       _CANAC2_2_send_mb3         1004d700     <common>
 0003:00006a20       _CANAC2_1_receive_mb3      1004da20     <common>
 0003:00006d40       _CANAC2_1_send_mb3         1004dd40     <common>
 0003:00007060       _CANAC2_2_receiveindex_mb2 1004e060     <common>
 0003:00007380       _CANAC2_2_receivemaxindex_mb2 1004e380     <common>
 0003:000073a0       _CANAC2_2_sendindex_mb2    1004e3a0     <common>
 0003:000076c0       _CANAC2_2_sendmaxindex_mb2 1004e6c0     <common>
 0003:000076e0       _CANAC2_1_receiveindex_mb2 1004e6e0     <common>
 0003:00007a00       _CANAC2_1_receivemaxindex_mb2 1004ea00     <common>
 0003:00007a20       _CANAC2_1_sendindex_mb2    1004ea20     <common>
 0003:00007d40       _CANAC2_1_sendmaxindex_mb2 1004ed40     <common>
 0003:00007d60       _CANAC2_2_receive_mb2      1004ed60     <common>
 0003:00008080       _CANAC2_2_send_mb2         1004f080     <common>
 0003:000083a0       _CANAC2_1_receive_mb2      1004f3a0     <common>
 0003:000086c0       _CANAC2_1_send_mb2         1004f6c0     <common>
 0003:000089e0       _CANAC2_2_receiveindex_mb1 1004f9e0     <common>
 0003:00008d00       _CANAC2_2_receivemaxindex_mb1 1004fd00     <common>
 0003:00008d20       _CANAC2_2_sendindex_mb1    1004fd20     <common>
 0003:00009040       _CANAC2_2_sendmaxindex_mb1 10050040     <common>
 0003:00009060       _CANAC2_1_receiveindex_mb1 10050060     <common>
 0003:00009380       _CANAC2_1_receivemaxindex_mb1 10050380     <common>
 0003:000093a0       _CANAC2_1_sendindex_mb1    100503a0     <common>
 0003:000096c0       _CANAC2_1_sendmaxindex_mb1 100506c0     <common>
 0003:000096e0       _CANAC2_2_receive_mb1      100506e0     <common>
 0003:00009a00       _CANAC2_2_send_mb1         10050a00     <common>
 0003:00009d20       _CANAC2_1_receive_mb1      10050d20     <common>
 0003:0000a040       _CANAC2_1_send_mb1         10051040     <common>
 0003:0000a360       _CANAC2_2_receiveindex     10051360     <common>
 0003:0000a680       _CANAC2_2_receivemaxindex  10051680     <common>
 0003:0000a6a0       _CANAC2_2_sendindex        100516a0     <common>
 0003:0000a9c0       _CANAC2_2_sendmaxindex     100519c0     <common>
 0003:0000a9e0       _CANAC2_1_receiveindex     100519e0     <common>
 0003:0000ad00       _CANAC2_1_receivemaxindex  10051d00     <common>
 0003:0000ad20       _CANAC2_1_sendindex        10051d20     <common>
 0003:0000b040       _CANAC2_1_sendmaxindex     10052040     <common>
 0003:0000b060       _CANAC2_2_receive          10052060     <common>
 0003:0000b380       _CANAC2_2_send             10052380     <common>
 0003:0000b6a0       _CANAC2_1_receive          100526a0     <common>
 0003:0000b9c0       _CANAC2_1_send             100529c0     <common>
 0003:0000bce0       _siepowercan_can_object_buffer_port2 10052ce0     <common>
 0003:0000fd00       _siepowercan_can_object_buffer_port1 10056d00     <common>
 0003:00013d00       _rtNaNF                    1005ad00     <common>
 0003:00013d14       _rtMinusInfF               1005ad14     <common>
 0003:00013d18       _rtInfF                    1005ad18     <common>
 0003:00013d20       _rtNaN                     1005ad20     <common>
 0003:00013d28       _rtMinusInf                1005ad28     <common>
 0003:00013d30       _rtInf                     1005ad30     <common>
 0003:00013d40       _pump_test_model_M_        1005ad40     <common>
 0003:00014100       _pump_test_model_Y         1005b100     <common>
 0003:00014160       _pump_test_model_U         1005b160     <common>
 0003:00014180       _pump_test_model_DW        1005b180     <common>
 0003:00014198       _pump_test_model_X         1005b198     <common>
 0003:000141a0       _pump_test_model_B         1005b1a0     <common>
 0003:00014230       _slTestRegAssessment       1005b230     <common>
 0003:00014280       _slTestTerminate           1005b280     <common>
 0003:00014284       _slTestEvalOnFail          1005b284     <common>
 0003:00014288       _slTestLogAssessments      1005b288     <common>
 0003:0001428c       _slTestInitialize          1005b28c     <common>
 0003:00014290       _unRegisterPTPTimeRead     1005b290     <common>
 0003:00014294       _registerPTPTimeRead       1005b294     <common>
 0003:00014298       _slrteGetCurrentStepSize   1005b298     <common>
 0003:0001429c       _slrteSetStepSizeDelta     1005b29c     <common>
 0003:000142a0       _xpceGetIntTimerGranularityNS 1005b2a0     <common>
 0003:000142a4       _sendToAsyncQueueTgtAppSvc 1005b2a4     <common>
 0003:000142a8       _terminateToAsyncQueueTgtAppSvc 1005b2a8     <common>
 0003:000142ac       _startToAsyncQueueTgtAppSvc 1005b2ac     <common>
 0003:000142b0       _getStatusFlags            1005b2b0     <common>
 0003:000142b4       _getCommService            1005b2b4     <common>
 0003:000142b8       _getMemoryService          1005b2b8     <common>
 0003:000142bc       _StreamVideo               1005b2bc     <common>
 0003:000142c0       _StopVideoDisplay          1005b2c0     <common>
 0003:000142c4       _StartVideoDisplay         1005b2c4     <common>
 0003:000142c8       _DestroyVideoDisplay       1005b2c8     <common>
 0003:000142cc       _CreateVideoDisplay        1005b2cc     <common>
 0003:000142d0       _ConvertUImage             1005b2d0     <common>
 0003:000142d4       _StopVideo                 1005b2d4     <common>
 0003:000142d8       _ReadFrameBuffer           1005b2d8     <common>
 0003:000142dc       _StartVideo                1005b2dc     <common>
 0003:000142e0       _GetVideoConfigs           1005b2e0     <common>
 0003:000142e4       _FindUsbVideoDevice        1005b2e4     <common>
 0003:000142e8       _xpceDeleteSemaphore       1005b2e8     <common>
 0003:000142ec       _xpceSignalSemaphore       1005b2ec     <common>
 0003:000142f0       _xpceWaitSemaphore         1005b2f0     <common>
 0003:000142f4       _xpceCreateSemaphore       1005b2f4     <common>
 0003:000142f8       _TBGiveSpinFast            1005b2f8     <common>
 0003:000142fc       _TBTakeSpinFast            1005b2fc     <common>
 0003:00014300       _TBDeleteSpin              1005b300     <common>
 0003:00014304       _TBCreateSpin              1005b304     <common>
 0003:00014308       _xpceScopeAcqOK            1005b308     <common>
 0003:0001430c       _rl32eRestartAcquisition   1005b30c     <common>
 0003:00014310       _rl32eSetTargetScopeSigFt  1005b310     <common>
 0003:00014314       _rl32eSetTargetScope       1005b314     <common>
 0003:00014318       _xpceFSScopeSet            1005b318     <common>
 0003:0001431c       _rl32eSetScope             1005b31c     <common>
 0003:00014320       _rl32eAddSignal            1005b320     <common>
 0003:00014324       _rl32eGetSignalNo          1005b324     <common>
 0003:00014328       _rl32eDefScope             1005b328     <common>
 0003:0001432c       _rl32eScopeExists          1005b32c     <common>
 0003:00014330       _xpceUDPClose              1005b330     <common>
 0003:00014334       _xpceUDPReceive            1005b334     <common>
 0003:00014338       _xpceUDPSend               1005b338     <common>
 0003:0001433c       _xpceUDPOpenReceive        1005b33c     <common>
 0003:00014340       _xpceUDPOpenSend           1005b340     <common>
 0003:00014344       _rl32eSendBlock            1005b344     <common>
 0003:00014348       _rl32eLineStatus           1005b348     <common>
 0003:0001434c       _rl32eReceiveBufferCount   1005b34c     <common>
 0003:00014350       _rl32eReceiveChar          1005b350     <common>
 0003:00014354       _rl32eSendChar             1005b354     <common>
 0003:00014358       _rl32eCloseCOMPort         1005b358     <common>
 0003:0001435c       _rl32eInitCOMPort          1005b35c     <common>
 0003:00014360       _xpceGetParamDims          1005b360     <common>
 0003:00014364       _xpceGetParameter          1005b364     <common>
 0003:00014368       _xpceSetParameter          1005b368     <common>
 0003:0001436c       _xpceGetSignalValue        1005b36c     <common>
 0003:00014370       _xpceAssignPCIInterrupt    1005b370     <common>
 0003:00014374       _rl32eGetPCIInfoAtSlot     1005b374     <common>
 0003:00014378       _rl32eGetPCIInfo           1005b378     <common>
 0003:0001437c       _rl32eShowPCIInfo          1005b37c     <common>
 0003:00014380       _rl32eShowPCIDev           1005b380     <common>
 0003:00014384       _xpceGetTET                1005b384     <common>
 0003:00014388       _xpceFTSubtract            1005b388     <common>
 0003:0001438c       _xpceFTAdd                 1005b38c     <common>
 0003:00014390       _xpceFTReadTime            1005b390     <common>
 0003:00014394       _xpceaddEvent              1005b394     <common>
 0003:00014398       _xpceDeRegisterISR         1005b398     <common>
 0003:0001439c       _xpceRegisterISR           1005b39c     <common>
 0003:000143a0       _xpcIsModelInit            1005b3a0     <common>
 0003:000143a4       _xpcGetElapsedTime         1005b3a4     <common>
 0003:000143a8       _xpcBusyWait               1005b3a8     <common>
 0003:000143ac       _xpcFreePhysicalMemory     1005b3ac     <common>
 0003:000143b0       _xpcAllocPhysicalMemory    1005b3b0     <common>
 0003:000143b4       _xpcReserveMemoryRegion    1005b3b4     <common>
 0003:000143b8       _xpcOutpB                  1005b3b8     <common>
 0003:000143bc       _xpcOutpW                  1005b3bc     <common>
 0003:000143c0       _xpcOutpDW                 1005b3c0     <common>
 0003:000143c4       _xpcInpB                   1005b3c4     <common>
 0003:000143c8       _xpcInpW                   1005b3c8     <common>
 0003:000143cc       _xpcInpDW                  1005b3cc     <common>
 0003:000143d0       ___unguarded_readlc_active 1005b3d0     <common>
 0003:000143e0       ___setlc_active            1005b3e0     <common>
 0003:000143e4       __nhandle                  1005b3e4     <common>
 0003:00014440       ___pioinfo                 1005b440     <common>
 0003:00014540       __pDestructExceptionObject 1005b540     <common>
 0003:0001454c       __debugger_hook_dummy      1005b54c     <common>
 0003:00014558       __acmdln                   1005b558     <common>
 0003:00014564       ___piob                    1005b564     <common>
 0003:000148a4       __nstream                  1005b8a4     <common>
 0003:000148c0       __bufin                    1005b8c0     <common>
 0003:000158c0       ___dyn_tls_init_callback   1005c8c0     <common>
 0003:000158d0       ___onexitend               1005c8d0     <common>
 0003:000158d4       ___onexitbegin             1005c8d4     <common>
 0003:000158d8       ___mbctype_initialized     1005c8d8     <common>
 0003:000158dc       ___env_initialized         1005c8dc     <common>
 0004:00000000       __IMPORT_DESCRIPTOR_KERNEL32 1005d000     kernel32:KERNEL32.dll
 0004:00000014       __NULL_IMPORT_DESCRIPTOR   1005d014     kernel32:KERNEL32.dll
 0004:000001e4       __imp__GetModuleHandleA@4  1005d1e4     kernel32:KERNEL32.dll
 0004:000001e8       __imp__GetProcAddress@8    1005d1e8     kernel32:KERNEL32.dll
 0004:000001ec       __imp__HeapAlloc@12        1005d1ec     kernel32:KERNEL32.dll
 0004:000001f0       __imp__IsDebuggerPresent@0 1005d1f0     kernel32:KERNEL32.dll
 0004:000001f4       __imp__IsProcessorFeaturePresent@4 1005d1f4     kernel32:KERNEL32.dll
 0004:000001f8       __imp__EncodePointer@4     1005d1f8     kernel32:KERNEL32.dll
 0004:000001fc       __imp__DecodePointer@4     1005d1fc     kernel32:KERNEL32.dll
 0004:00000200       __imp__GetLastError@0      1005d200     kernel32:KERNEL32.dll
 0004:00000204       __imp__InterlockedDecrement@4 1005d204     kernel32:KERNEL32.dll
 0004:00000208       __imp__ExitProcess@4       1005d208     kernel32:KERNEL32.dll
 0004:0000020c       __imp__GetModuleHandleExW@12 1005d20c     kernel32:KERNEL32.dll
 0004:00000210       __imp__AreFileApisANSI@0   1005d210     kernel32:KERNEL32.dll
 0004:00000214       __imp__MultiByteToWideChar@24 1005d214     kernel32:KERNEL32.dll
 0004:00000218       __imp__HeapFree@12         1005d218     kernel32:KERNEL32.dll
 0004:0000021c       __imp__HeapReAlloc@16      1005d21c     kernel32:KERNEL32.dll
 0004:00000220       __imp__EnterCriticalSection@4 1005d220     kernel32:KERNEL32.dll
 0004:00000224       __imp__LeaveCriticalSection@4 1005d224     kernel32:KERNEL32.dll
 0004:00000228       __imp__GetStdHandle@4      1005d228     kernel32:KERNEL32.dll
 0004:0000022c       __imp__GetFileType@4       1005d22c     kernel32:KERNEL32.dll
 0004:00000230       __imp__GetModuleFileNameW@12 1005d230     kernel32:KERNEL32.dll
 0004:00000234       __imp__WriteConsoleW@20    1005d234     kernel32:KERNEL32.dll
 0004:00000238       __imp__GetCommandLineA@0   1005d238     kernel32:KERNEL32.dll
 0004:0000023c       __imp__GetCurrentThreadId@0 1005d23c     kernel32:KERNEL32.dll
 0004:00000240       __imp__WriteFile@20        1005d240     kernel32:KERNEL32.dll
 0004:00000244       __imp__GetProcessHeap@0    1005d244     kernel32:KERNEL32.dll
 0004:00000248       __imp__UnhandledExceptionFilter@4 1005d248     kernel32:KERNEL32.dll
 0004:0000024c       __imp__SetUnhandledExceptionFilter@4 1005d24c     kernel32:KERNEL32.dll
 0004:00000250       __imp__FlsAlloc@4          1005d250     kernel32:KERNEL32.dll
 0004:00000254       __imp__FlsGetValue@4       1005d254     kernel32:KERNEL32.dll
 0004:00000258       __imp__FlsSetValue@8       1005d258     kernel32:KERNEL32.dll
 0004:0000025c       __imp__FlsFree@4           1005d25c     kernel32:KERNEL32.dll
 0004:00000260       __imp__GetCurrentProcess@0 1005d260     kernel32:KERNEL32.dll
 0004:00000264       __imp__TerminateProcess@8  1005d264     kernel32:KERNEL32.dll
 0004:00000268       __imp__GetStartupInfoW@4   1005d268     kernel32:KERNEL32.dll
 0004:0000026c       __imp__GetModuleHandleW@4  1005d26c     kernel32:KERNEL32.dll
 0004:00000270       __imp__InitializeCriticalSectionAndSpinCount@8 1005d270     kernel32:KERNEL32.dll
 0004:00000274       __imp__DeleteCriticalSection@4 1005d274     kernel32:KERNEL32.dll
 0004:00000278       __imp__FatalAppExitA@8     1005d278     kernel32:KERNEL32.dll
 0004:0000027c       __imp__Sleep@4             1005d27c     kernel32:KERNEL32.dll
 0004:00000280       __imp__InterlockedExchange@8 1005d280     kernel32:KERNEL32.dll
 0004:00000284       __imp__FreeLibrary@4       1005d284     kernel32:KERNEL32.dll
 0004:00000288       __imp__LoadLibraryExW@12   1005d288     kernel32:KERNEL32.dll
 0004:0000028c       __imp__SetConsoleCtrlHandler@8 1005d28c     kernel32:KERNEL32.dll
 0004:00000290       __imp__InterlockedIncrement@4 1005d290     kernel32:KERNEL32.dll
 0004:00000294       __imp__IsValidCodePage@4   1005d294     kernel32:KERNEL32.dll
 0004:00000298       __imp__GetACP@0            1005d298     kernel32:KERNEL32.dll
 0004:0000029c       __imp__GetOEMCP@0          1005d29c     kernel32:KERNEL32.dll
 0004:000002a0       __imp__GetCPInfo@8         1005d2a0     kernel32:KERNEL32.dll
 0004:000002a4       __imp__CloseHandle@4       1005d2a4     kernel32:KERNEL32.dll
 0004:000002a8       __imp__RtlUnwind@16        1005d2a8     kernel32:KERNEL32.dll
 0004:000002ac       __imp__InitOnceExecuteOnce@16 1005d2ac     kernel32:KERNEL32.dll
 0004:000002b0       __imp__ReadFile@20         1005d2b0     kernel32:KERNEL32.dll
 0004:000002b4       __imp__GetConsoleMode@8    1005d2b4     kernel32:KERNEL32.dll
 0004:000002b8       __imp__ReadConsoleW@20     1005d2b8     kernel32:KERNEL32.dll
 0004:000002bc       __imp__WideCharToMultiByte@32 1005d2bc     kernel32:KERNEL32.dll
 0004:000002c0       __imp__GetConsoleCP@0      1005d2c0     kernel32:KERNEL32.dll
 0004:000002c4       __imp__DeleteFileW@4       1005d2c4     kernel32:KERNEL32.dll
 0004:000002c8       __imp__SetFilePointer@16   1005d2c8     kernel32:KERNEL32.dll
 0004:000002cc       __imp__RaiseException@16   1005d2cc     kernel32:KERNEL32.dll
 0004:000002d0       __imp__OutputDebugStringW@4 1005d2d0     kernel32:KERNEL32.dll
 0004:000002d4       __imp__LoadLibraryW@4      1005d2d4     kernel32:KERNEL32.dll
 0004:000002d8       __imp__SetLastError@4      1005d2d8     kernel32:KERNEL32.dll
 0004:000002dc       __imp__GetCurrentThread@0  1005d2dc     kernel32:KERNEL32.dll
 0004:000002e0       __imp__GetModuleFileNameA@12 1005d2e0     kernel32:KERNEL32.dll
 0004:000002e4       __imp__QueryPerformanceCounter@4 1005d2e4     kernel32:KERNEL32.dll
 0004:000002e8       __imp__GetSystemTimeAsFileTime@4 1005d2e8     kernel32:KERNEL32.dll
 0004:000002ec       __imp__GetTickCount64@0    1005d2ec     kernel32:KERNEL32.dll
 0004:000002f0       __imp__GetEnvironmentStringsW@0 1005d2f0     kernel32:KERNEL32.dll
 0004:000002f4       __imp__FreeEnvironmentStringsW@4 1005d2f4     kernel32:KERNEL32.dll
 0004:000002f8       __imp__HeapSize@12         1005d2f8     kernel32:KERNEL32.dll
 0004:000002fc       __imp__GetTimeFormatEx@24  1005d2fc     kernel32:KERNEL32.dll
 0004:00000300       __imp__GetDateFormatEx@28  1005d300     kernel32:KERNEL32.dll
 0004:00000304       __imp__CompareStringEx@36  1005d304     kernel32:KERNEL32.dll
 0004:00000308       __imp__GetLocaleInfoEx@16  1005d308     kernel32:KERNEL32.dll
 0004:0000030c       __imp__GetUserDefaultLocaleName@8 1005d30c     kernel32:KERNEL32.dll
 0004:00000310       __imp__LCMapStringEx@36    1005d310     kernel32:KERNEL32.dll
 0004:00000314       __imp__IsValidLocaleName@4 1005d314     kernel32:KERNEL32.dll
 0004:00000318       __imp__EnumSystemLocalesEx@16 1005d318     kernel32:KERNEL32.dll
 0004:0000031c       __imp__GetStringTypeW@16   1005d31c     kernel32:KERNEL32.dll
 0004:00000320       __imp__FlushFileBuffers@4  1005d320     kernel32:KERNEL32.dll
 0004:00000324       __imp__SetStdHandle@8      1005d324     kernel32:KERNEL32.dll
 0004:00000328       __imp__SetFilePointerEx@20 1005d328     kernel32:KERNEL32.dll
 0004:0000032c       __imp__CreateFileW@28      1005d32c     kernel32:KERNEL32.dll
 0004:00000330       __imp__SetEndOfFile@4      1005d330     kernel32:KERNEL32.dll
 0004:00000334       \177KERNEL32_NULL_THUNK_DATA 1005d334     kernel32:KERNEL32.dll

 entry point at        0001:0001023b

