 Pump2Test0_1_xpc

 Timestamp is 5ab0fac2 (Tue Mar 20 13:12:50 2018)

 Preferred load address is 10000000

 Start         Length     Name                   Class
 0001:00000000 000444c8H .text$mn                CODE
 0002:00000000 00000104H .CRT$XCA                DATA
 0002:00000104 00000104H .CRT$XCZ                DATA
 0002:00000208 00000104H .CRT$XIA                DATA
 0002:0000030c 00000118H .CRT$XIC                DATA
 0002:00000424 00000104H .CRT$XIZ                DATA
 0002:00000528 00000104H .CRT$XPA                DATA
 0002:0000062c 00000109H .CRT$XPX                DATA
 0002:00000738 00000104H .CRT$XPXA               DATA
 0002:0000083c 00000104H .CRT$XPZ                DATA
 0002:00000940 00000104H .CRT$XTA                DATA
 0002:00000a44 00000104H .CRT$XTZ                DATA
 0002:00000b50 00007bb0H .rdata                  DATA
 0002:00008700 000001c9H .rdata$debug            DATA
 0002:000088d0 0000010eH .rdata$sxdata           DATA
 0002:000089e0 00000104H .rtc$IAA                DATA
 0002:00008ae4 00000104H .rtc$IZZ                DATA
 0002:00008be8 00000104H .rtc$TAA                DATA
 0002:00008cec 00000104H .rtc$TZZ                DATA
 0002:00008df0 00000991H .xdata$x                DATA
 0002:00009790 000001e5H .edata                  DATA
 0003:00000000 00005caaH .data                   DATA
 0003:00005cc0 00015724H .bss                    DATA
 0004:00000000 000001b0H .idata$5                DATA
 0004:000001b0 00000014H .idata$2                DATA
 0004:000001c4 00000014H .idata$3                DATA
 0004:000001d8 000001b0H .idata$4                DATA
 0004:00000388 0000076bH .idata$6                DATA

  Address         Publics by Value              Rva+Base       Lib:Object

 0000:00000000       ___guard_fids_table        00000000     <absolute>
 0000:00000000       ___guard_flags             00000000     <absolute>
 0000:00000000       ___guard_fids_count        00000000     <absolute>
 0000:00000000       __except_list              00000000     <absolute>
 0000:00000003       ___safe_se_handler_count   00000003     <absolute>
 0000:00000000       ___ImageBase               10000000     <linker-defined>
 0001:00000410       _Pump2Test0_1              10001410 f   Pump2Test0_1.obj
 0001:00002720       _MdlInitializeSizes        10003720 f   Pump2Test0_1.obj
 0001:00002730       _MdlInitializeSampleTimes  10003730 f   Pump2Test0_1.obj
 0001:00002740       _MdlInitialize             10003740 f   Pump2Test0_1.obj
 0001:00002750       _MdlStart                  10003750 f   Pump2Test0_1.obj
 0001:00002760       _MdlOutputs                10003760 f   Pump2Test0_1.obj
 0001:00002770       _MdlUpdate                 10003770 f   Pump2Test0_1.obj
 0001:00002780       _MdlTerminate              10003780 f   Pump2Test0_1.obj
 0001:00003ca0       _Pump2Test0_1_GetCAPIStaticMap 10004ca0 f   Pump2Test0_1_capi.obj
 0001:00003cb0       _Pump2Test0_1_InitializeDataMapInfo 10004cb0 f   Pump2Test0_1_capi.obj
 0001:00003d40       _rtGetInf                  10004d40 f   rtGetInf.obj
 0001:00003de0       _rtGetInfF                 10004de0 f   rtGetInf.obj
 0001:00003e00       _rtGetMinusInf             10004e00 f   rtGetInf.obj
 0001:00003ea0       _rtGetMinusInfF            10004ea0 f   rtGetInf.obj
 0001:00003f10       _rtGetNaN                  10004f10 f   rtGetNaN.obj
 0001:00003fb0       _rtGetNaNF                 10004fb0 f   rtGetNaN.obj
 0001:00004060       _rt_GetMxIdFromDTypeIdForRSim 10005060 f   rt_logging.obj
 0001:000040c0       _rt_GetMxIdFromDTypeId     100050c0 f   rt_logging.obj
 0001:00004120       _rt_CreateLogVarWithConvert 10005120 f   rt_logging.obj
 0001:00004bd0       _rt_CreateLogVar           10005bd0 f   rt_logging.obj
 0001:00004c60       _rt_CreateStructLogVar     10005c60 f   rt_logging.obj
 0001:00004cd0       _rt_StartDataLoggingWithStartTime 10005cd0 f   rt_logging.obj
 0001:000052c0       _rt_StartDataLogging       100062c0 f   rt_logging.obj
 0001:00005300       _rt_UpdateLogVar           10006300 f   rt_logging.obj
 0001:000066e0       _rt_UpdateStructLogVar     100076e0 f   rt_logging.obj
 0001:00006790       _rt_UpdateTXYLogVars       10007790 f   rt_logging.obj
 0001:000067b0       _rt_UpdateTXXFYLogVars     100077b0 f   rt_logging.obj
 0001:00006c70       _rt_StopDataLoggingImpl    10007c70 f   rt_logging.obj
 0001:00006fd0       _rt_StopDataLogging        10007fd0 f   rt_logging.obj
 0001:0000db80       _rt_FillStateSigInfoFromMMI 1000eb80 f   rt_logging_mmi.obj
 0001:0000df80       _rt_CleanUpForStateLogWithMMI 1000ef80 f   rt_logging_mmi.obj
 0001:0000e220       _rt_GetLookupIndex         1000f220 f   rt_look.obj
 0001:0000e3a0       _rt_Lookup                 1000f3a0 f   rt_look1d.obj
 0001:0000e470       _rt_mxCreateCharMatrixFromStrings 1000f470 f   rt_matrx.obj
 0001:0000e5f0       _rt_mxCreateString         1000f5f0 f   rt_matrx.obj
 0001:0000e6b0       _rt_mxCreateDoubleMatrix   1000f6b0 f   rt_matrx.obj
 0001:0000e710       _rt_mxCreateNumericArray   1000f710 f   rt_matrx.obj
 0001:0000e760       _rt_mxDuplicateArray       1000f760 f   rt_matrx.obj
 0001:0000e7e0       _rt_mxGetDimensions        1000f7e0 f   rt_matrx.obj
 0001:0000e830       _rt_mxGetEps               1000f830 f   rt_matrx.obj
 0001:0000e840       _rt_mxGetString            1000f840 f   rt_matrx.obj
 0001:0000ea20       _rt_InitInfAndNaN          1000fa20 f   rt_nonfinite.obj
 0001:0000ea70       _rtIsInf                   1000fa70 f   rt_nonfinite.obj
 0001:0000eac0       _rtIsInfF                  1000fac0 f   rt_nonfinite.obj
 0001:0000eb00       _rtIsNaN                   1000fb00 f   rt_nonfinite.obj
 0001:0000eb30       _rtIsNaNF                  1000fb30 f   rt_nonfinite.obj
 0001:0000ebb0       _rtPrintfNoOp              1000fbb0 f   rt_printf.obj
 0001:0000ebe0       _rtwCAPI_EncodePath        1000fbe0 f   rtw_modelmap_utils.obj
 0001:0000ed30       _rtwCAPI_HasStates         1000fd30 f   rtw_modelmap_utils.obj
 0001:0000eda0       _rtwCAPI_GetNumStateRecords 1000fda0 f   rtw_modelmap_utils.obj
 0001:0000ee10       _rtwCAPI_GetNumStateRecordsForRTWLogging 1000fe10 f   rtw_modelmap_utils.obj
 0001:0000eee0       _rtwCAPI_GetNumContStateRecords 1000fee0 f   rtw_modelmap_utils.obj
 0001:0000efe0       _rtwCAPI_FreeFullPaths     1000ffe0 f   rtw_modelmap_utils.obj
 0001:0000f080       _rtwCAPI_UpdateFullPaths   10010080 f   rtw_modelmap_utils.obj
 0001:0000f290       _rtwCAPI_GetFullStateBlockPath 10010290 f   rtw_modelmap_utils.obj
 0001:0000f410       _rtwCAPI_GetStateWidth     10010410 f   rtw_modelmap_utils.obj
 0001:0000f480       _rtwCAPI_GetStateRecordInfo 10010480 f   rtw_modelmap_utils.obj
 0001:0000fa20       _rtwCAPI_GetNumSigLogRecords 10010a20 f   rtw_modelmap_utils.obj
 0001:0000fa90       _rtwCAPI_GetNumSigLogRecordsForRTWLogging 10010a90 f   rtw_modelmap_utils.obj
 0001:0000fb70       _rtwCAPI_GetSigLogRecordInfo 10010b70 f   rtw_modelmap_utils.obj
 0001:00010010       _rtwCAPI_CountSysRan       10011010 f   rtw_modelmap_utils.obj
 0001:000100d0       _rtwCAPI_FillSysRan        100110d0 f   rtw_modelmap_utils.obj
 0001:000101d0       _rtwCAPI_GetSigAddrFromMap 100111d0 f   rtw_modelmap_utils.obj
 0001:00010940       _Pump2Test0_1_ChangeStepSize 10011940 f   xpctarget.obj
 0001:000109b0       _changeStepSize            100119b0 f   xpctarget.obj
 0001:000109d0       _SLRTSetErrorStatus        100119d0 f   xpctarget.obj
 0001:000109e0       _updateDiscreteEvents      100119e0 f   xpctarget.obj
 0001:000109f0       _DllMain@12                100119f0 f   xpctarget.obj
 0001:00010a00       _getrlmdlinfo              10011a00 f   xpctarget.obj
 0001:00010c10       _getDLMVersion             10011c10 f   xpctarget.obj
 0001:00010c20       _getRefMdlPath             10011c20 f   xpctarget.obj
 0001:00010c80       _getRefMdlSignalNumber     10011c80 f   xpctarget.obj
 0001:00010e00       _getNumRef                 10011e00 f   appmappingData.obj
 0001:00011ac0       _adnipcim                  10012ac0 f   adnipcim.obj
 0001:00012890       _danipcim                  10013890 f   danipcim.obj
 0001:00012b80       _niMIdentify               10013b80 f   xpcionim.obj
 0001:00012cb0       _niMconfig                 10013cb0 f   xpcionim.obj
 0001:00012db0       _niM_AISetup               10013db0 f   xpcionim.obj
 0001:000133b0       _niM_aiConfigureChannel    100143b0 f   xpcionim.obj
 0001:00013430       _niM_configureTimebase     10014430 f   xpcionim.obj
 0001:00013460       _niM_pllReset              10014460 f   xpcionim.obj
 0001:000134b0       _niM_analogTriggerReset    100144b0 f   xpcionim.obj
 0001:00013540       _niM_Private_Data          10014540 f   xpcionim.obj
 0001:000136d0       _niM_SetPFIFilter          100146d0 f   xpcionim.obj
 0001:00013770       _niM_SetPFI_Select         10014770 f   xpcionim.obj
 0001:00013810       _niM_SetPFI_DO             10014810 f   xpcionim.obj
 0001:00013860       _niM_whichBank             10014860 f   xpcionim.obj
 0001:000138b0       _niM_resetCtr              100148b0 f   xpcionim.obj
 0001:000138e0       _niM_Cont_Pulse_Train_Generation 100148e0 f   xpcionim.obj
 0001:00013b20       _niM_CtrArm                10014b20 f   xpcionim.obj
 0001:00013b50       _niM_CtrDisarm             10014b50 f   xpcionim.obj
 0001:00013b80       _niM_PeriodConfigure       10014b80 f   xpcionim.obj
 0001:00013de0       _niM_CtrReadArm            10014de0 f   xpcionim.obj
 0001:00013e10       _niM_CtrReadDisarm         10014e10 f   xpcionim.obj
 0001:00013e40       _niM_Counter_Reset_All     10014e40 f   xpcionim.obj
 0001:00013f20       _niM_eepromReadMSeries     10014f20 f   xpcionim.obj
 0001:00014060       _niM_aiGetScalingCoefficients 10015060 f   xpcionim.obj
 0001:000141e0       _niM_aoGetScalingCoefficients 100151e0 f   xpcionim.obj
 0001:00014280       _niM_aiPolynomialScaler    10015280 f   xpcionim.obj
 0001:000142f0       _niM_aoLinearScaler        100152f0 f   xpcionim.obj
 0001:00014320       _niM_AO_Setup              10015320 f   xpcionim.obj
 0001:00014540       _niM_aoConfigureDAC        10015540 f   xpcionim.obj
 0001:00014cf0       _ShowPCIDevice             10015cf0 f   xpcruntime:xpcimports.obj
 0001:00014e00       _GetPCIDeviceFull          10015e00 f   xpcruntime:xpcimports.obj
 0001:00014e60       _xpcGetPciConfigAtSlot     10015e60 f   xpcruntime:xpcimports.obj
 0001:00015220       _xpceuploadevent           10016220 f   xpcruntime:xpcimports.obj
 0001:000156e0       _xpcInitProcs              100166e0 f   xpcruntime:xpcimports.obj
 0001:0001699f       __heap_alloc               1001799f f i LIBCMT:malloc.obj
 0001:000169dc       _malloc                    100179dc f   LIBCMT:malloc.obj
 0001:00016a70       _memset                    10017a70 f   LIBCMT:memset.obj
 0001:00016b00       __get_printf_count_output  10017b00 f   LIBCMT:printf.obj
 0001:00016b15       __printf_l                 10017b15 f   LIBCMT:printf.obj
 0001:00016b2c       __printf_p                 10017b2c f   LIBCMT:printf.obj
 0001:00016b42       __printf_p_l               10017b42 f   LIBCMT:printf.obj
 0001:00016b59       __printf_s_l               10017b59 f   LIBCMT:printf.obj
 0001:00016b70       __set_printf_count_output  10017b70 f   LIBCMT:printf.obj
 0001:00016b98       _printf                    10017b98 f   LIBCMT:printf.obj
 0001:00016c47       _printf_s                  10017c47 f   LIBCMT:printf.obj
 0001:00016c5d       __fpmath                   10017c5d f   LIBCMT:fpinit.obj
 0001:00016c74       ___setfflag                10017c74 f   LIBCMT:fpinit.obj
 0001:00016c87       __cfltcvt_init             10017c87 f   LIBCMT:fpinit.obj
 0001:00016ce7       ___raise_securityfailure   10017ce7 f   LIBCMT:gs_report.obj
 0001:00016d24       ___report_gsfailure        10017d24 f   LIBCMT:gs_report.obj
 0001:00016e1f       ___report_rangecheckfailure 10017e1f f   LIBCMT:gs_report.obj
 0001:00016e2b       ___report_securityfailure  10017e2b f   LIBCMT:gs_report.obj
 0001:00016efb       ___report_securityfailureEx 10017efb f   LIBCMT:gs_report.obj
 0001:00017011       ___copy_path_to_wide_string 10018011 f   LIBCMT:crt0dat.obj
 0001:000170c3       ___copy_to_char            100180c3 f   LIBCMT:crt0dat.obj
 0001:00017178       ___crtCorExitProcess       10018178 f   LIBCMT:crt0dat.obj
 0001:000171ac       ___crtExitProcess          100181ac f   LIBCMT:crt0dat.obj
 0001:000171c2       ___freeCrtMemory           100181c2 f   LIBCMT:crt0dat.obj
 0001:000172cf       __amsg_exit                100182cf f   LIBCMT:crt0dat.obj
 0001:000172eb       __c_exit                   100182eb f   LIBCMT:crt0dat.obj
 0001:000172fa       __cexit                    100182fa f   LIBCMT:crt0dat.obj
 0001:00017309       __cinit                    10018309 f   LIBCMT:crt0dat.obj
 0001:0001738d       __exit                     1001838d f   LIBCMT:crt0dat.obj
 0001:000173a1       __exit_app                 100183a1 f   LIBCMT:crt0dat.obj
 0001:000173af       __get_pgmptr               100183af f   LIBCMT:crt0dat.obj
 0001:000173de       __get_wpgmptr              100183de f   LIBCMT:crt0dat.obj
 0001:0001740d       __init_pointers            1001840d f   LIBCMT:crt0dat.obj
 0001:0001747b       __initterm_e               1001847b f   LIBCMT:crt0dat.obj
 0001:0001749d       __lockexit                 1001849d f   LIBCMT:crt0dat.obj
 0001:000174a6       __unlockexit               100184a6 f   LIBCMT:crt0dat.obj
 0001:000175de       _exit                      100185de f   LIBCMT:crt0dat.obj
 0001:000175f2       _calloc                    100185f2 f   LIBCMT:calloc.obj
 0001:00017632       _free                      10018632 f   LIBCMT:free.obj
 0001:0001766a       _realloc                   1001866a f   LIBCMT:realloc.obj
 0001:00017720       _memcpy                    10018720 f   LIBCMT:memcpy.obj
 0001:00017d70       _strcmp                    10018d70 f   LIBCMT:strcmp.obj
 0001:00017e00       _strlen                    10018e00 f   LIBCMT:strlen.obj
 0001:00017e90       _memmove                   10018e90 f   LIBCMT:memmove.obj
 0001:000184e0       _strchr                    100194e0 f   LIBCMT:strchr.obj
 0001:0001854e       ___from_strstr_to_strchr   1001954e     LIBCMT:strchr.obj
 0001:00018610       _strncat                   10019610 f   LIBCMT:strncat.obj
 0001:00018750       _strncpy                   10019750 f   LIBCMT:strncpy.obj
 0001:00018874       ___initstdio               10019874 f   LIBCMT:_file.obj
 0001:000188e7       ___endstdio                100198e7 f   LIBCMT:_file.obj
 0001:0001890e       ___iob_func                1001990e f   LIBCMT:_file.obj
 0001:00018914       __lock_file                10019914 f   LIBCMT:_file.obj
 0001:00018953       __lock_file2               10019953 f   LIBCMT:_file.obj
 0001:00018983       __unlock_file              10019983 f   LIBCMT:_file.obj
 0001:000189bd       __unlock_file2             100199bd f   LIBCMT:_file.obj
 0001:000189ea       __fclose_nolock            100199ea f   LIBCMT:fclose.obj
 0001:00018a56       _fclose                    10019a56 f   LIBCMT:fclose.obj
 0001:00018acd       __fsopen                   10019acd f   LIBCMT:fopen.obj
 0001:00018b91       _fopen                     10019b91 f   LIBCMT:fopen.obj
 0001:00018ba6       _fopen_s                   10019ba6 f   LIBCMT:fopen.obj
 0001:00018beb       __fprintf_l                10019beb f   LIBCMT:fprintf.obj
 0001:00018c05       __fprintf_p                10019c05 f   LIBCMT:fprintf.obj
 0001:00018c1e       __fprintf_p_l              10019c1e f   LIBCMT:fprintf.obj
 0001:00018c38       __fprintf_s_l              10019c38 f   LIBCMT:fprintf.obj
 0001:00018c52       _fprintf                   10019c52 f   LIBCMT:fprintf.obj
 0001:00018d64       _fprintf_s                 10019d64 f   LIBCMT:fprintf.obj
 0001:00018d7d       __fread_nolock             10019d7d f   LIBCMT:fread.obj
 0001:00018d98       __fread_nolock_s           10019d98 f   LIBCMT:fread.obj
 0001:00018f5d       _fread                     10019f5d f   LIBCMT:fread.obj
 0001:00018f78       _fread_s                   10019f78 f   LIBCMT:fread.obj
 0001:00019009       __fwrite_nolock            1001a009 f   LIBCMT:fwrite.obj
 0001:00019162       _fwrite                    1001a162 f   LIBCMT:fwrite.obj
 0001:000191e4       __unlink                   1001a1e4 f   LIBCMT:unlink.obj
 0001:000191ed       _remove                    1001a1ed f   LIBCMT:unlink.obj
 0001:0001922f       _rewind                    1001a22f f   LIBCMT:rewind.obj
 0001:000192ee       __scprintf                 1001a2ee f   LIBCMT:sprintf.obj
 0001:00019301       __scprintf_l               1001a301 f   LIBCMT:sprintf.obj
 0001:00019318       __scprintf_p               1001a318 f   LIBCMT:sprintf.obj
 0001:0001932b       __scprintf_p_l             1001a32b f   LIBCMT:sprintf.obj
 0001:00019342       __snprintf_s               1001a342 f   LIBCMT:sprintf.obj
 0001:00019361       __snprintf_s_l             1001a361 f   LIBCMT:sprintf.obj
 0001:00019381       __sprintf_l                1001a381 f   LIBCMT:sprintf.obj
 0001:0001939b       __sprintf_p                1001a39b f   LIBCMT:sprintf.obj
 0001:000193b7       __sprintf_p_l              1001a3b7 f   LIBCMT:sprintf.obj
 0001:000193d4       __sprintf_s_l              1001a3d4 f   LIBCMT:sprintf.obj
 0001:000193f1       _sprintf                   1001a3f1 f   LIBCMT:sprintf.obj
 0001:00019475       _sprintf_s                 1001a475 f   LIBCMT:sprintf.obj
 0001:000194a0       _floor                     1001a4a0 f   LIBCMT:floor_pentium4.obj
 0001:000194e0       __floor_pentium4           1001a4e0 f   LIBCMT:floor_pentium4.obj
 0001:000195c1       _ldexp                     1001a5c1 f   LIBCMT:ldexp.obj
 0001:000197ad       @__security_check_cookie@4 1001a7ad f   LIBCMT:secchk.obj
 0001:000197c0       __ftoui3                   1001a7c0 f   LIBCMT:ftol3.obj
 0001:000197cf       __ftoul3                   1001a7cf f   LIBCMT:ftol3.obj
 0001:000197de       __ftol3                    1001a7de f   LIBCMT:ftol3.obj
 0001:000197eb       __ftol3_NaN                1001a7eb f   LIBCMT:ftol3.obj
 0001:00019803       __ftol3_work               1001a803 f   LIBCMT:ftol3.obj
 0001:00019889       __ftol3_common             1001a889 f   LIBCMT:ftol3.obj
 0001:0001994b       __ftol3_arg_error          1001a94b f   LIBCMT:ftol3.obj
 0001:0001995d       __ftol3_except             1001a95d f   LIBCMT:ftol3.obj
 0001:000199a1       __dtoui3                   1001a9a1 f   LIBCMT:ftol3.obj
 0001:000199b0       __dtoul3                   1001a9b0 f   LIBCMT:ftol3.obj
 0001:000199bf       __dtol3                    1001a9bf f   LIBCMT:ftol3.obj
 0001:000199cc       __dtol3_NaN                1001a9cc f   LIBCMT:ftol3.obj
 0001:000199e9       __dtol3_work               1001a9e9 f   LIBCMT:ftol3.obj
 0001:00019ace       __ultod3                   1001aace f   LIBCMT:ftol3.obj
 0001:00019b5f       __ltod3                    1001ab5f f   LIBCMT:ftol3.obj
 0001:00019b8d       __invoke_watson_if_error   1001ab8d f i LIBCMT:wassert.obj
 0001:00019bad       __wassert                  1001abad f   LIBCMT:wassert.obj
 0001:0001a260       _strcpy                    1001b260 f   LIBCMT:strcat.obj
 0001:0001a270       _strcat                    1001b270 f   LIBCMT:strcat.obj
 0001:0001a358       __CRT_INIT@12              1001b358 f   LIBCMT:dllcrt0.obj
 0001:0001a4ca       __DllMainCRTStartup@12     1001b4ca f   LIBCMT:dllcrt0.obj
 0001:0001a5fb       ___DllXcptFilter           1001b5fb f   LIBCMT:dllcrt0.obj
 0001:0001a620       ?_query_new_handler@@YAP6AHI@ZXZ 1001b620 f   LIBCMT:handler.obj
 0001:0001a62d       ?_set_new_handler@@YAP6AHI@ZH@Z 1001b62d f   LIBCMT:handler.obj
 0001:0001a636       ?_set_new_handler@@YAP6AHI@ZP6AHI@Z@Z 1001b636 f   LIBCMT:handler.obj
 0001:0001a66b       __callnewh                 1001b66b f   LIBCMT:handler.obj
 0001:0001a691       __initp_heap_handler       1001b691 f   LIBCMT:handler.obj
 0001:0001a69e       __FF_MSGBANNER             1001b69e f   LIBCMT:crt0msg.obj
 0001:0001a6d7       __GET_RTERRMSG             1001b6d7 f   LIBCMT:crt0msg.obj
 0001:0001a6fb       __NMSG_WRITE               1001b6fb f   LIBCMT:crt0msg.obj
 0001:0001a8b8       ___doserrno                1001b8b8 f   LIBCMT:dosmap.obj
 0001:0001a8cb       __dosmaperr                1001b8cb f   LIBCMT:dosmap.obj
 0001:0001a8ec       __errno                    1001b8ec f   LIBCMT:dosmap.obj
 0001:0001a8ff       __get_doserrno             1001b8ff f   LIBCMT:dosmap.obj
 0001:0001a922       __get_errno                1001b922 f   LIBCMT:dosmap.obj
 0001:0001a945       __get_errno_from_oserr     1001b945 f   LIBCMT:dosmap.obj
 0001:0001a986       __set_doserrno             1001b986 f   LIBCMT:dosmap.obj
 0001:0001a9a5       __set_errno                1001b9a5 f   LIBCMT:dosmap.obj
 0001:0001a9c4       __get_heap_handle          1001b9c4 f   LIBCMT:heapinit.obj
 0001:0001a9ca       __heap_init                1001b9ca f   LIBCMT:heapinit.obj
 0001:0001a9df       __heap_term                1001b9df f   LIBCMT:heapinit.obj
 0001:0001a9e7       __VEC_memset               1001b9e7 f   LIBCMT:p4_memset.obj
 0001:0001aaaf       ___isa_available_init      1001baaf f   LIBCMT:cpu_disp.obj
 0001:0001ac28       ?_invalid_parameter@@YAXPBG00II@Z 1001bc28 f   LIBCMT:invarg.obj
 0001:0001ac2d       ?_invoke_watson@@YAXPBG00II@Z 1001bc2d f   LIBCMT:invarg.obj
 0001:0001ac45       __call_reportfault         1001bc45 f   LIBCMT:invarg.obj
 0001:0001ad6a       __get_invalid_parameter_handler 1001bd6a f   LIBCMT:invarg.obj
 0001:0001ad77       __initp_misc_invarg        1001bd77 f   LIBCMT:invarg.obj
 0001:0001ad84       __invalid_parameter        1001bd84 f   LIBCMT:invarg.obj
 0001:0001adaf       __invalid_parameter_noinfo 1001bdaf f   LIBCMT:invarg.obj
 0001:0001adbf       __invalid_parameter_noinfo_noreturn 1001bdbf f   LIBCMT:invarg.obj
 0001:0001adda       __invoke_watson            1001bdda f   LIBCMT:invarg.obj
 0001:0001ae05       __set_invalid_parameter_handler 1001be05 f   LIBCMT:invarg.obj
 0001:0001ae2a       __vprintf_l                1001be2a f   LIBCMT:vprintf.obj
 0001:0001ae45       __vprintf_p                1001be45 f   LIBCMT:vprintf.obj
 0001:0001ae5f       __vprintf_p_l              1001be5f f   LIBCMT:vprintf.obj
 0001:0001ae7a       __vprintf_s_l              1001be7a f   LIBCMT:vprintf.obj
 0001:0001ae95       _vprintf                   1001be95 f   LIBCMT:vprintf.obj
 0001:0001aeaf       _vprintf_helper            1001beaf f   LIBCMT:vprintf.obj
 0001:0001af3c       _vprintf_s                 1001bf3c f   LIBCMT:vprintf.obj
 0001:0001af56       __ftbuf                    1001bf56 f   LIBCMT:_sftbuf.obj
 0001:0001af87       __stbuf                    1001bf87 f   LIBCMT:_sftbuf.obj
 0001:0001b02d       ??0_LocaleUpdate@@QAE@PAUlocaleinfo_struct@@@Z 1001c02d f i LIBCMT:output.obj
 0001:0001b0b5       ??1_LocaleUpdate@@QAE@XZ   1001c0b5 f i LIBCMT:output.obj
 0001:0001b0c3       ?GetLocaleT@_LocaleUpdate@@QAEPAUlocaleinfo_struct@@XZ 1001c0c3 f i LIBCMT:output.obj
 0001:0001b0c6       __output_l                 1001c0c6 f   LIBCMT:output.obj
 0001:0001bc46       _get_int64_arg             1001cc46 f i LIBCMT:output.obj
 0001:0001bc59       _get_int_arg               1001cc59 f i LIBCMT:output.obj
 0001:0001bc69       _get_short_arg             1001cc69 f i LIBCMT:output.obj
 0001:0001bd70       __SEH_prolog4              1001cd70 f   LIBCMT:sehprolg4.obj
 0001:0001bdb5       __SEH_epilog4              1001cdb5 f   LIBCMT:sehprolg4.obj
 0001:0001be10       __except_handler4          1001ce10 f   LIBCMT:chandler4.obj
 0001:0001bfa4       ?strrchr@@YAPADPADH@Z      1001cfa4 f i LIBCMT:cvt.obj
 0001:0001bfad       __cfltcvt                  1001cfad f   LIBCMT:cvt.obj
 0001:0001bfce       __cfltcvt_l                1001cfce f   LIBCMT:cvt.obj
 0001:0001c054       __cftoa                    1001d054 f   LIBCMT:cvt.obj
 0001:0001c072       __cftoa_l                  1001d072 f   LIBCMT:cvt.obj
 0001:0001c3ce       __cftoe                    1001d3ce f   LIBCMT:cvt.obj
 0001:0001c53d       __cftoe_l                  1001d53d f   LIBCMT:cvt.obj
 0001:0001c60b       __cftof                    1001d60b f   LIBCMT:cvt.obj
 0001:0001c712       __cftof_l                  1001d712 f   LIBCMT:cvt.obj
 0001:0001c7d3       __cftog                    1001d7d3 f   LIBCMT:cvt.obj
 0001:0001c7f1       __cftog_l                  1001d7f1 f   LIBCMT:cvt.obj
 0001:0001c8f0       __cropzeros                1001d8f0 f   LIBCMT:cvt.obj
 0001:0001c901       __cropzeros_l              1001d901 f   LIBCMT:cvt.obj
 0001:0001c981       __fassign                  1001d981 f   LIBCMT:cvt.obj
 0001:0001c999       __fassign_l                1001d999 f   LIBCMT:cvt.obj
 0001:0001c9db       __forcdecpt                1001d9db f   LIBCMT:cvt.obj
 0001:0001c9ec       __forcdecpt_l              1001d9ec f   LIBCMT:cvt.obj
 0001:0001ca60       __positive                 1001da60 f   LIBCMT:cvt.obj
 0001:0001caa2       __setdefaultprecision      1001daa2 f   LIBCMT:fp8.obj
 0001:0001cac9       __initp_misc_cfltcvt_tab   1001dac9 f   LIBCMT:cmiscdat.obj
 0001:0001cae8       __crt_debugger_hook        1001dae8 f   LIBCMT:dbghook.obj
 0001:0001cb1d       ___crtCloseThreadpoolTimer 1001db1d f   LIBCMT:winapisupp.obj
 0001:0001cb34       ___crtCloseThreadpoolWait  1001db34 f   LIBCMT:winapisupp.obj
 0001:0001cb4b       ___crtCreateEventExW       1001db4b f   LIBCMT:winapisupp.obj
 0001:0001cb86       ___crtCreateSemaphoreExW   1001db86 f   LIBCMT:winapisupp.obj
 0001:0001cbc0       ___crtCreateSymbolicLinkW  1001dbc0 f   LIBCMT:winapisupp.obj
 0001:0001cbe9       ___crtCreateThreadpoolTimer 1001dbe9 f   LIBCMT:winapisupp.obj
 0001:0001cc0a       ___crtCreateThreadpoolWait 1001dc0a f   LIBCMT:winapisupp.obj
 0001:0001cc2b       ___crtFlsAlloc             1001dc2b f   LIBCMT:winapisupp.obj
 0001:0001cc49       ___crtFlsFree              1001dc49 f   LIBCMT:winapisupp.obj
 0001:0001cc68       ___crtFlsGetValue          1001dc68 f   LIBCMT:winapisupp.obj
 0001:0001cc87       ___crtFlsSetValue          1001dc87 f   LIBCMT:winapisupp.obj
 0001:0001cca9       ___crtFlushProcessWriteBuffers 1001dca9 f   LIBCMT:winapisupp.obj
 0001:0001ccb9       ___crtFreeLibraryWhenCallbackReturns 1001dcb9 f   LIBCMT:winapisupp.obj
 0001:0001ccd3       ___crtGetCurrentProcessorNumber 1001dcd3 f   LIBCMT:winapisupp.obj
 0001:0001cce5       ___crtGetFileInformationByHandleEx 1001dce5 f   LIBCMT:winapisupp.obj
 0001:0001cd11       ___crtGetLogicalProcessorInformation 1001dd11 f   LIBCMT:winapisupp.obj
 0001:0001cd37       ___crtGetShowWindowMode    1001dd37 f   LIBCMT:winapisupp.obj
 0001:0001cd5a       ___crtGetTickCount64       1001dd5a f   LIBCMT:winapisupp.obj
 0001:0001cd72       ___crtInitializeCriticalSectionEx 1001dd72 f   LIBCMT:winapisupp.obj
 0001:0001cda0       ___crtIsPackagedApp        1001dda0 f   LIBCMT:winapisupp.obj
 0001:0001cde0       ___crtLoadWinApiPointers   1001dde0 f   LIBCMT:winapisupp.obj
 0001:0001d06b       ___crtSetFileInformationByHandle 1001e06b f   LIBCMT:winapisupp.obj
 0001:0001d097       ___crtSetThreadStackGuarantee 1001e097 f   LIBCMT:winapisupp.obj
 0001:0001d0b2       ___crtSetThreadpoolTimer   1001e0b2 f   LIBCMT:winapisupp.obj
 0001:0001d0d2       ___crtSetThreadpoolWait    1001e0d2 f   LIBCMT:winapisupp.obj
 0001:0001d0ef       ___crtSetUnhandledExceptionFilter 1001e0ef f   LIBCMT:winapisupp.obj
 0001:0001d0fd       ___crtSleep                1001e0fd f   LIBCMT:winapisupp.obj
 0001:0001d10b       ___crtTerminateProcess     1001e10b f   LIBCMT:winapisupp.obj
 0001:0001d120       ___crtUnhandledException   1001e120 f   LIBCMT:winapisupp.obj
 0001:0001d136       ___crtWaitForThreadpoolTimerCallbacks 1001e136 f   LIBCMT:winapisupp.obj
 0001:0001d150       __RTC_Initialize           1001e150 f   LIBCMT:initsect.obj
 0001:0001d170       __RTC_Terminate            1001e170 f   LIBCMT:initsect.obj
 0001:0001d190       __lock                     1001e190 f   LIBCMT:mlock.obj
 0001:0001d1c4       __lockerr_exit             1001e1c4 f   LIBCMT:mlock.obj
 0001:0001d1e4       __mtdeletelocks            1001e1e4 f   LIBCMT:mlock.obj
 0001:0001d238       __mtinitlocknum            1001e238 f   LIBCMT:mlock.obj
 0001:0001d2e1       __mtinitlocks              1001e2e1 f   LIBCMT:mlock.obj
 0001:0001d31a       __unlock                   1001e31a f   LIBCMT:mlock.obj
 0001:0001d330       __FindPESection            1001e330 f   LIBCMT:pesect.obj
 0001:0001d380       __IsNonwritableInCurrentImage 1001e380 f   LIBCMT:pesect.obj
 0001:0001d440       __ValidateImageBase        1001e440 f   LIBCMT:pesect.obj
 0001:0001d471       ___onexitinit              1001e471 f   LIBCMT:onexit.obj
 0001:0001d4a0       __onexit                   1001e4a0 f   LIBCMT:onexit.obj
 0001:0001d59c       _atexit                    1001e59c f   LIBCMT:onexit.obj
 0001:0001d5b1       __calloc_crt               1001e5b1 f   LIBCMT:crtheap.obj
 0001:0001d5f9       __malloc_crt               1001e5f9 f   LIBCMT:crtheap.obj
 0001:0001d640       __realloc_crt              1001e640 f   LIBCMT:crtheap.obj
 0001:0001d68a       __recalloc_crt             1001e68a f   LIBCMT:crtheap.obj
 0001:0001d6d8       __set_malloc_crt_max_wait  1001e6d8 f   LIBCMT:crtheap.obj
 0001:0001d6eb       _wait_a_bit                1001e6eb f i LIBCMT:crtheap.obj
 0001:0001d70f       ?_inconsistency@@YAXXZ     1001e70f f   LIBCMT:hooks.obj
 0001:0001d747       ?terminate@@YAXXZ          1001e747 f   LIBCMT:hooks.obj
 0001:0001d77b       ?unexpected@@YAXXZ         1001e77b f   LIBCMT:hooks.obj
 0001:0001d78e       __initp_eh_hooks           1001e78e f   LIBCMT:hooks.obj
 0001:0001d79f       ___getlocaleinfo           1001e79f f   LIBCMT:inithelp.obj
 0001:0001d978       __initp_misc_purevirt      1001e978 f   LIBCMT:inithelp.obj
 0001:0001d985       ___fpecode                 1001e985 f   LIBCMT:winsig.obj
 0001:0001d98e       ___get_sigabrt             1001e98e f   LIBCMT:winsig.obj
 0001:0001d99b       ___pxcptinfoptrs           1001e99b f   LIBCMT:winsig.obj
 0001:0001d9a4       __initp_misc_winsig        1001e9a4 f   LIBCMT:winsig.obj
 0001:0001da65       _raise                     1001ea65 f   LIBCMT:winsig.obj
 0001:0001dc5a       _signal                    1001ec5a f   LIBCMT:winsig.obj
 0001:0001deb1       __initp_misc_rand_s        1001eeb1 f   LIBCMT:rand_s.obj
 0001:0001debe       _rand_s                    1001eebe f   LIBCMT:rand_s.obj
 0001:0001dfc4       ___initmbctable            1001efc4 f   LIBCMT:mbctype.obj
 0001:0001e27b       ___updatetmbcinfo          1001f27b f   LIBCMT:mbctype.obj
 0001:0001e321       __getmbcp                  1001f321 f   LIBCMT:mbctype.obj
 0001:0001e352       __setmbcp                  1001f352 f   LIBCMT:mbctype.obj
 0001:0001e4fa       __setmbcp_nolock           1001f4fa f   LIBCMT:mbctype.obj
 0001:0001e6e5       __calloc_impl              1001f6e5 f   LIBCMT:calloc_impl.obj
 0001:0001e75f       __fcloseall                1001f75f f   LIBCMT:closeall.obj
 0001:0001e7fc       __fflush_nolock            1001f7fc f   LIBCMT:fflush.obj
 0001:0001e842       __flush                    1001f842 f   LIBCMT:fflush.obj
 0001:0001e8a6       __flushall                 1001f8a6 f   LIBCMT:fflush.obj
 0001:0001e8af       _fflush                    1001f8af f   LIBCMT:fflush.obj
 0001:0001e9ec       __fileno                   1001f9ec f   LIBCMT:fileno.obj
 0001:0001ea10       __close                    1001fa10 f   LIBCMT:close.obj
 0001:0001eaeb       __close_nolock             1001faeb f   LIBCMT:close.obj
 0001:0001eb85       __freebuf                  1001fb85 f   LIBCMT:_freebuf.obj
 0001:0001ebb5       __getstream                1001fbb5 f   LIBCMT:stream.obj
 0001:0001ecd4       __openfile                 1001fcd4 f   LIBCMT:_open.obj
 0001:0001ef50       __local_unwind4            1001ff50 f   LIBCMT:exsup4.obj
 0001:0001f026       __seh_longjmp_unwind4@4    10020026 f   LIBCMT:exsup4.obj
 0001:0001f042       @_EH4_CallFilterFunc@8     10020042 f   LIBCMT:exsup4.obj
 0001:0001f059       @_EH4_TransferToHandler@8  10020059 f   LIBCMT:exsup4.obj
 0001:0001f072       @_EH4_GlobalUnwind2@8      10020072 f   LIBCMT:exsup4.obj
 0001:0001f08b       @_EH4_LocalUnwind@16       1002008b f   LIBCMT:exsup4.obj
 0001:0001f0a2       __vfprintf_l               100200a2 f   LIBCMT:vfprintf.obj
 0001:0001f0c0       __vfprintf_p               100200c0 f   LIBCMT:vfprintf.obj
 0001:0001f0dd       __vfprintf_p_l             100200dd f   LIBCMT:vfprintf.obj
 0001:0001f0fb       __vfprintf_s_l             100200fb f   LIBCMT:vfprintf.obj
 0001:0001f119       _vfprintf                  10020119 f   LIBCMT:vfprintf.obj
 0001:0001f136       _vfprintf_helper           10020136 f   LIBCMT:vfprintf.obj
 0001:0001f247       _vfprintf_s                10020247 f   LIBCMT:vfprintf.obj
 0001:0001f264       __ioinit                   10020264 f   LIBCMT:ioinit.obj
 0001:0001f518       __ioterm                   10020518 f   LIBCMT:ioinit.obj
 0001:0001f56a       __filbuf                   1002056a f   LIBCMT:_filbuf.obj
 0001:0001f68b       _memcpy_s                  1002068b f   LIBCMT:memcpy_s.obj
 0001:0001f70a       __read                     1002070a f   LIBCMT:read.obj
 0001:0001f81e       __read_nolock              1002081e f   LIBCMT:read.obj
 0001:0001ffaf       __flsbuf                   10020faf f   LIBCMT:_flsbuf.obj
 0001:000200fe       __write                    100210fe f   LIBCMT:write.obj
 0001:000201ed       __write_nolock             100211ed f   LIBCMT:write.obj
 0001:00020a52       __wremove                  10021a52 f   LIBCMT:wunlink.obj
 0001:00020a80       __wunlink                  10021a80 f   LIBCMT:wunlink.obj
 0001:00020a89       __lseek                    10021a89 f   LIBCMT:lseek.obj
 0001:00020b78       __lseek_nolock             10021b78 f   LIBCMT:lseek.obj
 0001:00020c1f       __vscprintf                10021c1f f   LIBCMT:vsprintf.obj
 0001:00020c39       __vscprintf_helper         10021c39 f   LIBCMT:vsprintf.obj
 0001:00020c95       __vscprintf_l              10021c95 f   LIBCMT:vsprintf.obj
 0001:00020cb0       __vscprintf_p              10021cb0 f   LIBCMT:vsprintf.obj
 0001:00020cca       __vscprintf_p_l            10021cca f   LIBCMT:vsprintf.obj
 0001:00020ce5       __vsprintf_l               10021ce5 f   LIBCMT:vsprintf.obj
 0001:00020d69       _vsprintf                  10021d69 f   LIBCMT:vsprintf.obj
 0001:00020d81       __vsnprintf_c              10021d81 f   LIBCMT:vsnprnc.obj
 0001:00020da8       __vsnprintf_c_l            10021da8 f   LIBCMT:vsnprnc.obj
 0001:00020dd0       __vsnprintf_helper         10021dd0 f   LIBCMT:vsnprnc.obj
 0001:00020e9a       __vsnprintf_s              10021e9a f   LIBCMT:vsnprnc.obj
 0001:00020eb8       __vsnprintf_s_l            10021eb8 f   LIBCMT:vsnprnc.obj
 0001:00020fb8       __vsprintf_p               10021fb8 f   LIBCMT:vsnprnc.obj
 0001:00020fdf       __vsprintf_p_l             10021fdf f   LIBCMT:vsnprnc.obj
 0001:00021007       __vsprintf_s_l             10022007 f   LIBCMT:vsnprnc.obj
 0001:0002107c       _vsprintf_s                1002207c f   LIBCMT:vsnprnc.obj
 0001:00021097       ___libm_error_support      10022097 f   LIBCMT:libm_error.obj
 0001:0002137f       ___libm_setusermatherr     1002237f f   LIBCMT:libm_error.obj
 0001:000213ab       __sse2_mathfcns_init       100223ab f   LIBCMT:mathfcns.obj
 0001:000213ba       __set_SSE2_enable          100223ba f   LIBCMT:mathfcns.obj
 0001:000213d9       __floor_default            100223d9 f   LIBCMT:floor.obj
 0001:000214b0       __chgsign                  100224b0 f   LIBCMT:ieeemisc.obj
 0001:000214dd       __chgsignf                 100224dd f   LIBCMT:ieeemisc.obj
 0001:000214fe       __copysign                 100224fe f   LIBCMT:ieeemisc.obj
 0001:00021526       __copysignf                10022526 f   LIBCMT:ieeemisc.obj
 0001:00021542       __finite                   10022542 f   LIBCMT:ieeemisc.obj
 0001:0002155a       __fpclass                  1002255a f   LIBCMT:ieeemisc.obj
 0001:000215f6       __isnan                    100225f6 f   LIBCMT:ieeemisc.obj
 0001:00021629       __logb                     10022629 f   LIBCMT:ieeemisc.obj
 0001:0002170a       __nextafter                1002270a f   LIBCMT:ieeemisc.obj
 0001:000219aa       __scalb                    100229aa f   LIBCMT:ieeemisc.obj
 0001:000219c2       __add_exp                  100229c2 f   LIBCMT:util.obj
 0001:000219f1       __decomp                   100229f1 f   LIBCMT:util.obj
 0001:00021ac3       __get_exp                  10022ac3 f   LIBCMT:util.obj
 0001:00021adc       __set_bexp                 10022adc f   LIBCMT:util.obj
 0001:00021b05       __set_exp                  10022b05 f   LIBCMT:util.obj
 0001:00021b34       __sptype                   10022b34 f   LIBCMT:util.obj
 0001:00021b8f       __errcode                  10022b8f f   LIBCMT:fpexcept.obj
 0001:00021bc1       __except1                  10022bc1 f   LIBCMT:fpexcept.obj
 0001:00021c89       __except2                  10022c89 f   LIBCMT:fpexcept.obj
 0001:00021d89       __handle_exc               10022d89 f   LIBCMT:fpexcept.obj
 0001:00021f67       __handle_qnan1             10022f67 f   LIBCMT:fpexcept.obj
 0001:00021fb7       __handle_qnan2             10022fb7 f   LIBCMT:fpexcept.obj
 0001:00022017       __raise_exc                10023017 f   LIBCMT:fpexcept.obj
 0001:00022038       __raise_exc_ex             10023038 f   LIBCMT:fpexcept.obj
 0001:0002231d       __raise_excf               1002331d f   LIBCMT:fpexcept.obj
 0001:0002233e       __set_errno_from_matherr   1002333e f   LIBCMT:fpexcept.obj
 0001:0002236b       __umatherr                 1002336b f   LIBCMT:fpexcept.obj
 0001:0002240b       ___clrfp_sse2              1002340b f   LIBCMT:fpctrl.obj
 0001:0002242c       ___ctrlfp_sse2             1002342c f   LIBCMT:fpctrl.obj
 0001:00022465       ___fclrf_sse2              10023465 f   LIBCMT:fpctrl.obj
 0001:00022482       ___get_fpsr_sse2           10023482 f   LIBCMT:fpctrl.obj
 0001:0002249e       ___set_fpsr_sse2           1002349e f   LIBCMT:fpctrl.obj
 0001:00022514       ___set_statfp_sse2         10023514 f   LIBCMT:fpctrl.obj
 0001:0002252d       ___statfp_sse2             1002352d f   LIBCMT:fpctrl.obj
 0001:00022542       __clrfp                    10023542 f   LIBCMT:fpctrl.obj
 0001:00022553       __ctrlfp                   10023553 f   LIBCMT:fpctrl.obj
 0001:0002257e       __set_statfp               1002357e f   LIBCMT:fpctrl.obj
 0001:000225d6       __statfp                   100235d6 f   LIBCMT:fpctrl.obj
 0001:000225e6       _wcscat_s                  100235e6 f   LIBCMT:wcscat_s.obj
 0001:00022652       _wcscpy_s                  10023652 f   LIBCMT:wcscpy_s.obj
 0001:000226ae       _wcslen                    100236ae f   LIBCMT:wcslen.obj
 0001:000226c7       _wcsncat_s                 100236c7 f   LIBCMT:wcsncat_s.obj
 0001:00022795       __set_abort_behavior       10023795 f   LIBCMT:abort.obj
 0001:000227b4       _abort                     100237b4 f   LIBCMT:abort.obj
 0001:000227f7       ___set_app_type            100237f7 f   LIBCMT:errmode.obj
 0001:00022804       __set_error_mode           10023804 f   LIBCMT:errmode.obj
 0001:00022960       __i64tow_s                 10023960 f   LIBCMT:xtows.obj
 0001:00022991       __itow_s                   10023991 f   LIBCMT:xtows.obj
 0001:000229ba       __ltow_s                   100239ba f   LIBCMT:xtows.obj
 0001:000229e4       __ui64tow_s                100239e4 f   LIBCMT:xtows.obj
 0001:000229ff       __ultow_s                  100239ff f   LIBCMT:xtows.obj
 0001:00022b0a       _setvbuf                   10023b0a f   LIBCMT:setvbuf.obj
 0001:00022c10       __fwprintf_l               10023c10 f   LIBCMT:fwprintf.obj
 0001:00022c2a       __fwprintf_p               10023c2a f   LIBCMT:fwprintf.obj
 0001:00022c43       __fwprintf_p_l             10023c43 f   LIBCMT:fwprintf.obj
 0001:00022c5d       __fwprintf_s_l             10023c5d f   LIBCMT:fwprintf.obj
 0001:00022c77       _fwprintf                  10023c77 f   LIBCMT:fwprintf.obj
 0001:00022d0b       _fwprintf_s                10023d0b f   LIBCMT:fwprintf.obj
 0001:00022d24       __vsnwprintf_s             10023d24 f   LIBCMT:vswprnc.obj
 0001:00022d42       __vsnwprintf_s_l           10023d42 f   LIBCMT:vswprnc.obj
 0001:00022e46       __vswprintf_c              10023e46 f   LIBCMT:vswprnc.obj
 0001:00022e6d       __vswprintf_c_l            10023e6d f   LIBCMT:vswprnc.obj
 0001:00022e95       __vswprintf_helper         10023e95 f   LIBCMT:vswprnc.obj
 0001:00022f90       __vswprintf_p              10023f90 f   LIBCMT:vswprnc.obj
 0001:00022fb7       __vswprintf_p_l            10023fb7 f   LIBCMT:vswprnc.obj
 0001:00022fdf       __vswprintf_s_l            10023fdf f   LIBCMT:vswprnc.obj
 0001:00023056       _vswprintf_s               10024056 f   LIBCMT:vswprnc.obj
 0001:00023071       ___crtMessageBoxW          10024071 f   LIBCMT:crtmboxw.obj
 0001:00023257       ___crtMessageBoxWaitThreadW@4 10024257 f   LIBCMT:crtmboxw.obj
 0001:00023275       __XcptFilter               10024275 f   LIBCMT:winxfltr.obj
 0001:000233d0       ___CppXcptFilter           100243d0 f   LIBCMT:winxfltr.obj
 0001:00023422       ___get_flsindex            10024422 f   LIBCMT:tidtable.obj
 0001:00023428       ___threadhandle            10024428 f   LIBCMT:tidtable.obj
 0001:0002342e       ___threadid                1002442e f   LIBCMT:tidtable.obj
 0001:00023434       __freefls@4                10024434 f   LIBCMT:tidtable.obj
 0001:00023569       __freeptd                  10024569 f   LIBCMT:tidtable.obj
 0001:0002359f       __getptd                   1002459f f   LIBCMT:tidtable.obj
 0001:000235b7       __getptd_noexit            100245b7 f   LIBCMT:tidtable.obj
 0001:00023626       __initptd                  10024626 f   LIBCMT:tidtable.obj
 0001:000236d9       __mtinit                   100246d9 f   LIBCMT:tidtable.obj
 0001:0002374f       __mtterm                   1002474f f   LIBCMT:tidtable.obj
 0001:0002376c       __set_pgmptr               1002476c f i LIBCMT:stdargv.obj
 0001:00023779       __setargv                  10024779 f   LIBCMT:stdargv.obj
 0001:000239a8       __setenvp                  100249a8 f   LIBCMT:stdenvp.obj
 0001:00023a89       ___security_init_cookie    10024a89 f   LIBCMT:gs_support.obj
 0001:00023b25       ___crtGetEnvironmentStringsA 10024b25 f   LIBCMT:a_env.obj
 0001:00023bb2       _wcsncpy_s                 10024bb2 f   LIBCMT:wcsncpy_s.obj
 0001:00023c70       __output_s_l               10024c70 f   LIBCMT:outputs.obj
 0001:000248f8       __output_p_l               100258f8 f   LIBCMT:outputp.obj
 0001:00025c30       __validate_param_reuseA    10026c30 f   LIBCMT:outputp.obj
 0001:00025d66       _get_crtdouble_arg         10026d66 f i LIBCMT:outputp.obj
 0001:00025e65       __isatty                   10026e65 f   LIBCMT:isatty.obj
 0001:00025eb9       ___addlocaleref            10026eb9 f   LIBCMT:localref.obj
 0001:00025f4e       ___freetlocinfo            10026f4e f   LIBCMT:localref.obj
 0001:000260a8       ___removelocaleref         100270a8 f   LIBCMT:localref.obj
 0001:00026148       ___updatetlocinfo          10027148 f   LIBCMT:localref.obj
 0001:000261c8       __updatetlocinfoEx_nolock  100271c8 f   LIBCMT:localref.obj
 0001:00026213       ___iswcsym                 10027213 f i LIBCMT:_wctype.obj
 0001:00026237       ___iswcsymf                10027237 f i LIBCMT:_wctype.obj
 0001:0002625b       __isleadbyte_l             1002725b f i LIBCMT:_wctype.obj
 0001:00026295       __iswalnum_l               10027295 f i LIBCMT:_wctype.obj
 0001:000262a9       __iswalpha_l               100272a9 f i LIBCMT:_wctype.obj
 0001:000262bd       __iswblank_l               100272bd f i LIBCMT:_wctype.obj
 0001:000262d8       __iswcntrl_l               100272d8 f i LIBCMT:_wctype.obj
 0001:000262e9       __iswcsym_l                100272e9 f i LIBCMT:_wctype.obj
 0001:0002630d       __iswcsymf_l               1002730d f i LIBCMT:_wctype.obj
 0001:00026331       __iswdigit_l               10027331 f i LIBCMT:_wctype.obj
 0001:00026342       __iswgraph_l               10027342 f i LIBCMT:_wctype.obj
 0001:00026356       __iswlower_l               10027356 f i LIBCMT:_wctype.obj
 0001:00026367       __iswprint_l               10027367 f i LIBCMT:_wctype.obj
 0001:0002637b       __iswpunct_l               1002737b f i LIBCMT:_wctype.obj
 0001:0002638c       __iswspace_l               1002738c f i LIBCMT:_wctype.obj
 0001:0002639d       __iswupper_l               1002739d f i LIBCMT:_wctype.obj
 0001:000263ae       __iswxdigit_l              100273ae f i LIBCMT:_wctype.obj
 0001:000263c2       _isleadbyte                100273c2 f i LIBCMT:_wctype.obj
 0001:000263d3       _iswalnum                  100273d3 f i LIBCMT:_wctype.obj
 0001:000263e7       _iswalpha                  100273e7 f i LIBCMT:_wctype.obj
 0001:000263fb       _iswascii                  100273fb f i LIBCMT:_wctype.obj
 0001:0002640d       _iswblank                  1002740d f i LIBCMT:_wctype.obj
 0001:00026428       _iswcntrl                  10027428 f i LIBCMT:_wctype.obj
 0001:00026439       _iswdigit                  10027439 f i LIBCMT:_wctype.obj
 0001:0002644a       _iswgraph                  1002744a f i LIBCMT:_wctype.obj
 0001:0002645e       _iswlower                  1002745e f i LIBCMT:_wctype.obj
 0001:0002646f       _iswprint                  1002746f f i LIBCMT:_wctype.obj
 0001:00026483       _iswpunct                  10027483 f i LIBCMT:_wctype.obj
 0001:00026494       _iswspace                  10027494 f i LIBCMT:_wctype.obj
 0001:000264a5       _iswupper                  100274a5 f i LIBCMT:_wctype.obj
 0001:000264b6       _iswxdigit                 100274b6 f i LIBCMT:_wctype.obj
 0001:000264ca       __wctomb_l                 100274ca f   LIBCMT:wctomb.obj
 0001:00026519       __wctomb_s_l               10027519 f   LIBCMT:wctomb.obj
 0001:0002663d       _wctomb                    1002763d f   LIBCMT:wctomb.obj
 0001:00026670       _wctomb_s                  10027670 f   LIBCMT:wctomb.obj
 0001:00026690       __aulldvrm                 10027690 f   LIBCMT:ulldvrm.obj
 0001:00026725       ___isascii                 10027725 f i LIBCMT:_ctype.obj
 0001:00026735       ___iscsym                  10027735 f i LIBCMT:_ctype.obj
 0001:00026755       ___iscsymf                 10027755 f i LIBCMT:_ctype.obj
 0001:00026772       ___toascii                 10027772 f i LIBCMT:_ctype.obj
 0001:0002677d       __isalnum_l                1002777d f i LIBCMT:_ctype.obj
 0001:000267d5       __isalpha_l                100277d5 f i LIBCMT:_ctype.obj
 0001:0002682d       __isblank_l                1002782d f i LIBCMT:_ctype.obj
 0001:00026887       __iscntrl_l                10027887 f i LIBCMT:_ctype.obj
 0001:000268d9       __iscsym_l                 100278d9 f i LIBCMT:_ctype.obj
 0001:000268fa       __iscsymf_l                100278fa f i LIBCMT:_ctype.obj
 0001:0002691b       __isdigit_l                1002791b f i LIBCMT:_ctype.obj
 0001:0002696d       __isgraph_l                1002796d f i LIBCMT:_ctype.obj
 0001:000269c5       __islower_l                100279c5 f i LIBCMT:_ctype.obj
 0001:00026a17       __isprint_l                10027a17 f i LIBCMT:_ctype.obj
 0001:00026a6f       __ispunct_l                10027a6f f i LIBCMT:_ctype.obj
 0001:00026ac1       __isspace_l                10027ac1 f i LIBCMT:_ctype.obj
 0001:00026b13       __isupper_l                10027b13 f i LIBCMT:_ctype.obj
 0001:00026b65       __isxdigit_l               10027b65 f i LIBCMT:_ctype.obj
 0001:00026bbd       _isalnum                   10027bbd f i LIBCMT:_ctype.obj
 0001:00026bea       _isalpha                   10027bea f i LIBCMT:_ctype.obj
 0001:00026c17       _isblank                   10027c17 f i LIBCMT:_ctype.obj
 0001:00026c4c       _iscntrl                   10027c4c f i LIBCMT:_ctype.obj
 0001:00026c77       _isdigit                   10027c77 f i LIBCMT:_ctype.obj
 0001:00026ca2       _isgraph                   10027ca2 f i LIBCMT:_ctype.obj
 0001:00026ccf       _islower                   10027ccf f i LIBCMT:_ctype.obj
 0001:00026cfa       _isprint                   10027cfa f i LIBCMT:_ctype.obj
 0001:00026d27       _ispunct                   10027d27 f i LIBCMT:_ctype.obj
 0001:00026d52       _isspace                   10027d52 f i LIBCMT:_ctype.obj
 0001:00026d7d       _isupper                   10027d7d f i LIBCMT:_ctype.obj
 0001:00026da8       _isxdigit                  10027da8 f i LIBCMT:_ctype.obj
 0001:00026dd5       __tolower                  10027dd5 f   LIBCMT:tolower.obj
 0001:00026de0       __tolower_l                10027de0 f   LIBCMT:tolower.obj
 0001:00026f23       _tolower                   10027f23 f   LIBCMT:tolower.obj
 0001:00026f4f       _strcpy_s                  10027f4f f   LIBCMT:strcpy_s.obj
 0001:00026fb0       _strrchr                   10027fb0 f   LIBCMT:strrchr.obj
 0001:000270e7       __fptostr                  100280e7 f   LIBCMT:_fptostr.obj
 0001:00027197       ___crt_atoflt_l            10028197 f   LIBCMT:atodbl.obj
 0001:0002723b       __atodbl                   1002823b f   LIBCMT:atodbl.obj
 0001:00027250       __atodbl_l                 10028250 f   LIBCMT:atodbl.obj
 0001:000272de       __atoflt                   100282de f   LIBCMT:atodbl.obj
 0001:000272f3       __atoflt_l                 100282f3 f   LIBCMT:atodbl.obj
 0001:0002730b       __atoldbl                  1002830b f   LIBCMT:atodbl.obj
 0001:00027320       __atoldbl_l                10028320 f   LIBCMT:atodbl.obj
 0001:000273af       ___dtold                   100283af f   LIBCMT:cfout.obj
 0001:00027477       __fltout2                  10028477 f   LIBCMT:cfout.obj
 0001:00027510       __alldvrm                  10028510 f   LIBCMT:lldvrm.obj
 0001:000275f0       __aullshr                  100285f0 f   LIBCMT:ullshr.obj
 0001:0002760f       __get_output_format        1002860f f   LIBCMT:outputformat.obj
 0001:00027615       __set_output_format        10028615 f   LIBCMT:outputformat.obj
 0001:00027647       __controlfp_s              10028647 f   LIBCMT:contrlfp.obj
 0001:000276a4       __fptrap                   100286a4 f   LIBCMT:crt0fp.obj
 0001:000276ad       __msize                    100286ad f   LIBCMT:msize.obj
 0001:000276de       __recalloc                 100286de f   LIBCMT:recalloc.obj
 0001:00027747       _strncpy_s                 10028747 f   LIBCMT:strncpy_s.obj
 0001:000278cf       __MallocaIsSizeInRange     100288cf f i LIBCMT:a_loc.obj
 0001:000278e0       __MarkAllocaS              100288e0 f i LIBCMT:a_loc.obj
 0001:000278f4       ___crtGetLocaleInfoA       100288f4 f   LIBCMT:a_loc.obj
 0001:0002792e       __freea                    1002892e f i LIBCMT:a_loc.obj
 0001:0002794c       _GetTableIndexFromLcid     1002894c f   LIBCMT:winapinls.obj
 0001:00027981       _GetTableIndexFromLocaleName 10028981 f   LIBCMT:winapinls.obj
 0001:000279cf       ___crtCompareStringEx      100289cf f   LIBCMT:winapinls.obj
 0001:00027a1b       ___crtDownlevelLCIDToLocaleName 10028a1b f   LIBCMT:winapinls.obj
 0001:00027a97       ___crtDownlevelLocaleNameToLCID 10028a97 f   LIBCMT:winapinls.obj
 0001:00027ad5       ___crtEnumSystemLocalesEx  10028ad5 f   LIBCMT:winapinls.obj
 0001:00027b12       ___crtGetDateFormatEx      10028b12 f   LIBCMT:winapinls.obj
 0001:00027b5b       ___crtGetLocaleInfoEx      10028b5b f   LIBCMT:winapinls.obj
 0001:00027b8a       ___crtGetTimeFormatEx      10028b8a f   LIBCMT:winapinls.obj
 0001:00027bbf       ___crtGetUserDefaultLocaleName 10028bbf f   LIBCMT:winapinls.obj
 0001:00027bea       ___crtIsValidLocaleName    10028bea f   LIBCMT:winapinls.obj
 0001:00027c15       ___crtLCMapStringEx        10028c15 f   LIBCMT:winapinls.obj
 0001:00027c61       ___wcsnicmp_ascii          10028c61 f   LIBCMT:winapinls.obj
 0001:00027ef3       ___crtLCMapStringA         10028ef3 f   LIBCMT:a_map.obj
 0001:00028031       ___crtGetStringTypeA       10029031 f   LIBCMT:a_str.obj
 0001:00028071       __commit                   10029071 f   LIBCMT:commit.obj
 0001:0002815a       ___lock_fhandle            1002915a f   LIBCMT:osfinfo.obj
 0001:000281e8       __alloc_osfhnd             100291e8 f   LIBCMT:osfinfo.obj
 0001:00028391       __free_osfhnd              10029391 f   LIBCMT:osfinfo.obj
 0001:00028417       __get_osfhandle            10029417 f   LIBCMT:osfinfo.obj
 0001:0002847e       __open_osfhandle           1002947e f   LIBCMT:osfinfo.obj
 0001:00028594       __set_osfhnd               10029594 f   LIBCMT:osfinfo.obj
 0001:00028616       __unlock_fhandle           10029616 f   LIBCMT:osfinfo.obj
 0001:0002863c       __open                     1002963c f   LIBCMT:open.obj
 0001:000286ec       __sopen                    100296ec f   LIBCMT:open.obj
 0001:0002871f       __sopen_helper             1002971f f   LIBCMT:open.obj
 0001:000287e8       __sopen_nolock             100297e8 f   LIBCMT:open.obj
 0001:00028836       __sopen_s                  10029836 f   LIBCMT:open.obj
 0001:00028854       __mbsnbcmp                 10029854 f   LIBCMT:mbsnbcmp.obj
 0001:0002886c       __mbsnbcmp_l               1002986c f   LIBCMT:mbsnbcmp.obj
 0001:00028983       __mbsnbicmp                10029983 f   LIBCMT:mbsnbicm.obj
 0001:0002899b       __mbsnbicmp_l              1002999b f   LIBCMT:mbsnbicm.obj
 0001:00028b60       __global_unwind2           10029b60 f   LIBCMT:exsup.obj
 0001:00028bc5       __local_unwind2            10029bc5 f   LIBCMT:exsup.obj
 0001:00028c49       __abnormal_termination     10029c49 f   LIBCMT:exsup.obj
 0001:00028c6c       __NLG_Notify1              10029c6c f   LIBCMT:exsup.obj
 0001:00028c75       __NLG_Notify               10029c75 f   LIBCMT:exsup.obj
 0001:00028c8c       __NLG_Dispatch2            10029c8c     LIBCMT:exsup.obj
 0001:00028c8c       __NLG_Dispatch             10029c8c     LIBCMT:exsup.obj
 0001:00028c94       __NLG_Call                 10029c94 f   LIBCMT:exsup.obj
 0001:00028c96       __NLG_Return2              10029c96     LIBCMT:exsup.obj
 0001:00028c97       __getbuf                   10029c97 f   LIBCMT:_getbuf.obj
 0001:00028cdd       __lseeki64                 10029cdd f   LIBCMT:lseeki64.obj
 0001:00028dd9       __lseeki64_nolock          10029dd9 f   LIBCMT:lseeki64.obj
 0001:00028e4c       __mbtowc_l                 10029e4c f   LIBCMT:mbtowc.obj
 0001:00028f41       _mbtowc                    10029f41 f   LIBCMT:mbtowc.obj
 0001:00028f59       __putwch                   10029f59 f   LIBCMT:putwch.obj
 0001:00028fa5       __putwch_nolock            10029fa5 f   LIBCMT:putwch.obj
 0001:00028ff0       __alloca_probe             10029ff0 f   LIBCMT:chkstk.obj
 0001:00028ff0       __chkstk                   10029ff0 f   LIBCMT:chkstk.obj
 0001:0002901b       __matherr                  1002a01b f   LIBCMT:matherr.obj
 0001:0002901e       __frnd                     1002a01e f   LIBCMT:frnd.obj
 0001:00029032       __vfwprintf_l              1002a032 f   LIBCMT:vfwprint.obj
 0001:00029050       __vfwprintf_p              1002a050 f   LIBCMT:vfwprint.obj
 0001:0002906d       __vfwprintf_p_l            1002a06d f   LIBCMT:vfwprint.obj
 0001:0002908b       __vfwprintf_s_l            1002a08b f   LIBCMT:vfwprint.obj
 0001:000290a9       _vfwprintf                 1002a0a9 f   LIBCMT:vfwprint.obj
 0001:000290c6       _vfwprintf_helper          1002a0c6 f   LIBCMT:vfwprint.obj
 0001:00029159       _vfwprintf_s               1002a159 f   LIBCMT:vfwprint.obj
 0001:00029176       __woutput_l                1002a176 f   LIBCMT:woutput.obj
 0001:00029e55       __woutput_s_l              1002ae55 f   LIBCMT:woutputs.obj
 0001:0002ab6c       __validate_param_reuseW    1002bb6c f   LIBCMT:woutputp.obj
 0001:0002ace4       __woutput_p_l              1002bce4 f   LIBCMT:woutputp.obj
 0001:0002c10d       __ismbbalnum               1002d10d f   LIBCMT:ismbbyte.obj
 0001:0002c126       __ismbbalnum_l             1002d126 f   LIBCMT:ismbbyte.obj
 0001:0002c140       __ismbbalpha               1002d140 f   LIBCMT:ismbbyte.obj
 0001:0002c159       __ismbbalpha_l             1002d159 f   LIBCMT:ismbbyte.obj
 0001:0002c173       __ismbbblank               1002d173 f   LIBCMT:ismbbyte.obj
 0001:0002c194       __ismbbblank_l             1002d194 f   LIBCMT:ismbbyte.obj
 0001:0002c1b6       __ismbbgraph               1002d1b6 f   LIBCMT:ismbbyte.obj
 0001:0002c1cf       __ismbbgraph_l             1002d1cf f   LIBCMT:ismbbyte.obj
 0001:0002c1e9       __ismbbkalnum              1002d1e9 f   LIBCMT:ismbbyte.obj
 0001:0002c1ff       __ismbbkalnum_l            1002d1ff f   LIBCMT:ismbbyte.obj
 0001:0002c216       __ismbbkana                1002d216 f   LIBCMT:ismbbyte.obj
 0001:0002c227       __ismbbkana_l              1002d227 f   LIBCMT:ismbbyte.obj
 0001:0002c273       __ismbbkprint              1002d273 f   LIBCMT:ismbbyte.obj
 0001:0002c289       __ismbbkprint_l            1002d289 f   LIBCMT:ismbbyte.obj
 0001:0002c2a0       __ismbbkpunct              1002d2a0 f   LIBCMT:ismbbyte.obj
 0001:0002c2b6       __ismbbkpunct_l            1002d2b6 f   LIBCMT:ismbbyte.obj
 0001:0002c2cd       __ismbblead                1002d2cd f   LIBCMT:ismbbyte.obj
 0001:0002c2e3       __ismbblead_l              1002d2e3 f   LIBCMT:ismbbyte.obj
 0001:0002c2fa       __ismbbprint               1002d2fa f   LIBCMT:ismbbyte.obj
 0001:0002c313       __ismbbprint_l             1002d313 f   LIBCMT:ismbbyte.obj
 0001:0002c32d       __ismbbpunct               1002d32d f   LIBCMT:ismbbyte.obj
 0001:0002c343       __ismbbpunct_l             1002d343 f   LIBCMT:ismbbyte.obj
 0001:0002c35a       __ismbbtrail               1002d35a f   LIBCMT:ismbbyte.obj
 0001:0002c370       __ismbbtrail_l             1002d370 f   LIBCMT:ismbbyte.obj
 0001:0002c5ad       __strtol_l                 1002d5ad f   LIBCMT:strtol.obj
 0001:0002c5c8       __strtoul_l                1002d5c8 f   LIBCMT:strtol.obj
 0001:0002c5e3       _strtol                    1002d5e3 f   LIBCMT:strtol.obj
 0001:0002c60d       _strtoul                   1002d60d f   LIBCMT:strtol.obj
 0001:0002c637       ___free_lconv_mon          1002d637 f   LIBCMT:initmon.obj
 0001:0002c733       ___init_monetary           1002d733 f   LIBCMT:initmon.obj
 0001:0002cb0c       ___free_lconv_num          1002db0c f   LIBCMT:initnum.obj
 0001:0002cb73       ___init_numeric            1002db73 f   LIBCMT:initnum.obj
 0001:0002cdb1       ___free_lc_time            1002ddb1 f   LIBCMT:inittime.obj
 0001:0002d131       ___init_time               1002e131 f   LIBCMT:inittime.obj
 0001:0002d9a0       _localeconv                1002e9a0 f   LIBCMT:lconv.obj
 0001:0002d9c6       __iswctype_l               1002e9c6 f   LIBCMT:iswctype.obj
 0001:0002d9d8       _is_wctype                 1002e9d8 f   LIBCMT:iswctype.obj
 0001:0002d9e1       _iswctype                  1002e9e1 f   LIBCMT:iswctype.obj
 0001:0002da37       ____lc_codepage_func       1002ea37 f   LIBCMT:initctyp.obj
 0001:0002da5d       ____lc_collate_cp_func     1002ea5d f   LIBCMT:initctyp.obj
 0001:0002da83       ____lc_locale_name_func    1002ea83 f   LIBCMT:initctyp.obj
 0001:0002daab       ____mb_cur_max_func        1002eaab f   LIBCMT:initctyp.obj
 0001:0002dad1       ____mb_cur_max_l_func      1002ead1 f   LIBCMT:initctyp.obj
 0001:0002dae8       ___init_ctype              1002eae8 f   LIBCMT:initctyp.obj
 0001:0002de80       ___pctype_func             1002ee80 f   LIBCMT:ctype.obj
 0001:0002dea9       ___pwctype_func            1002eea9 f   LIBCMT:ctype.obj
 0001:0002deaf       __isctype                  1002eeaf f   LIBCMT:isctype.obj
 0001:0002dede       __isctype_l                1002eede f   LIBCMT:isctype.obj
 0001:0002df8f       ___init_dummy              1002ef8f f   LIBCMT:wsetloca.obj
 0001:0002df92       __locterm                  1002ef92 f   LIBCMT:wsetloca.obj
 0001:0002dfe4       ____setlc_active_func      1002efe4 f   LIBCMT:wsetloca.obj
 0001:0002dfea       ____unguarded_readlc_active_add_func 1002efea f   LIBCMT:wsetloca.obj
 0001:0002dff0       ___copy_locale_name        1002eff0 f   LIBCMT:wsetloca.obj
 0001:0002e054       ___create_locale           1002f054 f   LIBCMT:wsetloca.obj
 0001:0002e05d       ___free_locale             1002f05d f   LIBCMT:wsetloca.obj
 0001:0002e062       ___get_current_locale      1002f062 f   LIBCMT:wsetloca.obj
 0001:0002e067       ___lc_lctowcs              1002f067 f   LIBCMT:wsetloca.obj
 0001:0002e0d5       ___lc_wcstolc              1002f0d5 f   LIBCMT:wsetloca.obj
 0001:0002e201       __configthreadlocale       1002f201 f   LIBCMT:wsetloca.obj
 0001:0002e287       __create_locale            1002f287 f   LIBCMT:wsetloca.obj
 0001:0002e2e9       __expandlocale             1002f2e9 f   LIBCMT:wsetloca.obj
 0001:0002e5e0       __free_locale              1002f5e0 f   LIBCMT:wsetloca.obj
 0001:0002e697       __get_current_locale       1002f697 f   LIBCMT:wsetloca.obj
 0001:0002e746       __wcreate_locale           1002f746 f   LIBCMT:wsetloca.obj
 0001:0002e81d       __wcscats                  1002f81d f   LIBCMT:wsetloca.obj
 0001:0002e85c       __wsetlocale               1002f85c f   LIBCMT:wsetloca.obj
 0001:0002f19e       __CopyMan                  1003019e f i LIBCMT:intrncvt.obj
 0001:0002f1bb       __FillZeroMan              100301bb f i LIBCMT:intrncvt.obj
 0001:0002f1ca       __IncMan                   100301ca f i LIBCMT:intrncvt.obj
 0001:0002f22c       __IsZeroMan                1003022c f i LIBCMT:intrncvt.obj
 0001:0002f249       __RoundMan                 10030249 f i LIBCMT:intrncvt.obj
 0001:0002f34a       __ShrMan                   1003034a f i LIBCMT:intrncvt.obj
 0001:0002f3d8       __ZeroTail                 100303d8 f i LIBCMT:intrncvt.obj
 0001:0002f420       ___addl                    10030420 f i LIBCMT:intrncvt.obj
 0001:0002f444       __ld12cvt                  10030444 f i LIBCMT:intrncvt.obj
 0001:0002f9af       __ld12tod                  100309af f   LIBCMT:intrncvt.obj
 0001:0002ff21       __ld12tof                  10030f21 f   LIBCMT:intrncvt.obj
 0001:00030493       __ld12told                 10031493 f   LIBCMT:intrncvt.obj
 0001:00030562       ___STRINGTOLD_L            10031562 f   LIBCMT:strgtold.obj
 0001:000305bd       ___ld12mul                 100315bd f i LIBCMT:strgtold.obj
 0001:00030889       ___multtenpow12            10031889 f i LIBCMT:strgtold.obj
 0001:00030bdc       ___shl_12                  10031bdc f i LIBCMT:strgtold.obj
 0001:00030c0d       ___shr_12                  10031c0d f i LIBCMT:strgtold.obj
 0001:00030c3d       ___strgtold12_l            10031c3d f   LIBCMT:strgtold.obj
 0001:000313e5       _$I10_OUTPUT               100323e5 f   LIBCMT:x10fout.obj
 0001:00031db9       ___add_12                  10032db9 f i LIBCMT:x10fout.obj
 0001:00031f65       ___control87_2             10032f65 f   LIBCMT:ieee87.obj
 0001:000325d9       __clearfp                  100335d9 f   LIBCMT:ieee87.obj
 0001:000326b9       __control87                100336b9 f i LIBCMT:ieee87.obj
 0001:000329bb       __controlfp                100339bb f   LIBCMT:ieee87.obj
 0001:00032cc6       __fpreset                  10033cc6 f   LIBCMT:ieee87.obj
 0001:00032d93       __set_controlfp            10033d93 f   LIBCMT:ieee87.obj
 0001:00032e06       __statusfp                 10033e06 f   LIBCMT:ieee87.obj
 0001:00032ea0       __statusfp2                10033ea0 f   LIBCMT:ieee87.obj
 0001:00032f00       __alloca_probe_16          10033f00 f   LIBCMT:alloca16.obj
 0001:00032f16       __alloca_probe_8           10033f16     LIBCMT:alloca16.obj
 0001:00032f2c       _wcsnlen                   10033f2c f   LIBCMT:wcslen_s.obj
 0001:00032fd3       __wopen                    10033fd3 f   LIBCMT:wopen.obj
 0001:00033083       __wsopen                   10034083 f   LIBCMT:wopen.obj
 0001:000330b6       __wsopen_helper            100340b6 f   LIBCMT:wopen.obj
 0001:0003317f       __wsopen_nolock            1003417f f   LIBCMT:wopen.obj
 0001:000338d2       __wsopen_s                 100348d2 f   LIBCMT:wopen.obj
 0001:000338f0       _strncmp                   100348f0 f   LIBCMT:strncmp.obj
 0001:00033968       __strnicmp                 10034968 f   LIBCMT:strnicmp.obj
 0001:000339d3       __strnicmp_l               100349d3 f   LIBCMT:strnicmp.obj
 0001:00033a84       ___termconout              10034a84 f   LIBCMT:initcon.obj
 0001:00033a9b       ___initconout              10034a9b f   LIBCMT:initcon.obj
 0001:00033aba       __fputwc_nolock            10034aba f   LIBCMT:fputwc.obj
 0001:00033c40       _fputwc                    10034c40 f   LIBCMT:fputwc.obj
 0001:00033cb7       _putwc                     10034cb7 f   LIBCMT:fputwc.obj
 0001:00033ea1       __wcstol_l                 10034ea1 f   LIBCMT:wcstol.obj
 0001:00033eb9       __wcstoul_l                10034eb9 f   LIBCMT:wcstol.obj
 0001:00033ed1       _wcstol                    10034ed1 f   LIBCMT:wcstol.obj
 0001:00033ee9       _wcstoul                   10034ee9 f   LIBCMT:wcstol.obj
 0001:00033f01       ___init_collate            10034f01 f   LIBCMT:initcoll.obj
 0001:00034021       _memcmp                    10035021 f   LIBCMT:memcmp.obj
 0001:00036f35       _wcscmp                    10037f35 f   LIBCMT:wcscmp.obj
 0001:00036f73       _wcscspn                   10037f73 f   LIBCMT:wcscspn.obj
 0001:00036fbe       _wcsncmp                   10037fbe f   LIBCMT:wcsncmp.obj
 0001:00036ff4       _wcspbrk                   10037ff4 f   LIBCMT:wcspbrk.obj
 0001:000375f8       ___get_qualified_locale    100385f8 f   LIBCMT:getqloc.obj
 0001:00037e68       ___get_qualified_locale_downlevel 10038e68 f   LIBCMT:getqloc_downlevel.obj
 0001:00038084       ___mtold12                 10039084 f   LIBCMT:mantold.obj
 0001:00038264       __chsize                   10039264 f   LIBCMT:chsize.obj
 0001:0003827e       __chsize_nolock            1003927e f   LIBCMT:chsize.obj
 0001:00038434       __chsize_s                 10039434 f   LIBCMT:chsize.obj
 0001:00038522       __get_fmode                10039522 f   LIBCMT:setmode.obj
 0001:0003854c       __set_fmode                1003954c f   LIBCMT:setmode.obj
 0001:00038587       __setmode                  10039587 f   LIBCMT:setmode.obj
 0001:0003868c       __setmode_nolock           1003968c f   LIBCMT:setmode.obj
 0001:00038760       ___ascii_strnicmp          10039760 f   LIBCMT:_strnicm.obj
 0001:000387c1       __flswbuf                  100397c1 f   LIBCMT:_flswbuf.obj
 0001:00038923       __wchartodigit             10039923 f   LIBCMT:wchtodig.obj
 0001:00038ac2       __wtoi                     10039ac2 f   LIBCMT:wtox.obj
 0001:00038acb       __wtoi64                   10039acb f   LIBCMT:wtox.obj
 0001:00038adf       __wtoi64_l                 10039adf f   LIBCMT:wtox.obj
 0001:00038af6       __wtoi_l                   10039af6 f   LIBCMT:wtox.obj
 0001:00038aff       __wtol                     10039aff f   LIBCMT:wtox.obj
 0001:00038b13       __wtol_l                   10039b13 f   LIBCMT:wtox.obj
 0001:00038b2a       __wtoll                    10039b2a f   LIBCMT:wtox.obj
 0001:00038b3e       __wtoll_l                  10039b3e f   LIBCMT:wtox.obj
 0001:00038b55       _wcschr                    10039b55 f   LIBCMT:wcschr.obj
 0001:00038c03       __wcsicmp                  10039c03 f   LIBCMT:wcsicmp.obj
 0001:00038c96       __wcsicmp_l                10039c96 f   LIBCMT:wcsicmp.obj
 0001:00038d71       __wcsnicmp                 10039d71 f   LIBCMT:wcsnicmp.obj
 0001:00038e27       __wcsnicmp_l               10039e27 f   LIBCMT:wcsnicmp.obj
 0001:000391f0       __wcstof_l                 1003a1f0 f   LIBCMT:wcstoq.obj
 0001:000392a3       __wcstoi64                 1003a2a3 f   LIBCMT:wcstoq.obj
 0001:000392cd       __wcstoi64_l               1003a2cd f   LIBCMT:wcstoq.obj
 0001:000392e8       __wcstoimax_l              1003a2e8 f   LIBCMT:wcstoq.obj
 0001:000392f1       __wcstold_l                1003a2f1 f   LIBCMT:wcstoq.obj
 0001:000392fa       __wcstoll_l                1003a2fa f   LIBCMT:wcstoq.obj
 0001:00039303       __wcstoui64                1003a303 f   LIBCMT:wcstoq.obj
 0001:0003932d       __wcstoui64_l              1003a32d f   LIBCMT:wcstoq.obj
 0001:00039348       __wcstoull_l               1003a348 f   LIBCMT:wcstoq.obj
 0001:00039351       __wcstoumax_l              1003a351 f   LIBCMT:wcstoq.obj
 0001:0003935a       _wcstof                    1003a35a f   LIBCMT:wcstoq.obj
 0001:0003936f       _wcstoimax                 1003a36f f   LIBCMT:wcstoq.obj
 0001:00039378       _wcstold                   1003a378 f   LIBCMT:wcstoq.obj
 0001:00039381       _wcstoll                   1003a381 f   LIBCMT:wcstoq.obj
 0001:0003938a       _wcstoull                  1003a38a f   LIBCMT:wcstoq.obj
 0001:00039393       _wcstoumax                 1003a393 f   LIBCMT:wcstoq.obj
 0001:0003939c       __towlower_l               1003a39c f   LIBCMT:towlower.obj
 0001:0003944d       _towlower                  1003a44d f   LIBCMT:towlower.obj
 0001:0003945e       __wcstod_l                 1003a45e f   LIBCMT:wcstod.obj
 0001:00039559       _wcstod                    1003a559 f   LIBCMT:wcstod.obj
 0001:00039570       __allmul                   1003a570 f   LIBCMT:llmul.obj
 0001:000395a4       ___crtLCMapStringW         1003a5a4 f   LIBCMT:w_map.obj
 0001:000395d3       __wfltin2                  1003a5d3 f   LIBCMT:wcfin.obj
 0001:00039680       ___WSTRINGTOLD_L           1003a680 f   LIBCMT:wstrgtold.obj
 0001:000396db       ___wstrgtold12_l           1003a6db f   LIBCMT:wstrgtold.obj
 0001:00039f2c       _GetModuleHandleA@4        1003af2c f   kernel32:KERNEL32.dll
 0001:00039f32       _GetProcAddress@8          1003af32 f   kernel32:KERNEL32.dll
 0001:00039f38       _HeapAlloc@12              1003af38 f   kernel32:KERNEL32.dll
 0001:00039f3e       _IsDebuggerPresent@0       1003af3e f   kernel32:KERNEL32.dll
 0001:00039f44       _IsProcessorFeaturePresent@4 1003af44 f   kernel32:KERNEL32.dll
 0001:00039f4a       _EncodePointer@4           1003af4a f   kernel32:KERNEL32.dll
 0001:00039f50       _DecodePointer@4           1003af50 f   kernel32:KERNEL32.dll
 0001:00039f56       _GetLastError@0            1003af56 f   kernel32:KERNEL32.dll
 0001:00039f5c       _ExitProcess@4             1003af5c f   kernel32:KERNEL32.dll
 0001:00039f62       _GetModuleHandleExW@12     1003af62 f   kernel32:KERNEL32.dll
 0001:00039f68       _AreFileApisANSI@0         1003af68 f   kernel32:KERNEL32.dll
 0001:00039f6e       _MultiByteToWideChar@24    1003af6e f   kernel32:KERNEL32.dll
 0001:00039f74       _WideCharToMultiByte@32    1003af74 f   kernel32:KERNEL32.dll
 0001:00039f7a       _HeapFree@12               1003af7a f   kernel32:KERNEL32.dll
 0001:00039f80       _HeapReAlloc@16            1003af80 f   kernel32:KERNEL32.dll
 0001:00039f86       _EnterCriticalSection@4    1003af86 f   kernel32:KERNEL32.dll
 0001:00039f8c       _LeaveCriticalSection@4    1003af8c f   kernel32:KERNEL32.dll
 0001:00039f92       _GetStdHandle@4            1003af92 f   kernel32:KERNEL32.dll
 0001:00039f98       _GetFileType@4             1003af98 f   kernel32:KERNEL32.dll
 0001:00039f9e       _GetModuleFileNameW@12     1003af9e f   kernel32:KERNEL32.dll
 0001:00039fa4       _WriteConsoleW@20          1003afa4 f   kernel32:KERNEL32.dll
 0001:00039faa       _GetCommandLineA@0         1003afaa f   kernel32:KERNEL32.dll
 0001:00039fb0       _GetCurrentThreadId@0      1003afb0 f   kernel32:KERNEL32.dll
 0001:00039fb6       _WriteFile@20              1003afb6 f   kernel32:KERNEL32.dll
 0001:00039fbc       _GetProcessHeap@0          1003afbc f   kernel32:KERNEL32.dll
 0001:00039fc2       _UnhandledExceptionFilter@4 1003afc2 f   kernel32:KERNEL32.dll
 0001:00039fc8       _SetUnhandledExceptionFilter@4 1003afc8 f   kernel32:KERNEL32.dll
 0001:00039fce       _SetLastError@4            1003afce f   kernel32:KERNEL32.dll
 0001:00039fd4       _InitializeCriticalSectionAndSpinCount@8 1003afd4 f   kernel32:KERNEL32.dll
 0001:00039fda       _CreateEventW@16           1003afda f   kernel32:KERNEL32.dll
 0001:00039fe0       _Sleep@4                   1003afe0 f   kernel32:KERNEL32.dll
 0001:00039fe6       _GetCurrentProcess@0       1003afe6 f   kernel32:KERNEL32.dll
 0001:00039fec       _TerminateProcess@8        1003afec f   kernel32:KERNEL32.dll
 0001:00039ff2       _TlsAlloc@0                1003aff2 f   kernel32:KERNEL32.dll
 0001:00039ff8       _TlsGetValue@4             1003aff8 f   kernel32:KERNEL32.dll
 0001:00039ffe       _TlsSetValue@8             1003affe f   kernel32:KERNEL32.dll
 0001:0003a004       _TlsFree@4                 1003b004 f   kernel32:KERNEL32.dll
 0001:0003a00a       _GetStartupInfoW@4         1003b00a f   kernel32:KERNEL32.dll
 0001:0003a010       _GetTickCount@0            1003b010 f   kernel32:KERNEL32.dll
 0001:0003a016       _GetModuleHandleW@4        1003b016 f   kernel32:KERNEL32.dll
 0001:0003a01c       _CreateSemaphoreW@16       1003b01c f   kernel32:KERNEL32.dll
 0001:0003a022       _DeleteCriticalSection@4   1003b022 f   kernel32:KERNEL32.dll
 0001:0003a028       _FatalAppExitA@8           1003b028 f   kernel32:KERNEL32.dll
 0001:0003a02e       _SetConsoleCtrlHandler@8   1003b02e f   kernel32:KERNEL32.dll
 0001:0003a034       _FreeLibrary@4             1003b034 f   kernel32:KERNEL32.dll
 0001:0003a03a       _LoadLibraryExW@12         1003b03a f   kernel32:KERNEL32.dll
 0001:0003a040       _IsValidCodePage@4         1003b040 f   kernel32:KERNEL32.dll
 0001:0003a046       _GetACP@0                  1003b046 f   kernel32:KERNEL32.dll
 0001:0003a04c       _GetOEMCP@0                1003b04c f   kernel32:KERNEL32.dll
 0001:0003a052       _GetCPInfo@8               1003b052 f   kernel32:KERNEL32.dll
 0001:0003a058       _CloseHandle@4             1003b058 f   kernel32:KERNEL32.dll
 0001:0003a05e       _RtlUnwind@16              1003b05e f   kernel32:KERNEL32.dll
 0001:0003a064       _ReadFile@20               1003b064 f   kernel32:KERNEL32.dll
 0001:0003a06a       _GetConsoleMode@8          1003b06a f   kernel32:KERNEL32.dll
 0001:0003a070       _ReadConsoleW@20           1003b070 f   kernel32:KERNEL32.dll
 0001:0003a076       _GetConsoleCP@0            1003b076 f   kernel32:KERNEL32.dll
 0001:0003a07c       _DeleteFileW@4             1003b07c f   kernel32:KERNEL32.dll
 0001:0003a082       _SetFilePointerEx@20       1003b082 f   kernel32:KERNEL32.dll
 0001:0003a088       _RaiseException@16         1003b088 f   kernel32:KERNEL32.dll
 0001:0003a08e       _OutputDebugStringW@4      1003b08e f   kernel32:KERNEL32.dll
 0001:0003a094       _GetCurrentThread@0        1003b094 f   kernel32:KERNEL32.dll
 0001:0003a09a       _GetModuleFileNameA@12     1003b09a f   kernel32:KERNEL32.dll
 0001:0003a0a0       _QueryPerformanceCounter@4 1003b0a0 f   kernel32:KERNEL32.dll
 0001:0003a0a6       _GetCurrentProcessId@0     1003b0a6 f   kernel32:KERNEL32.dll
 0001:0003a0ac       _GetSystemTimeAsFileTime@4 1003b0ac f   kernel32:KERNEL32.dll
 0001:0003a0b2       _GetEnvironmentStringsW@0  1003b0b2 f   kernel32:KERNEL32.dll
 0001:0003a0b8       _FreeEnvironmentStringsW@4 1003b0b8 f   kernel32:KERNEL32.dll
 0001:0003a0be       _HeapSize@12               1003b0be f   kernel32:KERNEL32.dll
 0001:0003a0c4       _GetDateFormatW@24         1003b0c4 f   kernel32:KERNEL32.dll
 0001:0003a0ca       _GetTimeFormatW@24         1003b0ca f   kernel32:KERNEL32.dll
 0001:0003a0d0       _CompareStringW@24         1003b0d0 f   kernel32:KERNEL32.dll
 0001:0003a0d6       _LCMapStringW@24           1003b0d6 f   kernel32:KERNEL32.dll
 0001:0003a0dc       _GetLocaleInfoW@16         1003b0dc f   kernel32:KERNEL32.dll
 0001:0003a0e2       _IsValidLocale@8           1003b0e2 f   kernel32:KERNEL32.dll
 0001:0003a0e8       _GetUserDefaultLCID@0      1003b0e8 f   kernel32:KERNEL32.dll
 0001:0003a0ee       _EnumSystemLocalesW@8      1003b0ee f   kernel32:KERNEL32.dll
 0001:0003a0f4       _GetStringTypeW@16         1003b0f4 f   kernel32:KERNEL32.dll
 0001:0003a0fa       _FlushFileBuffers@4        1003b0fa f   kernel32:KERNEL32.dll
 0001:0003a100       _SetStdHandle@8            1003b100 f   kernel32:KERNEL32.dll
 0001:0003a106       _CreateFileW@28            1003b106 f   kernel32:KERNEL32.dll
 0001:0003a10c       _SetEndOfFile@4            1003b10c f   kernel32:KERNEL32.dll
 0002:00000000       ___xc_a                    10046000     LIBCMT:crt0init.obj
 0002:00000104       ___xc_z                    10046104     LIBCMT:crt0init.obj
 0002:00000208       ___xi_a                    10046208     LIBCMT:crt0init.obj
 0002:00000424       ___xi_z                    10046424     LIBCMT:crt0init.obj
 0002:00000528       ___xp_a                    10046528     LIBCMT:crt0init.obj
 0002:0000083c       ___xp_z                    1004683c     LIBCMT:crt0init.obj
 0002:00000940       ___xt_a                    10046940     LIBCMT:crt0init.obj
 0002:00000a44       ___xt_z                    10046a44     LIBCMT:crt0init.obj
 0002:00000b88       _Pump2Test0_1_M            10046b88     Pump2Test0_1.obj
 0002:00000b90       __real@0000000000000000    10046b90     Pump2Test0_1.obj
 0002:00000ba0       __real@3f847ae147ae147b    10046ba0     Pump2Test0_1.obj
 0002:00000bb0       __real@3fb999999999999a    10046bb0     Pump2Test0_1.obj
 0002:00000bc0       __real@3fe999999999999a    10046bc0     Pump2Test0_1.obj
 0002:00000bd0       __real@3ff0000000000000    10046bd0     Pump2Test0_1.obj
 0002:00000be0       __real@4008000000000000    10046be0     Pump2Test0_1.obj
 0002:00000bf0       __real@4059000000000000    10046bf0     Pump2Test0_1.obj
 0002:00000c00       __real@409f400000000000    10046c00     Pump2Test0_1.obj
 0002:00000c10       __real@40d3880000000000    10046c10     Pump2Test0_1.obj
 0002:00000c20       __real@41f0000000000000    10046c20     Pump2Test0_1.obj
 0002:00000c30       __xmm@41f00000000000000000000000000000 10046c30     Pump2Test0_1.obj
 0002:000010e0       _Pump2Test0_1_ConstB       100470e0     Pump2Test0_1_data.obj
 0002:000010e8       _Pump2Test0_1_ConstP       100470e8     Pump2Test0_1_data.obj
 0002:0000166c       __real@00000000            1004766c     rtGetNaN.obj
 0002:00001ed0       __real@41dfffffffc00000    10047ed0     rt_logging.obj
 0002:00001ee0       __real@41efffffffe00000    10047ee0     rt_logging.obj
 0002:00001ef0       __real@bfbf9add3afd2773    10047ef0     rt_logging.obj
 0002:00001f00       __real@bff0000000000000    10047f00     rt_logging.obj
 0002:00001f10       __real@c000000000000000    10047f10     rt_logging.obj
 0002:00001f38       __real@3cb0000000000000    10047f38     rt_matrx.obj
 0002:00001f48       __real@3fe0000000000000    10047f48     rt_matrx.obj
 0002:00001f54       _serialfifoground          10047f54     xpc_datatype_ground.obj
 0002:00001f60       _bcmsg1553ground           10047f60     xpc_datatype_ground.obj
 0002:00001f70       _bcstatground              10047f70     xpc_datatype_ground.obj
 0002:00001f88       _bmmsg1553ground           10047f88     xpc_datatype_ground.obj
 0002:00001fa8       _ptsetfilename             10047fa8     xpctarget.obj
 0002:00001fac       _xmlfile                   10047fac     xpctarget.obj
 0002:00001fb8       _Pump2Test0_1_BIOMAP       10047fb8     appmappingData.obj
 0002:00002114       _Pump2Test0_1_SPTMAP       10048114     appmappingData.obj
 0002:00002118       _Pump2Test0_1_LBLMAP       10048118     appmappingData.obj
 0002:00002274       _Pump2Test0_1_dtmap        10048274     appmappingData.obj
 0002:00002280       _Pump2Test0_1_SIDMAP       10048280     appmappingData.obj
 0002:000023e0       _Pump2Test0_1_SBIO         100483e0     appmappingData.obj
 0002:00002458       _Pump2Test0_1_SLBL         10048458     appmappingData.obj
 0002:000024cc       _Pump2Test0_1_PTIDSMAP     100484cc     appmappingData.obj
 0002:000024d4       _Pump2Test0_1_PTNAMESMAP   100484d4     appmappingData.obj
 0002:000024e0       _appInfo                   100484e0     appmappingData.obj
[...]
 0003:000070d0       __commode                  100570d0     LIBCMT:ncommode.obj
 0003:000070d4       ___lconv_static_null       100570d4     LIBCMT:lconv.obj
 0003:000070d8       ___lconv_static_W_null     100570d8     LIBCMT:lconv.obj
 0003:000070dc       ___locale_changed          100570dc     LIBCMT:wsetloca.obj
 0003:000070e0       __fmode                    100570e0     LIBCMT:txtmode.obj
 0003:00007100       _CANAC2_2_receiveindex_mb3 10057100     <common>
 0003:0000a1d4       _CANAC2_2_receivemaxindex_mb3 1005a1d4     <common>
 0003:0000a1e0       _CANAC2_2_sendindex_mb3    1005a1e0     <common>
 0003:0000a500       _CANAC2_2_sendmaxindex_mb3 1005a500     <common>
 0003:0000a520       _CANAC2_1_receiveindex_mb3 1005a520     <common>
 0003:0000a840       _CANAC2_1_receivemaxindex_mb3 1005a840     <common>
 0003:0000a860       _CANAC2_1_sendindex_mb3    1005a860     <common>
 0003:0000ab80       _CANAC2_1_sendmaxindex_mb3 1005ab80     <common>
 0003:0000aba0       _CANAC2_2_receive_mb3      1005aba0     <common>
 0003:0000aec0       _CANAC2_2_send_mb3         1005aec0     <common>
 0003:0000b1e0       _CANAC2_1_receive_mb3      1005b1e0     <common>
 0003:0000b500       _CANAC2_1_send_mb3         1005b500     <common>
 0003:0000b820       _CANAC2_2_receiveindex_mb2 1005b820     <common>
 0003:0000bb40       _CANAC2_2_receivemaxindex_mb2 1005bb40     <common>
 0003:0000bb60       _CANAC2_2_sendindex_mb2    1005bb60     <common>
 0003:0000be80       _CANAC2_2_sendmaxindex_mb2 1005be80     <common>
 0003:0000bea0       _CANAC2_1_receiveindex_mb2 1005bea0     <common>
 0003:0000c1c0       _CANAC2_1_receivemaxindex_mb2 1005c1c0     <common>
 0003:0000c1e0       _CANAC2_1_sendindex_mb2    1005c1e0     <common>
 0003:0000c500       _CANAC2_1_sendmaxindex_mb2 1005c500     <common>
 0003:0000c520       _CANAC2_2_receive_mb2      1005c520     <common>
 0003:0000c840       _CANAC2_2_send_mb2         1005c840     <common>
 0003:0000cb60       _CANAC2_1_receive_mb2      1005cb60     <common>
 0003:0000ce80       _CANAC2_1_send_mb2         1005ce80     <common>
 0003:0000d1a0       _CANAC2_2_receiveindex_mb1 1005d1a0     <common>
 0003:0000d4c0       _CANAC2_2_receivemaxindex_mb1 1005d4c0     <common>
 0003:0000d4e0       _CANAC2_2_sendindex_mb1    1005d4e0     <common>
 0003:0000d800       _CANAC2_2_sendmaxindex_mb1 1005d800     <common>
 0003:0000d820       _CANAC2_1_receiveindex_mb1 1005d820     <common>
 0003:0000db40       _CANAC2_1_receivemaxindex_mb1 1005db40     <common>
 0003:0000db60       _CANAC2_1_sendindex_mb1    1005db60     <common>
 0003:0000de80       _CANAC2_1_sendmaxindex_mb1 1005de80     <common>
 0003:0000dea0       _CANAC2_2_receive_mb1      1005dea0     <common>
 0003:0000e1c0       _CANAC2_2_send_mb1         1005e1c0     <common>
 0003:0000e4e0       _CANAC2_1_receive_mb1      1005e4e0     <common>
 0003:0000e800       _CANAC2_1_send_mb1         1005e800     <common>
 0003:0000eb20       _CANAC2_2_receiveindex     1005eb20     <common>
 0003:0000ee40       _CANAC2_2_receivemaxindex  1005ee40     <common>
 0003:0000ee60       _CANAC2_2_sendindex        1005ee60     <common>
 0003:0000f180       _CANAC2_2_sendmaxindex     1005f180     <common>
 0003:0000f1a0       _CANAC2_1_receiveindex     1005f1a0     <common>
 0003:0000f4c0       _CANAC2_1_receivemaxindex  1005f4c0     <common>
 0003:0000f4e0       _CANAC2_1_sendindex        1005f4e0     <common>
 0003:0000f800       _CANAC2_1_sendmaxindex     1005f800     <common>
 0003:0000f820       _CANAC2_2_receive          1005f820     <common>
 0003:0000fb40       _CANAC2_2_send             1005fb40     <common>
 0003:0000fe60       _CANAC2_1_receive          1005fe60     <common>
 0003:00010180       _CANAC2_1_send             10060180     <common>
 0003:000104a0       _siepowercan_can_object_buffer_port2 100604a0     <common>
 0003:000144c0       _siepowercan_can_object_buffer_port1 100644c0     <common>
 0003:000184c0       _rtNaNF                    100684c0     <common>
 0003:000184d4       _rtMinusInfF               100684d4     <common>
 0003:000184d8       _rtInfF                    100684d8     <common>
 0003:000184e0       _rtNaN                     100684e0     <common>
 0003:000184e8       _rtMinusInf                100684e8     <common>
 0003:000184f0       _rtInf                     100684f0     <common>
 0003:00018500       _Pump2Test0_1_M_           10068500     <common>
 0003:00019ac0       _Pump2Test0_1_DW           10069ac0     <common>
 0003:00019c80       _Pump2Test0_1_B            10069c80     <common>
 0003:00019d58       _ReadFrameBuffer           10069d58     <common>
 0003:00019db8       _StartVideo                10069db8     <common>
 0003:00019dbc       _GetVideoConfigs           10069dbc     <common>
 0003:00019dc0       _FindUsbVideoDevice        10069dc0     <common>
 0003:00019dc4       _xpceDeleteSemaphore       10069dc4     <common>
 0003:00019dc8       _xpceSignalSemaphore       10069dc8     <common>
 0003:00019dcc       _xpceWaitSemaphore         10069dcc     <common>
 0003:00019dd0       _xpceCreateSemaphore       10069dd0     <common>
 0003:00019dd4       _TBGiveSpinFast            10069dd4     <common>
 0003:00019dd8       _TBTakeSpinFast            10069dd8     <common>
 0003:00019ddc       _TBDeleteSpin              10069ddc     <common>
 0003:00019de0       _TBCreateSpin              10069de0     <common>
 0003:00019de4       _xpceScopeAcqOK            10069de4     <common>
 0003:00019de8       _rl32eRestartAcquisition   10069de8     <common>
 0003:00019dec       _rl32eSetTargetScopeSigFt  10069dec     <common>
 0003:00019df0       _rl32eSetTargetScope       10069df0     <common>
 0003:00019df4       _xpceFSScopeSet            10069df4     <common>
 0003:00019df8       _rl32eSetScope             10069df8     <common>
 0003:00019dfc       _rl32eAddSignal            10069dfc     <common>
 0003:00019e00       _rl32eGetSignalNo          10069e00     <common>
 0003:00019e04       _rl32eDefScope             10069e04     <common>
 0003:00019e08       _rl32eScopeExists          10069e08     <common>
 0003:00019e0c       _xpceGetParamDims          10069e0c     <common>
 0003:00019e10       _xpceGetParameter          10069e10     <common>
 0003:00019e14       _xpceSetParameter          10069e14     <common>
 0003:00019e18       _xpceGetSignalValue        10069e18     <common>
 0003:00019e1c       _xpceAssignPCIInterrupt    10069e1c     <common>
 0003:00019e20       _rl32eGetPCIInfoAtSlot     10069e20     <common>
 0003:00019e24       _rl32eGetPCIInfo           10069e24     <common>
 0003:00019e28       _rl32eShowPCIInfo          10069e28     <common>
 0003:00019e2c       _rl32eShowPCIDev           10069e2c     <common>
 0003:00019e30       _xpceGetTET                10069e30     <common>
 0003:00019e34       _xpceaddEvent              10069e34     <common>
 0003:00019e38       _xpceDeRegisterISR         10069e38     <common>
 0003:00019e3c       _xpceRegisterISR           10069e3c     <common>
 0003:00019e40       _xpcIsModelInit            10069e40     <common>
 0003:00019e44       _xpcGetElapsedTime         10069e44     <common>
 0003:00019e48       _xpcBusyWait               10069e48     <common>
 0003:00019e4c       _xpcFreePhysicalMemory     10069e4c     <common>
 0003:00019e50       _xpcAllocPhysicalMemory    10069e50     <common>
 0003:00019e54       _xpcReserveMemoryRegion    10069e54     <common>
 0003:00019e58       _xpcOutpB                  10069e58     <common>
 0003:00019e5c       _xpcOutpW                  10069e5c     <common>
 0003:00019e60       _xpcOutpDW                 10069e60     <common>
 0003:00019e64       _xpcInpB                   10069e64     <common>
 0003:00019e68       _xpcInpW                   10069e68     <common>
 0003:00019e6c       _xpcInpDW                  10069e6c     <common>
 0003:00019e70       _socket                    10069e70     <common>
 0003:00019e74       _inet_addr                 10069e74     <common>
 0003:00019e78       _sendto                    10069e78     <common>
 0003:00019e7c       _recvfrom                  10069e7c     <common>
 0003:00019e80       _listen                    10069e80     <common>
 0003:00019e84       _ioctlsocket               10069e84     <common>
 0003:00019e88       _connect                   10069e88     <common>
 0003:00019e8c       _closesocket               10069e8c     <common>
 0003:00019e90       _setsockopt                10069e90     <common>
 0003:00019e94       _bind                      10069e94     <common>
 0003:00019e98       _accept                    10069e98     <common>
 0003:00019e9c       _GetHostTarIPAdd           10069e9c     <common>
 0003:00019ea0       _GetDCUUsage               10069ea0     <common>
 0003:00019ea4       _DeleteRoute               10069ea4     <common>
 0003:00019ea8       _AddGatewayRoute           10069ea8     <common>
 0003:00019eac       _SetIP                     10069eac     <common>
 0003:00019eb0       _CloseInterface            10069eb0     <common>
 0003:00019eb4       _OpenInterface             10069eb4     <common>
 0003:00019eb8       _SetIPTASKPriority         10069eb8     <common>
 0003:00019ebc       _isUsedByRTIP              10069ebc     <common>
 0003:00019ec0       _getlasterror              10069ec0     <common>
 0003:00019ec4       _slrtfsGetFileStatus       10069ec4     <common>
 0003:00019ec8       _slrtfsOpenFileAsync       10069ec8     <common>
 0003:00019ecc       _slrtfsCloseFileAsync      10069ecc     <common>
 0003:00019ed0       _slrtfsGetFileErrorMessage 10069ed0     <common>
 0003:00019ed4       _slrtfsGetFileError        10069ed4     <common>
 0003:00019ed8       _slrtfsWriteToFile         10069ed8     <common>
 0003:00019edc       _slrtfsCloseFile           10069edc     <common>
 0003:00019ee0       _slrtfsOpenFile            10069ee0     <common>
 0003:00019ee4       _slrtGetSgCRBSpace         10069ee4     <common>
 0003:00019ee8       _slrtGetCRBScratchSpace    10069ee8     <common>
 0003:00019eec       _slrteSetupMSI             10069eec     <common>
 0003:00019ef0       _slTestRegAssessment       10069ef0     <common>
 0003:00019ef4       _slTestTerminate           10069ef4     <common>
 0003:00019ef8       _slTestEvalOnFail          10069ef8     <common>
 0003:00019efc       _slTestLogAssessments      10069efc     <common>
 0003:00019f00       _slTestInitialize          10069f00     <common>
 0003:00019f04       _unRegisterPTPTimeRead     10069f04     <common>
 0003:00019f08       _registerPTPTimeRead       10069f08     <common>
 0003:00019f0c       _slrteGetCurrentStepSize   10069f0c     <common>
 0003:00019f10       _slrteSetStepSizeDelta     10069f10     <common>
 0003:00019f14       _xpceGetIntTimerGranularityNS 10069f14     <common>
 0003:00019f18       _sendToAsyncQueueTgtAppSvc 10069f18     <common>
 0003:00019f1c       _terminateToAsyncQueueTgtAppSvc 10069f1c     <common>
 0003:00019f20       _startToAsyncQueueTgtAppSvc 10069f20     <common>
 0003:00019f24       _getStatusFlags            10069f24     <common>
 0003:00019f28       _getCommService            10069f28     <common>
 0003:00019f2c       _getMemoryService          10069f2c     <common>
 0003:00019f30       _StreamVideo               10069f30     <common>
 0003:00019f34       _StopVideoDisplay          10069f34     <common>
 0003:00019f38       _StartVideoDisplay         10069f38     <common>
 0003:00019f3c       _DestroyVideoDisplay       10069f3c     <common>
 0003:00019f40       _CreateVideoDisplay        10069f40     <common>
 0003:00019f44       _ConvertUImage             10069f44     <common>
 0003:00019f48       _StopVideo                 10069f48     <common>
 0003:00019f4c       ___unguarded_readlc_active 10069f4c     <common>
 0003:00019f5c       ___setlc_active            10069f5c     <common>
 0003:00019f60       ___use_sse2_mathfcns       10069f60     <common>
 0003:00019f6c       __pmatherr                 10069f6c     <common>
 0003:00019f78       __nhandle                  10069f78     <common>
 0003:00019fa0       _encodedKERNEL32Functions  10069fa0     <common>
 0003:0001a048       __debugger_hook_dummy      1006a048     <common>
 0003:0001a054       __pDestructExceptionObject 1006a054     <common>
 0003:0001a060       __acmdln                   1006a060     <common>
 0003:0001a080       __bufin                    1006a080     <common>
 0003:0001b3bc       ___piob                    1006b3bc     <common>
 0003:0001b3c0       __nstream                  1006b3c0     <common>
 0003:0001b3c4       ___dyn_tls_init_callback   1006b3c4     <common>
 0003:0001b3d4       ___onexitend               1006b3d4     <common>
 0003:0001b3d8       ___onexitbegin             1006b3d8     <common>
 0003:0001b3dc       ___mbctype_initialized     1006b3dc     <common>
 0003:0001b3e0       ___env_initialized         1006b3e0     <common>
 0004:00000000       __imp__GetModuleHandleA@4  1006c000     kernel32:KERNEL32.dll
 0004:00000004       __imp__GetProcAddress@8    1006c004     kernel32:KERNEL32.dll
 0004:00000008       __imp__HeapAlloc@12        1006c008     kernel32:KERNEL32.dll
 0004:0000000c       __imp__IsDebuggerPresent@0 1006c00c     kernel32:KERNEL32.dll
 0004:00000010       __imp__IsProcessorFeaturePresent@4 1006c010     kernel32:KERNEL32.dll
 0004:00000014       __imp__EncodePointer@4     1006c014     kernel32:KERNEL32.dll
 0004:00000018       __imp__DecodePointer@4     1006c018     kernel32:KERNEL32.dll
 0004:0000001c       __imp__GetLastError@0      1006c01c     kernel32:KERNEL32.dll
 0004:00000020       __imp__ExitProcess@4       1006c020     kernel32:KERNEL32.dll
 0004:00000024       __imp__GetModuleHandleExW@12 1006c024     kernel32:KERNEL32.dll
 0004:00000028       __imp__AreFileApisANSI@0   1006c028     kernel32:KERNEL32.dll
 0004:0000002c       __imp__MultiByteToWideChar@24 1006c02c     kernel32:KERNEL32.dll
 0004:00000030       __imp__WideCharToMultiByte@32 1006c030     kernel32:KERNEL32.dll
 0004:00000034       __imp__HeapFree@12         1006c034     kernel32:KERNEL32.dll
 0004:00000038       __imp__HeapReAlloc@16      1006c038     kernel32:KERNEL32.dll
 0004:0000003c       __imp__EnterCriticalSection@4 1006c03c     kernel32:KERNEL32.dll
 0004:00000040       __imp__LeaveCriticalSection@4 1006c040     kernel32:KERNEL32.dll
 0004:00000044       __imp__GetStdHandle@4      1006c044     kernel32:KERNEL32.dll
 0004:00000048       __imp__GetFileType@4       1006c048     kernel32:KERNEL32.dll
 0004:0000004c       __imp__GetModuleFileNameW@12 1006c04c     kernel32:KERNEL32.dll
 0004:00000050       __imp__WriteConsoleW@20    1006c050     kernel32:KERNEL32.dll
 0004:00000054       __imp__GetCommandLineA@0   1006c054     kernel32:KERNEL32.dll
 0004:00000058       __imp__GetCurrentThreadId@0 1006c058     kernel32:KERNEL32.dll
 0004:0000005c       __imp__WriteFile@20        1006c05c     kernel32:KERNEL32.dll
 0004:00000060       __imp__GetProcessHeap@0    1006c060     kernel32:KERNEL32.dll
 0004:00000064       __imp__UnhandledExceptionFilter@4 1006c064     kernel32:KERNEL32.dll
 0004:00000068       __imp__SetUnhandledExceptionFilter@4 1006c068     kernel32:KERNEL32.dll
 0004:0000006c       __imp__SetLastError@4      1006c06c     kernel32:KERNEL32.dll
 0004:00000070       __imp__InitializeCriticalSectionAndSpinCount@8 1006c070     kernel32:KERNEL32.dll
 0004:00000074       __imp__CreateEventW@16     1006c074     kernel32:KERNEL32.dll
 0004:00000078       __imp__Sleep@4             1006c078     kernel32:KERNEL32.dll
 0004:0000007c       __imp__GetCurrentProcess@0 1006c07c     kernel32:KERNEL32.dll
 0004:00000080       __imp__TerminateProcess@8  1006c080     kernel32:KERNEL32.dll
 0004:00000084       __imp__TlsAlloc@0          1006c084     kernel32:KERNEL32.dll
 0004:00000088       __imp__TlsGetValue@4       1006c088     kernel32:KERNEL32.dll
 0004:0000008c       __imp__TlsSetValue@8       1006c08c     kernel32:KERNEL32.dll
 0004:00000090       __imp__TlsFree@4           1006c090     kernel32:KERNEL32.dll
 0004:00000094       __imp__GetStartupInfoW@4   1006c094     kernel32:KERNEL32.dll
 0004:00000098       __imp__GetTickCount@0      1006c098     kernel32:KERNEL32.dll
 0004:0000009c       __imp__GetModuleHandleW@4  1006c09c     kernel32:KERNEL32.dll
 0004:000000a0       __imp__CreateSemaphoreW@16 1006c0a0     kernel32:KERNEL32.dll
 0004:000000a4       __imp__DeleteCriticalSection@4 1006c0a4     kernel32:KERNEL32.dll
 0004:000000a8       __imp__FatalAppExitA@8     1006c0a8     kernel32:KERNEL32.dll
 0004:000000ac       __imp__SetConsoleCtrlHandler@8 1006c0ac     kernel32:KERNEL32.dll
 0004:000000b0       __imp__FreeLibrary@4       1006c0b0     kernel32:KERNEL32.dll
 0004:000000b4       __imp__LoadLibraryExW@12   1006c0b4     kernel32:KERNEL32.dll
 0004:000000b8       __imp__IsValidCodePage@4   1006c0b8     kernel32:KERNEL32.dll
 0004:000000bc       __imp__GetACP@0            1006c0bc     kernel32:KERNEL32.dll
 0004:000000c0       __imp__GetOEMCP@0          1006c0c0     kernel32:KERNEL32.dll
 0004:000000c4       __imp__GetCPInfo@8         1006c0c4     kernel32:KERNEL32.dll
 0004:000000c8       __imp__CloseHandle@4       1006c0c8     kernel32:KERNEL32.dll
 0004:000000cc       __imp__RtlUnwind@16        1006c0cc     kernel32:KERNEL32.dll
 0004:000000d0       __imp__ReadFile@20         1006c0d0     kernel32:KERNEL32.dll
 0004:000000d4       __imp__GetConsoleMode@8    1006c0d4     kernel32:KERNEL32.dll
 0004:000000d8       __imp__ReadConsoleW@20     1006c0d8     kernel32:KERNEL32.dll
 0004:000000dc       __imp__GetConsoleCP@0      1006c0dc     kernel32:KERNEL32.dll
 0004:000000e0       __imp__DeleteFileW@4       1006c0e0     kernel32:KERNEL32.dll
 0004:000000e4       __imp__SetFilePointerEx@20 1006c0e4     kernel32:KERNEL32.dll
 0004:000000e8       __imp__RaiseException@16   1006c0e8     kernel32:KERNEL32.dll
 0004:000000ec       __imp__OutputDebugStringW@4 1006c0ec     kernel32:KERNEL32.dll
 0004:000000f0       __imp__GetCurrentThread@0  1006c0f0     kernel32:KERNEL32.dll
 0004:000000f4       __imp__GetModuleFileNameA@12 1006c0f4     kernel32:KERNEL32.dll
 0004:000000f8       __imp__QueryPerformanceCounter@4 1006c0f8     kernel32:KERNEL32.dll
 0004:000000fc       __imp__GetCurrentProcessId@0 1006c0fc     kernel32:KERNEL32.dll
 0004:00000100       __imp__GetSystemTimeAsFileTime@4 1006c100     kernel32:KERNEL32.dll
 0004:00000104       __imp__GetEnvironmentStringsW@0 1006c104     kernel32:KERNEL32.dll
 0004:00000108       __imp__FreeEnvironmentStringsW@4 1006c108     kernel32:KERNEL32.dll
 0004:0000010c       __imp__HeapSize@12         1006c10c     kernel32:KERNEL32.dll
 0004:00000110       __imp__GetDateFormatW@24   1006c110     kernel32:KERNEL32.dll
 0004:00000114       __imp__GetTimeFormatW@24   1006c114     kernel32:KERNEL32.dll
 0004:00000118       __imp__CompareStringW@24   1006c118     kernel32:KERNEL32.dll
 0004:0000011c       __imp__LCMapStringW@24     1006c11c     kernel32:KERNEL32.dll
 0004:00000120       __imp__GetLocaleInfoW@16   1006c120     kernel32:KERNEL32.dll
 0004:00000124       __imp__IsValidLocale@8     1006c124     kernel32:KERNEL32.dll
 0004:00000128       __imp__GetUserDefaultLCID@0 1006c128     kernel32:KERNEL32.dll
 0004:0000012c       __imp__EnumSystemLocalesW@8 1006c12c     kernel32:KERNEL32.dll
 0004:00000130       __imp__GetStringTypeW@16   1006c130     kernel32:KERNEL32.dll
 0004:00000134       __imp__FlushFileBuffers@4  1006c134     kernel32:KERNEL32.dll
 0004:00000138       __imp__SetStdHandle@8      1006c138     kernel32:KERNEL32.dll
 0004:0000013c       __imp__CreateFileW@28      1006c13c     kernel32:KERNEL32.dll
 0004:00000140       __imp__SetEndOfFile@4      1006c140     kernel32:KERNEL32.dll
 0004:00000144       \177KERNEL32_NULL_THUNK_DATA 1006c144     kernel32:KERNEL32.dll
 0004:000001b0       __IMPORT_DESCRIPTOR_KERNEL32 1006c1b0     kernel32:KERNEL32.dll
 0004:000001c4       __NULL_IMPORT_DESCRIPTOR   1006c1c4     kernel32:KERNEL32.dll
